19:22:36 **** Build of project tiimerzybo_bsp ****
make -k all 
"Running Make include in ps7_cortexa9_0/libsrc/coresightps_dcc_v1_5/src"
make -C ps7_cortexa9_0/libsrc/coresightps_dcc_v1_5/src -s include  "SHELL=CMD" "COMPILER=arm-none-eabi-gcc" "ARCHIVER=arm-none-eabi-ar" "COMPILER_FLAGS=  -O2 -c" "EXTRA_COMPILER_FLAGS=-mcpu=cortex-a9 -mfpu=vfpv3 -mfloat-abi=hard -nostartfiles -g -Wall -Wextra"
"Running Make include in ps7_cortexa9_0/libsrc/cpu_cortexa9_v2_7/src"
make -C ps7_cortexa9_0/libsrc/cpu_cortexa9_v2_7/src -s include  "SHELL=CMD" "COMPILER=arm-none-eabi-gcc" "ARCHIVER=arm-none-eabi-ar" "COMPILER_FLAGS=  -O2 -c" "EXTRA_COMPILER_FLAGS=-mcpu=cortex-a9 -mfpu=vfpv3 -mfloat-abi=hard -nostartfiles -g -Wall -Wextra"
"Running Make include in ps7_cortexa9_0/libsrc/ddrps_v1_0/src"
make -C ps7_cortexa9_0/libsrc/ddrps_v1_0/src -s include  "SHELL=CMD" "COMPILER=arm-none-eabi-gcc" "ARCHIVER=arm-none-eabi-ar" "COMPILER_FLAGS=  -O2 -c" "EXTRA_COMPILER_FLAGS=-mcpu=cortex-a9 -mfpu=vfpv3 -mfloat-abi=hard -nostartfiles -g -Wall -Wextra"
"Running Make include in ps7_cortexa9_0/libsrc/devcfg_v3_5/src"
make -C ps7_cortexa9_0/libsrc/devcfg_v3_5/src -s include  "SHELL=CMD" "COMPILER=arm-none-eabi-gcc" "ARCHIVER=arm-none-eabi-ar" "COMPILER_FLAGS=  -O2 -c" "EXTRA_COMPILER_FLAGS=-mcpu=cortex-a9 -mfpu=vfpv3 -mfloat-abi=hard -nostartfiles -g -Wall -Wextra"
"Running Make include in ps7_cortexa9_0/libsrc/dmaps_v2_4/src"
make -C ps7_cortexa9_0/libsrc/dmaps_v2_4/src -s include  "SHELL=CMD" "COMPILER=arm-none-eabi-gcc" "ARCHIVER=arm-none-eabi-ar" "COMPILER_FLAGS=  -O2 -c" "EXTRA_COMPILER_FLAGS=-mcpu=cortex-a9 -mfpu=vfpv3 -mfloat-abi=hard -nostartfiles -g -Wall -Wextra"
"Running Make include in ps7_cortexa9_0/libsrc/emacps_v3_9/src"
make -C ps7_cortexa9_0/libsrc/emacps_v3_9/src -s include  "SHELL=CMD" "COMPILER=arm-none-eabi-gcc" "ARCHIVER=arm-none-eabi-ar" "COMPILER_FLAGS=  -O2 -c" "EXTRA_COMPILER_FLAGS=-mcpu=cortex-a9 -mfpu=vfpv3 -mfloat-abi=hard -nostartfiles -g -Wall -Wextra"
"Running Make include in ps7_cortexa9_0/libsrc/gpiops_v3_5/src"
make -C ps7_cortexa9_0/libsrc/gpiops_v3_5/src -s include  "SHELL=CMD" "COMPILER=arm-none-eabi-gcc" "ARCHIVER=arm-none-eabi-ar" "COMPILER_FLAGS=  -O2 -c" "EXTRA_COMPILER_FLAGS=-mcpu=cortex-a9 -mfpu=vfpv3 -mfloat-abi=hard -nostartfiles -g -Wall -Wextra"
"Running Make include in ps7_cortexa9_0/libsrc/qspips_v3_6/src"
make -C ps7_cortexa9_0/libsrc/qspips_v3_6/src -s include  "SHELL=CMD" "COMPILER=arm-none-eabi-gcc" "ARCHIVER=arm-none-eabi-ar" "COMPILER_FLAGS=  -O2 -c" "EXTRA_COMPILER_FLAGS=-mcpu=cortex-a9 -mfpu=vfpv3 -mfloat-abi=hard -nostartfiles -g -Wall -Wextra"
"Running Make include in ps7_cortexa9_0/libsrc/scugic_v4_0/src"
make -C ps7_cortexa9_0/libsrc/scugic_v4_0/src -s include  "SHELL=CMD" "COMPILER=arm-none-eabi-gcc" "ARCHIVER=arm-none-eabi-ar" "COMPILER_FLAGS=  -O2 -c" "EXTRA_COMPILER_FLAGS=-mcpu=cortex-a9 -mfpu=vfpv3 -mfloat-abi=hard -nostartfiles -g -Wall -Wextra"
"Running Make include in ps7_cortexa9_0/libsrc/scutimer_v2_1/src"
make -C ps7_cortexa9_0/libsrc/scutimer_v2_1/src -s include  "SHELL=CMD" "COMPILER=arm-none-eabi-gcc" "ARCHIVER=arm-none-eabi-ar" "COMPILER_FLAGS=  -O2 -c" "EXTRA_COMPILER_FLAGS=-mcpu=cortex-a9 -mfpu=vfpv3 -mfloat-abi=hard -nostartfiles -g -Wall -Wextra"
"Running Make include in ps7_cortexa9_0/libsrc/scuwdt_v2_1/src"
make -C ps7_cortexa9_0/libsrc/scuwdt_v2_1/src -s include  "SHELL=CMD" "COMPILER=arm-none-eabi-gcc" "ARCHIVER=arm-none-eabi-ar" "COMPILER_FLAGS=  -O2 -c" "EXTRA_COMPILER_FLAGS=-mcpu=cortex-a9 -mfpu=vfpv3 -mfloat-abi=hard -nostartfiles -g -Wall -Wextra"
"Running Make include in ps7_cortexa9_0/libsrc/sdps_v3_7/src"
make -C ps7_cortexa9_0/libsrc/sdps_v3_7/src -s include  "SHELL=CMD" "COMPILER=arm-none-eabi-gcc" "ARCHIVER=arm-none-eabi-ar" "COMPILER_FLAGS=  -O2 -c" "EXTRA_COMPILER_FLAGS=-mcpu=cortex-a9 -mfpu=vfpv3 -mfloat-abi=hard -nostartfiles -g -Wall -Wextra"
"Running Make include in ps7_cortexa9_0/libsrc/standalone_v7_0/src"
make -C ps7_cortexa9_0/libsrc/standalone_v7_0/src -s include  "SHELL=CMD" "COMPILER=arm-none-eabi-gcc" "ARCHIVER=arm-none-eabi-ar" "COMPILER_FLAGS=  -O2 -c" "EXTRA_COMPILER_FLAGS=-mcpu=cortex-a9 -mfpu=vfpv3 -mfloat-abi=hard -nostartfiles -g -Wall -Wextra"
"Running Make include in ps7_cortexa9_0/libsrc/uartps_v3_7/src"
make -C ps7_cortexa9_0/libsrc/uartps_v3_7/src -s include  "SHELL=CMD" "COMPILER=arm-none-eabi-gcc" "ARCHIVER=arm-none-eabi-ar" "COMPILER_FLAGS=  -O2 -c" "EXTRA_COMPILER_FLAGS=-mcpu=cortex-a9 -mfpu=vfpv3 -mfloat-abi=hard -nostartfiles -g -Wall -Wextra"
"Running Make include in ps7_cortexa9_0/libsrc/usbps_v2_4/src"
make -C ps7_cortexa9_0/libsrc/usbps_v2_4/src -s include  "SHELL=CMD" "COMPILER=arm-none-eabi-gcc" "ARCHIVER=arm-none-eabi-ar" "COMPILER_FLAGS=  -O2 -c" "EXTRA_COMPILER_FLAGS=-mcpu=cortex-a9 -mfpu=vfpv3 -mfloat-abi=hard -nostartfiles -g -Wall -Wextra"
"Running Make include in ps7_cortexa9_0/libsrc/xadcps_v2_3/src"
make -C ps7_cortexa9_0/libsrc/xadcps_v2_3/src -s include  "SHELL=CMD" "COMPILER=arm-none-eabi-gcc" "ARCHIVER=arm-none-eabi-ar" "COMPILER_FLAGS=  -O2 -c" "EXTRA_COMPILER_FLAGS=-mcpu=cortex-a9 -mfpu=vfpv3 -mfloat-abi=hard -nostartfiles -g -Wall -Wextra"
"Running Make libs in ps7_cortexa9_0/libsrc/coresightps_dcc_v1_5/src"
make -C ps7_cortexa9_0/libsrc/coresightps_dcc_v1_5/src -s libs  "SHELL=CMD" "COMPILER=arm-none-eabi-gcc" "ARCHIVER=arm-none-eabi-ar" "COMPILER_FLAGS=  -O2 -c" "EXTRA_COMPILER_FLAGS=-mcpu=cortex-a9 -mfpu=vfpv3 -mfloat-abi=hard -nostartfiles -g -Wall -Wextra"
"Compiling coresightps_dcc"
arm-none-eabi-ar: creating ../../../lib/libxil.a
"Running Make libs in ps7_cortexa9_0/libsrc/cpu_cortexa9_v2_7/src"
make -C ps7_cortexa9_0/libsrc/cpu_cortexa9_v2_7/src -s libs  "SHELL=CMD" "COMPILER=arm-none-eabi-gcc" "ARCHIVER=arm-none-eabi-ar" "COMPILER_FLAGS=  -O2 -c" "EXTRA_COMPILER_FLAGS=-mcpu=cortex-a9 -mfpu=vfpv3 -mfloat-abi=hard -nostartfiles -g -Wall -Wextra"
"Compiling cpu_cortexa9"
"Running Make libs in ps7_cortexa9_0/libsrc/ddrps_v1_0/src"
make -C ps7_cortexa9_0/libsrc/ddrps_v1_0/src -s libs  "SHELL=CMD" "COMPILER=arm-none-eabi-gcc" "ARCHIVER=arm-none-eabi-ar" "COMPILER_FLAGS=  -O2 -c" "EXTRA_COMPILER_FLAGS=-mcpu=cortex-a9 -mfpu=vfpv3 -mfloat-abi=hard -nostartfiles -g -Wall -Wextra"
"Compiling ddrps"
"Running Make libs in ps7_cortexa9_0/libsrc/devcfg_v3_5/src"
make -C ps7_cortexa9_0/libsrc/devcfg_v3_5/src -s libs  "SHELL=CMD" "COMPILER=arm-none-eabi-gcc" "ARCHIVER=arm-none-eabi-ar" "COMPILER_FLAGS=  -O2 -c" "EXTRA_COMPILER_FLAGS=-mcpu=cortex-a9 -mfpu=vfpv3 -mfloat-abi=hard -nostartfiles -g -Wall -Wextra"
"Compiling devcfg"
"Running Make libs in ps7_cortexa9_0/libsrc/dmaps_v2_4/src"
make -C ps7_cortexa9_0/libsrc/dmaps_v2_4/src -s libs  "SHELL=CMD" "COMPILER=arm-none-eabi-gcc" "ARCHIVER=arm-none-eabi-ar" "COMPILER_FLAGS=  -O2 -c" "EXTRA_COMPILER_FLAGS=-mcpu=cortex-a9 -mfpu=vfpv3 -mfloat-abi=hard -nostartfiles -g -Wall -Wextra"
"Compiling dmaps"
"Running Make libs in ps7_cortexa9_0/libsrc/emacps_v3_9/src"
make -C ps7_cortexa9_0/libsrc/emacps_v3_9/src -s libs  "SHELL=CMD" "COMPILER=arm-none-eabi-gcc" "ARCHIVER=arm-none-eabi-ar" "COMPILER_FLAGS=  -O2 -c" "EXTRA_COMPILER_FLAGS=-mcpu=cortex-a9 -mfpu=vfpv3 -mfloat-abi=hard -nostartfiles -g -Wall -Wextra"
"Compiling emacps"
"Running Make libs in ps7_cortexa9_0/libsrc/gpiops_v3_5/src"
make -C ps7_cortexa9_0/libsrc/gpiops_v3_5/src -s libs  "SHELL=CMD" "COMPILER=arm-none-eabi-gcc" "ARCHIVER=arm-none-eabi-ar" "COMPILER_FLAGS=  -O2 -c" "EXTRA_COMPILER_FLAGS=-mcpu=cortex-a9 -mfpu=vfpv3 -mfloat-abi=hard -nostartfiles -g -Wall -Wextra"
"Compiling gpiops"
"Running Make libs in ps7_cortexa9_0/libsrc/qspips_v3_6/src"
make -C ps7_cortexa9_0/libsrc/qspips_v3_6/src -s libs  "SHELL=CMD" "COMPILER=arm-none-eabi-gcc" "ARCHIVER=arm-none-eabi-ar" "COMPILER_FLAGS=  -O2 -c" "EXTRA_COMPILER_FLAGS=-mcpu=cortex-a9 -mfpu=vfpv3 -mfloat-abi=hard -nostartfiles -g -Wall -Wextra"
"Compiling qspips"
"Running Make libs in ps7_cortexa9_0/libsrc/scugic_v4_0/src"
make -C ps7_cortexa9_0/libsrc/scugic_v4_0/src -s libs  "SHELL=CMD" "COMPILER=arm-none-eabi-gcc" "ARCHIVER=arm-none-eabi-ar" "COMPILER_FLAGS=  -O2 -c" "EXTRA_COMPILER_FLAGS=-mcpu=cortex-a9 -mfpu=vfpv3 -mfloat-abi=hard -nostartfiles -g -Wall -Wextra"
"Compiling scugic"
"Running Make libs in ps7_cortexa9_0/libsrc/scutimer_v2_1/src"
make -C ps7_cortexa9_0/libsrc/scutimer_v2_1/src -s libs  "SHELL=CMD" "COMPILER=arm-none-eabi-gcc" "ARCHIVER=arm-none-eabi-ar" "COMPILER_FLAGS=  -O2 -c" "EXTRA_COMPILER_FLAGS=-mcpu=cortex-a9 -mfpu=vfpv3 -mfloat-abi=hard -nostartfiles -g -Wall -Wextra"
"Compiling scutimer"
"Running Make libs in ps7_cortexa9_0/libsrc/scuwdt_v2_1/src"
make -C ps7_cortexa9_0/libsrc/scuwdt_v2_1/src -s libs  "SHELL=CMD" "COMPILER=arm-none-eabi-gcc" "ARCHIVER=arm-none-eabi-ar" "COMPILER_FLAGS=  -O2 -c" "EXTRA_COMPILER_FLAGS=-mcpu=cortex-a9 -mfpu=vfpv3 -mfloat-abi=hard -nostartfiles -g -Wall -Wextra"
"Compiling scuwdt"
"Running Make libs in ps7_cortexa9_0/libsrc/sdps_v3_7/src"
make -C ps7_cortexa9_0/libsrc/sdps_v3_7/src -s libs  "SHELL=CMD" "COMPILER=arm-none-eabi-gcc" "ARCHIVER=arm-none-eabi-ar" "COMPILER_FLAGS=  -O2 -c" "EXTRA_COMPILER_FLAGS=-mcpu=cortex-a9 -mfpu=vfpv3 -mfloat-abi=hard -nostartfiles -g -Wall -Wextra"
"Compiling sdps"
"Running Make libs in ps7_cortexa9_0/libsrc/standalone_v7_0/src"
make -C ps7_cortexa9_0/libsrc/standalone_v7_0/src -s libs  "SHELL=CMD" "COMPILER=arm-none-eabi-gcc" "ARCHIVER=arm-none-eabi-ar" "COMPILER_FLAGS=  -O2 -c" "EXTRA_COMPILER_FLAGS=-mcpu=cortex-a9 -mfpu=vfpv3 -mfloat-abi=hard -nostartfiles -g -Wall -Wextra"
"Compiling standalone"
In file included from usleep.c:56:
xtime_l.h:87:9: note: #pragma message: For the sleep routines, Global timer is being used
 #pragma message ("For the sleep routines, Global timer is being used")
         ^~~~~~~
In file included from xil_sleeptimer.c:51:
xtime_l.h:87:9: note: #pragma message: For the sleep routines, Global timer is being used
 #pragma message ("For the sleep routines, Global timer is being used")
         ^~~~~~~
In file included from xtime_l.c:49:
xtime_l.h:87:9: note: #pragma message: For the sleep routines, Global timer is being used
 #pragma message ("For the sleep routines, Global timer is being used")
         ^~~~~~~
In file included from sleep.c:53:
xtime_l.h:87:9: note: #pragma message: For the sleep routines, Global timer is being used
 #pragma message ("For the sleep routines, Global timer is being used")
         ^~~~~~~
"Running Make libs in ps7_cortexa9_0/libsrc/uartps_v3_7/src"
make -C ps7_cortexa9_0/libsrc/uartps_v3_7/src -s libs  "SHELL=CMD" "COMPILER=arm-none-eabi-gcc" "ARCHIVER=arm-none-eabi-ar" "COMPILER_FLAGS=  -O2 -c" "EXTRA_COMPILER_FLAGS=-mcpu=cortex-a9 -mfpu=vfpv3 -mfloat-abi=hard -nostartfiles -g -Wall -Wextra"
"Compiling uartps"
"Running Make libs in ps7_cortexa9_0/libsrc/usbps_v2_4/src"
make -C ps7_cortexa9_0/libsrc/usbps_v2_4/src -s libs  "SHELL=CMD" "COMPILER=arm-none-eabi-gcc" "ARCHIVER=arm-none-eabi-ar" "COMPILER_FLAGS=  -O2 -c" "EXTRA_COMPILER_FLAGS=-mcpu=cortex-a9 -mfpu=vfpv3 -mfloat-abi=hard -nostartfiles -g -Wall -Wextra"
"Compiling usbps"
"Running Make libs in ps7_cortexa9_0/libsrc/xadcps_v2_3/src"
make -C ps7_cortexa9_0/libsrc/xadcps_v2_3/src -s libs  "SHELL=CMD" "COMPILER=arm-none-eabi-gcc" "ARCHIVER=arm-none-eabi-ar" "COMPILER_FLAGS=  -O2 -c" "EXTRA_COMPILER_FLAGS=-mcpu=cortex-a9 -mfpu=vfpv3 -mfloat-abi=hard -nostartfiles -g -Wall -Wextra"
"Compiling xadcps"
'Finished building libraries'
19:22:56 **** Build of configuration Debug for project tiimerzybo ****
make pre-build main-build 
a9-linaro-pre-build-step
' '
'Building file: ../src/helloworld.c'
'Invoking: ARM v7 gcc compiler'
arm-none-eabi-gcc -Wall -O0 -g3 -c -fmessage-length=0 -MT"src/helloworld.o" -mcpu=cortex-a9 -mfpu=vfpv3 -mfloat-abi=hard -I../../tiimerzybo_bsp/ps7_cortexa9_0/include -MMD -MP -MF"src/helloworld.d" -MT"src/helloworld.o" -o "src/helloworld.o" "../src/helloworld.c"
../src/helloworld.c: In function 'main':
../src/helloworld.c:12:6: warning: variable 'Status' set but not used [-Wunused-but-set-variable]
  int Status;
      ^~~~~~
'Finished building: ../src/helloworld.c'
' '
'Building file: ../src/platform.c'
'Invoking: ARM v7 gcc compiler'
arm-none-eabi-gcc -Wall -O0 -g3 -c -fmessage-length=0 -MT"src/platform.o" -mcpu=cortex-a9 -mfpu=vfpv3 -mfloat-abi=hard -I../../tiimerzybo_bsp/ps7_cortexa9_0/include -MMD -MP -MF"src/platform.d" -MT"src/platform.o" -o "src/platform.o" "../src/platform.c"
'Finished building: ../src/platform.c'
' '
'Building target: tiimerzybo.elf'
'Invoking: ARM v7 gcc linker'
arm-none-eabi-gcc -mcpu=cortex-a9 -mfpu=vfpv3 -mfloat-abi=hard -Wl,-build-id=none -specs=Xilinx.spec -Wl,-T -Wl,../src/lscript.ld -L../../tiimerzybo_bsp/ps7_cortexa9_0/lib -o "tiimerzybo.elf"  ./src/helloworld.o ./src/platform.o   -Wl,--start-group,-lxil,-lgcc,-lc,--end-group
'Finished building target: tiimerzybo.elf'
' '
'Invoking: ARM v7 Print Size'
arm-none-eabi-size tiimerzybo.elf  |tee "tiimerzybo.elf.size"
   text	   data	    bss	    dec	    hex	filename
  57624	   2592	  23328	  83544	  14658	tiimerzybo.elf
'Finished building: tiimerzybo.elf.size'
' '
19:23:57 **** Incremental Build of configuration Debug for project tiimerzybo ****
make pre-build main-build 
a9-linaro-pre-build-step
' '
make: Nothing to be done for 'main-build'.
15:21:35 **** Incremental Build of configuration Debug for project tiimerzybo ****
make pre-build main-build 
a9-linaro-pre-build-step
' '
make: Nothing to be done for 'main-build'.
15:22:22 **** Incremental Build of configuration Debug for project tiimerzybo ****
make pre-build main-build 
a9-linaro-pre-build-step
' '
make: Nothing to be done for 'main-build'.
17:00:21 **** Auto Build of configuration Debug for project tiimerzybo ****
make pre-build main-build 
a9-linaro-pre-build-step
' '
'Building file: ../src/helloworld.c'
'Invoking: ARM v7 gcc compiler'
arm-none-eabi-gcc -Wall -O0 -g3 -c -fmessage-length=0 -MT"src/helloworld.o" -mcpu=cortex-a9 -mfpu=vfpv3 -mfloat-abi=hard -I../../tiimerzybo_bsp/ps7_cortexa9_0/include -MMD -MP -MF"src/helloworld.d" -MT"src/helloworld.o" -o "src/helloworld.o" "../src/helloworld.c"
../src/helloworld.c: In function 'main':
../src/helloworld.c:14:6: warning: variable 'Status' set but not used [-Wunused-but-set-variable]
  int Status;
      ^~~~~~
'Finished building: ../src/helloworld.c'
' '
'Building target: tiimerzybo.elf'
'Invoking: ARM v7 gcc linker'
arm-none-eabi-gcc -mcpu=cortex-a9 -mfpu=vfpv3 -mfloat-abi=hard -Wl,-build-id=none -specs=Xilinx.spec -Wl,-T -Wl,../src/lscript.ld -L../../tiimerzybo_bsp/ps7_cortexa9_0/lib -o "tiimerzybo.elf"  ./src/helloworld.o ./src/platform.o   -Wl,--start-group,-lxil,-lgcc,-lc,--end-group
'Finished building target: tiimerzybo.elf'
' '
'Invoking: ARM v7 Print Size'
arm-none-eabi-size tiimerzybo.elf  |tee "tiimerzybo.elf.size"
   text	   data	    bss	    dec	    hex	filename
  64504	   2592	  23328	  90424	  16138	tiimerzybo.elf
'Finished building: tiimerzybo.elf.size'
' '
17:06:07 **** Auto Build of configuration Debug for project tiimerzybo ****
make pre-build main-build 
a9-linaro-pre-build-step
' '
'Building file: ../src/helloworld.c'
'Invoking: ARM v7 gcc compiler'
arm-none-eabi-gcc -Wall -O0 -g3 -c -fmessage-length=0 -MT"src/helloworld.o" -mcpu=cortex-a9 -mfpu=vfpv3 -mfloat-abi=hard -I../../tiimerzybo_bsp/ps7_cortexa9_0/include -MMD -MP -MF"src/helloworld.d" -MT"src/helloworld.o" -o "src/helloworld.o" "../src/helloworld.c"
../src/helloworld.c: In function 'main':
../src/helloworld.c:14:6: warning: variable 'Status' set but not used [-Wunused-but-set-variable]
  int Status;
      ^~~~~~
'Finished building: ../src/helloworld.c'
' '
'Building target: tiimerzybo.elf'
'Invoking: ARM v7 gcc linker'
arm-none-eabi-gcc -mcpu=cortex-a9 -mfpu=vfpv3 -mfloat-abi=hard -Wl,-build-id=none -specs=Xilinx.spec -Wl,-T -Wl,../src/lscript.ld -L../../tiimerzybo_bsp/ps7_cortexa9_0/lib -o "tiimerzybo.elf"  ./src/helloworld.o ./src/platform.o   -Wl,--start-group,-lxil,-lgcc,-lc,--end-group
'Finished building target: tiimerzybo.elf'
' '
'Invoking: ARM v7 Print Size'
arm-none-eabi-size tiimerzybo.elf  |tee "tiimerzybo.elf.size"
   text	   data	    bss	    dec	    hex	filename
  64568	   2592	  23328	  90488	  16178	tiimerzybo.elf
'Finished building: tiimerzybo.elf.size'
' '
17:09:13 **** Auto Build of configuration Debug for project tiimerzybo ****
make pre-build main-build 
a9-linaro-pre-build-step
' '
'Building file: ../src/helloworld.c'
'Invoking: ARM v7 gcc compiler'
arm-none-eabi-gcc -Wall -O0 -g3 -c -fmessage-length=0 -MT"src/helloworld.o" -mcpu=cortex-a9 -mfpu=vfpv3 -mfloat-abi=hard -I../../tiimerzybo_bsp/ps7_cortexa9_0/include -MMD -MP -MF"src/helloworld.d" -MT"src/helloworld.o" -o "src/helloworld.o" "../src/helloworld.c"
../src/helloworld.c: In function 'main':
../src/helloworld.c:25:14: warning: assignment to 'XScuTimer_Config *' {aka 'struct <anonymous> *'} from incompatible pointer type 'XGpioPs_Config *' {aka 'struct <anonymous> *'} [-Wincompatible-pointer-types]
  Timer_Config=XGpioPs_LookupConfig(XPAR_PS7_GPIO_0_DEVICE_ID);
              ^
../src/helloworld.c:14:6: warning: variable 'Status' set but not used [-Wunused-but-set-variable]
  int Status;
      ^~~~~~
'Finished building: ../src/helloworld.c'
' '
'Building target: tiimerzybo.elf'
'Invoking: ARM v7 gcc linker'
arm-none-eabi-gcc -mcpu=cortex-a9 -mfpu=vfpv3 -mfloat-abi=hard -Wl,-build-id=none -specs=Xilinx.spec -Wl,-T -Wl,../src/lscript.ld -L../../tiimerzybo_bsp/ps7_cortexa9_0/lib -o "tiimerzybo.elf"  ./src/helloworld.o ./src/platform.o   -Wl,--start-group,-lxil,-lgcc,-lc,--end-group
'Finished building target: tiimerzybo.elf'
' '
'Invoking: ARM v7 Print Size'
arm-none-eabi-size tiimerzybo.elf  |tee "tiimerzybo.elf.size"
   text	   data	    bss	    dec	    hex	filename
  64568	   2600	  23328	  90496	  16180	tiimerzybo.elf
'Finished building: tiimerzybo.elf.size'
' '
17:09:35 **** Auto Build of configuration Debug for project tiimerzybo ****
make pre-build main-build 
a9-linaro-pre-build-step
' '
'Building file: ../src/helloworld.c'
'Invoking: ARM v7 gcc compiler'
arm-none-eabi-gcc -Wall -O0 -g3 -c -fmessage-length=0 -MT"src/helloworld.o" -mcpu=cortex-a9 -mfpu=vfpv3 -mfloat-abi=hard -I../../tiimerzybo_bsp/ps7_cortexa9_0/include -MMD -MP -MF"src/helloworld.d" -MT"src/helloworld.o" -o "src/helloworld.o" "../src/helloworld.c"
../src/helloworld.c: In function 'main':
../src/helloworld.c:25:15: error: incompatible types when assigning to type 'XGpioPs_Config' {aka 'struct <anonymous>'} from type 'XGpioPs_Config *' {aka 'struct <anonymous> *'}
  My_Led_Config=XGpioPs_LookupConfig(XPAR_PS7_GPIO_0_DEVICE_ID);
               ^
../src/helloworld.c:14:6: warning: variable 'Status' set but not used [-Wunused-but-set-variable]
  int Status;
      ^~~~~~
make: *** [src/subdir.mk:26: src/helloworld.o] Error 1
17:09:48 **** Auto Build of configuration Debug for project tiimerzybo ****
make pre-build main-build 
a9-linaro-pre-build-step
' '
'Building file: ../src/helloworld.c'
'Invoking: ARM v7 gcc compiler'
arm-none-eabi-gcc -Wall -O0 -g3 -c -fmessage-length=0 -MT"src/helloworld.o" -mcpu=cortex-a9 -mfpu=vfpv3 -mfloat-abi=hard -I../../tiimerzybo_bsp/ps7_cortexa9_0/include -MMD -MP -MF"src/helloworld.d" -MT"src/helloworld.o" -o "src/helloworld.o" "../src/helloworld.c"
../src/helloworld.c: In function 'main':
../src/helloworld.c:26:40: warning: passing argument 2 of 'XGpioPs_CfgInitialize' from incompatible pointer type [-Wincompatible-pointer-types]
  Status= XGpioPs_CfgInitialize(&my_Led,&My_Led_Config,Timer_Config->BaseAddr);
                                        ^~~~~~~~~~~~~~
In file included from ../src/helloworld.c:4:
../../tiimerzybo_bsp/ps7_cortexa9_0/include/xgpiops.h:224:71: note: expected 'const XGpioPs_Config *' {aka 'const struct <anonymous> *'} but argument is of type 'XGpioPs_Config **' {aka 'struct <anonymous> **'}
 s32 XGpioPs_CfgInitialize(XGpioPs *InstancePtr, const XGpioPs_Config *ConfigPtr,
                                                 ~~~~~~~~~~~~~~~~~~~~~~^~~~~~~~~
../src/helloworld.c:14:6: warning: variable 'Status' set but not used [-Wunused-but-set-variable]
  int Status;
      ^~~~~~
../src/helloworld.c:26:10: warning: 'Timer_Config' is used uninitialized in this function [-Wuninitialized]
  Status= XGpioPs_CfgInitialize(&my_Led,&My_Led_Config,Timer_Config->BaseAddr);
          ^~~~~~~~~~~~~~~~~~~~~~~~~~~~~~~~~~~~~~~~~~~~~~~~~~~~~~~~~~~~~~~~~~~~
'Finished building: ../src/helloworld.c'
' '
'Building target: tiimerzybo.elf'
'Invoking: ARM v7 gcc linker'
arm-none-eabi-gcc -mcpu=cortex-a9 -mfpu=vfpv3 -mfloat-abi=hard -Wl,-build-id=none -specs=Xilinx.spec -Wl,-T -Wl,../src/lscript.ld -L../../tiimerzybo_bsp/ps7_cortexa9_0/lib -o "tiimerzybo.elf"  ./src/helloworld.o ./src/platform.o   -Wl,--start-group,-lxil,-lgcc,-lc,--end-group
'Finished building target: tiimerzybo.elf'
' '
'Invoking: ARM v7 Print Size'
arm-none-eabi-size tiimerzybo.elf  |tee "tiimerzybo.elf.size"
   text	   data	    bss	    dec	    hex	filename
  64568	   2600	  23328	  90496	  16180	tiimerzybo.elf
'Finished building: tiimerzybo.elf.size'
' '
17:10:22 **** Auto Build of configuration Debug for project tiimerzybo ****
make pre-build main-build 
a9-linaro-pre-build-step
' '
'Building file: ../src/helloworld.c'
'Invoking: ARM v7 gcc compiler'
arm-none-eabi-gcc -Wall -O0 -g3 -c -fmessage-length=0 -MT"src/helloworld.o" -mcpu=cortex-a9 -mfpu=vfpv3 -mfloat-abi=hard -I../../tiimerzybo_bsp/ps7_cortexa9_0/include -MMD -MP -MF"src/helloworld.d" -MT"src/helloworld.o" -o "src/helloworld.o" "../src/helloworld.c"
../src/helloworld.c: In function 'main':
../src/helloworld.c:14:6: warning: variable 'Status' set but not used [-Wunused-but-set-variable]
  int Status;
      ^~~~~~
../src/helloworld.c:26:10: warning: 'Timer_Config' is used uninitialized in this function [-Wuninitialized]
  Status= XGpioPs_CfgInitialize(&my_Led,My_Led_Config,Timer_Config->BaseAddr);
          ^~~~~~~~~~~~~~~~~~~~~~~~~~~~~~~~~~~~~~~~~~~~~~~~~~~~~~~~~~~~~~~~~~~
'Finished building: ../src/helloworld.c'
' '
'Building target: tiimerzybo.elf'
'Invoking: ARM v7 gcc linker'
arm-none-eabi-gcc -mcpu=cortex-a9 -mfpu=vfpv3 -mfloat-abi=hard -Wl,-build-id=none -specs=Xilinx.spec -Wl,-T -Wl,../src/lscript.ld -L../../tiimerzybo_bsp/ps7_cortexa9_0/lib -o "tiimerzybo.elf"  ./src/helloworld.o ./src/platform.o   -Wl,--start-group,-lxil,-lgcc,-lc,--end-group
'Finished building target: tiimerzybo.elf'
' '
'Invoking: ARM v7 Print Size'
arm-none-eabi-size tiimerzybo.elf  |tee "tiimerzybo.elf.size"
   text	   data	    bss	    dec	    hex	filename
  64568	   2600	  23328	  90496	  16180	tiimerzybo.elf
'Finished building: tiimerzybo.elf.size'
' '
17:10:39 **** Auto Build of configuration Debug for project tiimerzybo ****
make pre-build main-build 
a9-linaro-pre-build-step
' '
'Building file: ../src/helloworld.c'
'Invoking: ARM v7 gcc compiler'
arm-none-eabi-gcc -Wall -O0 -g3 -c -fmessage-length=0 -MT"src/helloworld.o" -mcpu=cortex-a9 -mfpu=vfpv3 -mfloat-abi=hard -I../../tiimerzybo_bsp/ps7_cortexa9_0/include -MMD -MP -MF"src/helloworld.d" -MT"src/helloworld.o" -o "src/helloworld.o" "../src/helloworld.c"
../src/helloworld.c: In function 'main':
../src/helloworld.c:14:6: warning: variable 'Status' set but not used [-Wunused-but-set-variable]
  int Status;
      ^~~~~~
'Finished building: ../src/helloworld.c'
' '
'Building target: tiimerzybo.elf'
'Invoking: ARM v7 gcc linker'
arm-none-eabi-gcc -mcpu=cortex-a9 -mfpu=vfpv3 -mfloat-abi=hard -Wl,-build-id=none -specs=Xilinx.spec -Wl,-T -Wl,../src/lscript.ld -L../../tiimerzybo_bsp/ps7_cortexa9_0/lib -o "tiimerzybo.elf"  ./src/helloworld.o ./src/platform.o   -Wl,--start-group,-lxil,-lgcc,-lc,--end-group
'Finished building target: tiimerzybo.elf'
' '
'Invoking: ARM v7 Print Size'
arm-none-eabi-size tiimerzybo.elf  |tee "tiimerzybo.elf.size"
   text	   data	    bss	    dec	    hex	filename
  64568	   2600	  23328	  90496	  16180	tiimerzybo.elf
'Finished building: tiimerzybo.elf.size'
' '
17:14:29 **** Auto Build of configuration Debug for project tiimerzybo ****
make pre-build main-build 
a9-linaro-pre-build-step
' '
'Building file: ../src/helloworld.c'
'Invoking: ARM v7 gcc compiler'
arm-none-eabi-gcc -Wall -O0 -g3 -c -fmessage-length=0 -MT"src/helloworld.o" -mcpu=cortex-a9 -mfpu=vfpv3 -mfloat-abi=hard -I../../tiimerzybo_bsp/ps7_cortexa9_0/include -MMD -MP -MF"src/helloworld.d" -MT"src/helloworld.o" -o "src/helloworld.o" "../src/helloworld.c"
../src/helloworld.c: In function 'main':
../src/helloworld.c:26:40: error: incompatible type for argument 2 of 'XGpioPs_CfgInitialize'
  Status= XGpioPs_CfgInitialize(&my_Led,*My_Led_Config,My_Led_Config->BaseAddr);
                                        ^~~~~~~~~~~~~~
In file included from ../src/helloworld.c:4:
../../tiimerzybo_bsp/ps7_cortexa9_0/include/xgpiops.h:224:71: note: expected 'const XGpioPs_Config *' {aka 'const struct <anonymous> *'} but argument is of type 'XGpioPs_Config' {aka 'struct <anonymous>'}
 s32 XGpioPs_CfgInitialize(XGpioPs *InstancePtr, const XGpioPs_Config *ConfigPtr,
                                                 ~~~~~~~~~~~~~~~~~~~~~~^~~~~~~~~
../src/helloworld.c:14:6: warning: variable 'Status' set but not used [-Wunused-but-set-variable]
  int Status;
      ^~~~~~
make: *** [src/subdir.mk:26: src/helloworld.o] Error 1
17:14:44 **** Auto Build of configuration Debug for project tiimerzybo ****
make pre-build main-build 
a9-linaro-pre-build-step
' '
'Building file: ../src/helloworld.c'
'Invoking: ARM v7 gcc compiler'
arm-none-eabi-gcc -Wall -O0 -g3 -c -fmessage-length=0 -MT"src/helloworld.o" -mcpu=cortex-a9 -mfpu=vfpv3 -mfloat-abi=hard -I../../tiimerzybo_bsp/ps7_cortexa9_0/include -MMD -MP -MF"src/helloworld.d" -MT"src/helloworld.o" -o "src/helloworld.o" "../src/helloworld.c"
../src/helloworld.c: In function 'main':
../src/helloworld.c:26:40: warning: passing argument 2 of 'XGpioPs_CfgInitialize' from incompatible pointer type [-Wincompatible-pointer-types]
  Status= XGpioPs_CfgInitialize(&my_Led,&My_Led_Config,My_Led_Config->BaseAddr);
                                        ^~~~~~~~~~~~~~
In file included from ../src/helloworld.c:4:
../../tiimerzybo_bsp/ps7_cortexa9_0/include/xgpiops.h:224:71: note: expected 'const XGpioPs_Config *' {aka 'const struct <anonymous> *'} but argument is of type 'XGpioPs_Config **' {aka 'struct <anonymous> **'}
 s32 XGpioPs_CfgInitialize(XGpioPs *InstancePtr, const XGpioPs_Config *ConfigPtr,
                                                 ~~~~~~~~~~~~~~~~~~~~~~^~~~~~~~~
../src/helloworld.c:14:6: warning: variable 'Status' set but not used [-Wunused-but-set-variable]
  int Status;
      ^~~~~~
'Finished building: ../src/helloworld.c'
' '
'Building target: tiimerzybo.elf'
'Invoking: ARM v7 gcc linker'
arm-none-eabi-gcc -mcpu=cortex-a9 -mfpu=vfpv3 -mfloat-abi=hard -Wl,-build-id=none -specs=Xilinx.spec -Wl,-T -Wl,../src/lscript.ld -L../../tiimerzybo_bsp/ps7_cortexa9_0/lib -o "tiimerzybo.elf"  ./src/helloworld.o ./src/platform.o   -Wl,--start-group,-lxil,-lgcc,-lc,--end-group
'Finished building target: tiimerzybo.elf'
' '
'Invoking: ARM v7 Print Size'
arm-none-eabi-size tiimerzybo.elf  |tee "tiimerzybo.elf.size"
   text	   data	    bss	    dec	    hex	filename
  64568	   2600	  23328	  90496	  16180	tiimerzybo.elf
'Finished building: tiimerzybo.elf.size'
' '
17:15:11 **** Auto Build of configuration Debug for project tiimerzybo ****
make pre-build main-build 
a9-linaro-pre-build-step
' '
'Building file: ../src/helloworld.c'
'Invoking: ARM v7 gcc compiler'
arm-none-eabi-gcc -Wall -O0 -g3 -c -fmessage-length=0 -MT"src/helloworld.o" -mcpu=cortex-a9 -mfpu=vfpv3 -mfloat-abi=hard -I../../tiimerzybo_bsp/ps7_cortexa9_0/include -MMD -MP -MF"src/helloworld.d" -MT"src/helloworld.o" -o "src/helloworld.o" "../src/helloworld.c"
../src/helloworld.c: In function 'main':
../src/helloworld.c:14:6: warning: variable 'Status' set but not used [-Wunused-but-set-variable]
  int Status;
      ^~~~~~
'Finished building: ../src/helloworld.c'
' '
'Building target: tiimerzybo.elf'
'Invoking: ARM v7 gcc linker'
arm-none-eabi-gcc -mcpu=cortex-a9 -mfpu=vfpv3 -mfloat-abi=hard -Wl,-build-id=none -specs=Xilinx.spec -Wl,-T -Wl,../src/lscript.ld -L../../tiimerzybo_bsp/ps7_cortexa9_0/lib -o "tiimerzybo.elf"  ./src/helloworld.o ./src/platform.o   -Wl,--start-group,-lxil,-lgcc,-lc,--end-group
'Finished building target: tiimerzybo.elf'
' '
'Invoking: ARM v7 Print Size'
arm-none-eabi-size tiimerzybo.elf  |tee "tiimerzybo.elf.size"
   text	   data	    bss	    dec	    hex	filename
  64568	   2600	  23328	  90496	  16180	tiimerzybo.elf
'Finished building: tiimerzybo.elf.size'
' '
17:15:54 **** Auto Build of configuration Debug for project tiimerzybo ****
make pre-build main-build 
a9-linaro-pre-build-step
' '
'Building file: ../src/helloworld.c'
'Invoking: ARM v7 gcc compiler'
arm-none-eabi-gcc -Wall -O0 -g3 -c -fmessage-length=0 -MT"src/helloworld.o" -mcpu=cortex-a9 -mfpu=vfpv3 -mfloat-abi=hard -I../../tiimerzybo_bsp/ps7_cortexa9_0/include -MMD -MP -MF"src/helloworld.d" -MT"src/helloworld.o" -o "src/helloworld.o" "../src/helloworld.c"
../src/helloworld.c: In function 'main':
../src/helloworld.c:26:54: error: expected expression before 'const'
  Status= XGpioPs_CfgInitialize(&my_Led,My_Led_Config,const &My_Led_Config->BaseAddr);
                                                      ^~~~~
../src/helloworld.c:14:6: warning: variable 'Status' set but not used [-Wunused-but-set-variable]
  int Status;
      ^~~~~~
make: *** [src/subdir.mk:26: src/helloworld.o] Error 1
17:15:59 **** Auto Build of configuration Debug for project tiimerzybo ****
make pre-build main-build 
a9-linaro-pre-build-step
' '
'Building file: ../src/helloworld.c'
'Invoking: ARM v7 gcc compiler'
arm-none-eabi-gcc -Wall -O0 -g3 -c -fmessage-length=0 -MT"src/helloworld.o" -mcpu=cortex-a9 -mfpu=vfpv3 -mfloat-abi=hard -I../../tiimerzybo_bsp/ps7_cortexa9_0/include -MMD -MP -MF"src/helloworld.d" -MT"src/helloworld.o" -o "src/helloworld.o" "../src/helloworld.c"
../src/helloworld.c: In function 'main':
../src/helloworld.c:26:54: error: expected expression before 'const'
  Status= XGpioPs_CfgInitialize(&my_Led,My_Led_Config,const My_Led_Config->BaseAddr);
                                                      ^~~~~
../src/helloworld.c:14:6: warning: variable 'Status' set but not used [-Wunused-but-set-variable]
  int Status;
      ^~~~~~
make: *** [src/subdir.mk:26: src/helloworld.o] Error 1
17:16:03 **** Auto Build of configuration Debug for project tiimerzybo ****
make pre-build main-build 
a9-linaro-pre-build-step
' '
'Building file: ../src/helloworld.c'
'Invoking: ARM v7 gcc compiler'
arm-none-eabi-gcc -Wall -O0 -g3 -c -fmessage-length=0 -MT"src/helloworld.o" -mcpu=cortex-a9 -mfpu=vfpv3 -mfloat-abi=hard -I../../tiimerzybo_bsp/ps7_cortexa9_0/include -MMD -MP -MF"src/helloworld.d" -MT"src/helloworld.o" -o "src/helloworld.o" "../src/helloworld.c"
../src/helloworld.c: In function 'main':
../src/helloworld.c:14:6: warning: variable 'Status' set but not used [-Wunused-but-set-variable]
  int Status;
      ^~~~~~
'Finished building: ../src/helloworld.c'
' '
'Building target: tiimerzybo.elf'
'Invoking: ARM v7 gcc linker'
arm-none-eabi-gcc -mcpu=cortex-a9 -mfpu=vfpv3 -mfloat-abi=hard -Wl,-build-id=none -specs=Xilinx.spec -Wl,-T -Wl,../src/lscript.ld -L../../tiimerzybo_bsp/ps7_cortexa9_0/lib -o "tiimerzybo.elf"  ./src/helloworld.o ./src/platform.o   -Wl,--start-group,-lxil,-lgcc,-lc,--end-group
'Finished building target: tiimerzybo.elf'
' '
'Invoking: ARM v7 Print Size'
arm-none-eabi-size tiimerzybo.elf  |tee "tiimerzybo.elf.size"
   text	   data	    bss	    dec	    hex	filename
  64568	   2600	  23328	  90496	  16180	tiimerzybo.elf
'Finished building: tiimerzybo.elf.size'
' '
17:16:43 **** Auto Build of configuration Debug for project tiimerzybo ****
make pre-build main-build 
a9-linaro-pre-build-step
' '
'Building file: ../src/helloworld.c'
'Invoking: ARM v7 gcc compiler'
arm-none-eabi-gcc -Wall -O0 -g3 -c -fmessage-length=0 -MT"src/helloworld.o" -mcpu=cortex-a9 -mfpu=vfpv3 -mfloat-abi=hard -I../../tiimerzybo_bsp/ps7_cortexa9_0/include -MMD -MP -MF"src/helloworld.d" -MT"src/helloworld.o" -o "src/helloworld.o" "../src/helloworld.c"
../src/helloworld.c: In function 'main':
../src/helloworld.c:30:46: warning: passing argument 2 of 'XScuTimer_CfgInitialize' from incompatible pointer type [-Wincompatible-pointer-types]
  Status = XScuTimer_CfgInitialize(&my_Timer, &Timer_Config, Timer_Config->BaseAddr);
                                              ^~~~~~~~~~~~~
In file included from ../src/helloworld.c:3:
../../tiimerzybo_bsp/ps7_cortexa9_0/include/xscutimer.h:353:26: note: expected 'XScuTimer_Config *' {aka 'struct <anonymous> *'} but argument is of type 'XScuTimer_Config **' {aka 'struct <anonymous> **'}
        XScuTimer_Config *ConfigPtr, u32 EffectiveAddress);
        ~~~~~~~~~~~~~~~~~~^~~~~~~~~
../src/helloworld.c:14:6: warning: variable 'Status' set but not used [-Wunused-but-set-variable]
  int Status;
      ^~~~~~
'Finished building: ../src/helloworld.c'
' '
'Building target: tiimerzybo.elf'
'Invoking: ARM v7 gcc linker'
arm-none-eabi-gcc -mcpu=cortex-a9 -mfpu=vfpv3 -mfloat-abi=hard -Wl,-build-id=none -specs=Xilinx.spec -Wl,-T -Wl,../src/lscript.ld -L../../tiimerzybo_bsp/ps7_cortexa9_0/lib -o "tiimerzybo.elf"  ./src/helloworld.o ./src/platform.o   -Wl,--start-group,-lxil,-lgcc,-lc,--end-group
'Finished building target: tiimerzybo.elf'
' '
'Invoking: ARM v7 Print Size'
arm-none-eabi-size tiimerzybo.elf  |tee "tiimerzybo.elf.size"
   text	   data	    bss	    dec	    hex	filename
  64568	   2600	  23328	  90496	  16180	tiimerzybo.elf
'Finished building: tiimerzybo.elf.size'
' '
17:16:46 **** Auto Build of configuration Debug for project tiimerzybo ****
make pre-build main-build 
a9-linaro-pre-build-step
' '
'Building file: ../src/helloworld.c'
'Invoking: ARM v7 gcc compiler'
arm-none-eabi-gcc -Wall -O0 -g3 -c -fmessage-length=0 -MT"src/helloworld.o" -mcpu=cortex-a9 -mfpu=vfpv3 -mfloat-abi=hard -I../../tiimerzybo_bsp/ps7_cortexa9_0/include -MMD -MP -MF"src/helloworld.d" -MT"src/helloworld.o" -o "src/helloworld.o" "../src/helloworld.c"
../src/helloworld.c: In function 'main':
../src/helloworld.c:14:6: warning: variable 'Status' set but not used [-Wunused-but-set-variable]
  int Status;
      ^~~~~~
'Finished building: ../src/helloworld.c'
' '
'Building target: tiimerzybo.elf'
'Invoking: ARM v7 gcc linker'
arm-none-eabi-gcc -mcpu=cortex-a9 -mfpu=vfpv3 -mfloat-abi=hard -Wl,-build-id=none -specs=Xilinx.spec -Wl,-T -Wl,../src/lscript.ld -L../../tiimerzybo_bsp/ps7_cortexa9_0/lib -o "tiimerzybo.elf"  ./src/helloworld.o ./src/platform.o   -Wl,--start-group,-lxil,-lgcc,-lc,--end-group
'Finished building target: tiimerzybo.elf'
' '
'Invoking: ARM v7 Print Size'
arm-none-eabi-size tiimerzybo.elf  |tee "tiimerzybo.elf.size"
   text	   data	    bss	    dec	    hex	filename
  64568	   2600	  23328	  90496	  16180	tiimerzybo.elf
'Finished building: tiimerzybo.elf.size'
' '
17:17:17 **** Auto Build of configuration Debug for project tiimerzybo ****
make pre-build main-build 
a9-linaro-pre-build-step
' '
'Building file: ../src/helloworld.c'
'Invoking: ARM v7 gcc compiler'
arm-none-eabi-gcc -Wall -O0 -g3 -c -fmessage-length=0 -MT"src/helloworld.o" -mcpu=cortex-a9 -mfpu=vfpv3 -mfloat-abi=hard -I../../tiimerzybo_bsp/ps7_cortexa9_0/include -MMD -MP -MF"src/helloworld.d" -MT"src/helloworld.o" -o "src/helloworld.o" "../src/helloworld.c"
../src/helloworld.c: In function 'main':
../src/helloworld.c:26:32: error: incompatible type for argument 1 of 'XGpioPs_CfgInitialize'
  Status= XGpioPs_CfgInitialize(my_Led,My_Led_Config,My_Led_Config->BaseAddr);
                                ^~~~~~
In file included from ../src/helloworld.c:4:
../../tiimerzybo_bsp/ps7_cortexa9_0/include/xgpiops.h:224:36: note: expected 'XGpioPs *' {aka 'struct <anonymous> *'} but argument is of type 'XGpioPs' {aka 'struct <anonymous>'}
 s32 XGpioPs_CfgInitialize(XGpioPs *InstancePtr, const XGpioPs_Config *ConfigPtr,
                           ~~~~~~~~~^~~~~~~~~~~
../src/helloworld.c:14:6: warning: variable 'Status' set but not used [-Wunused-but-set-variable]
  int Status;
      ^~~~~~
make: *** [src/subdir.mk:26: src/helloworld.o] Error 1
17:17:25 **** Auto Build of configuration Debug for project tiimerzybo ****
make pre-build main-build 
a9-linaro-pre-build-step
' '
'Building file: ../src/helloworld.c'
'Invoking: ARM v7 gcc compiler'
arm-none-eabi-gcc -Wall -O0 -g3 -c -fmessage-length=0 -MT"src/helloworld.o" -mcpu=cortex-a9 -mfpu=vfpv3 -mfloat-abi=hard -I../../tiimerzybo_bsp/ps7_cortexa9_0/include -MMD -MP -MF"src/helloworld.d" -MT"src/helloworld.o" -o "src/helloworld.o" "../src/helloworld.c"
../src/helloworld.c: In function 'main':
../src/helloworld.c:14:6: warning: variable 'Status' set but not used [-Wunused-but-set-variable]
  int Status;
      ^~~~~~
'Finished building: ../src/helloworld.c'
' '
'Building target: tiimerzybo.elf'
'Invoking: ARM v7 gcc linker'
arm-none-eabi-gcc -mcpu=cortex-a9 -mfpu=vfpv3 -mfloat-abi=hard -Wl,-build-id=none -specs=Xilinx.spec -Wl,-T -Wl,../src/lscript.ld -L../../tiimerzybo_bsp/ps7_cortexa9_0/lib -o "tiimerzybo.elf"  ./src/helloworld.o ./src/platform.o   -Wl,--start-group,-lxil,-lgcc,-lc,--end-group
'Finished building target: tiimerzybo.elf'
' '
'Invoking: ARM v7 Print Size'
arm-none-eabi-size tiimerzybo.elf  |tee "tiimerzybo.elf.size"
   text	   data	    bss	    dec	    hex	filename
  64568	   2600	  23328	  90496	  16180	tiimerzybo.elf
'Finished building: tiimerzybo.elf.size'
' '
17:29:32 **** Auto Build of configuration Debug for project tiimerzybo ****
make pre-build main-build 
a9-linaro-pre-build-step
' '
'Building file: ../src/helloworld.c'
'Invoking: ARM v7 gcc compiler'
arm-none-eabi-gcc -Wall -O0 -g3 -c -fmessage-length=0 -MT"src/helloworld.o" -mcpu=cortex-a9 -mfpu=vfpv3 -mfloat-abi=hard -I../../tiimerzybo_bsp/ps7_cortexa9_0/include -MMD -MP -MF"src/helloworld.d" -MT"src/helloworld.o" -o "src/helloworld.o" "../src/helloworld.c"
../src/helloworld.c: In function 'main':
../src/helloworld.c:25:15: error: incompatible types when assigning to type 'XGpioPs_Config' {aka 'struct <anonymous>'} from type 'XGpioPs_Config *' {aka 'struct <anonymous> *'}
  My_Led_Config=XGpioPs_LookupConfig(XPAR_PS7_GPIO_0_DEVICE_ID);
               ^
../src/helloworld.c:26:67: error: invalid type argument of '->' (have 'XGpioPs_Config' {aka 'struct <anonymous>'})
  Status= XGpioPs_CfgInitialize(&my_Led,My_Led_Config,My_Led_Config->BaseAddr);
                                                                   ^~
../src/helloworld.c:26:40: error: incompatible type for argument 2 of 'XGpioPs_CfgInitialize'
  Status= XGpioPs_CfgInitialize(&my_Led,My_Led_Config,My_Led_Config->BaseAddr);
                                        ^~~~~~~~~~~~~
In file included from ../src/helloworld.c:4:
../../tiimerzybo_bsp/ps7_cortexa9_0/include/xgpiops.h:224:71: note: expected 'const XGpioPs_Config *' {aka 'const struct <anonymous> *'} but argument is of type 'XGpioPs_Config' {aka 'struct <anonymous>'}
 s32 XGpioPs_CfgInitialize(XGpioPs *InstancePtr, const XGpioPs_Config *ConfigPtr,
                                                 ~~~~~~~~~~~~~~~~~~~~~~^~~~~~~~~
../src/helloworld.c:14:6: warning: variable 'Status' set but not used [-Wunused-but-set-variable]
  int Status;
      ^~~~~~
make: *** [src/subdir.mk:26: src/helloworld.o] Error 1
17:29:39 **** Auto Build of configuration Debug for project tiimerzybo ****
make pre-build main-build 
a9-linaro-pre-build-step
' '
'Building file: ../src/helloworld.c'
'Invoking: ARM v7 gcc compiler'
arm-none-eabi-gcc -Wall -O0 -g3 -c -fmessage-length=0 -MT"src/helloworld.o" -mcpu=cortex-a9 -mfpu=vfpv3 -mfloat-abi=hard -I../../tiimerzybo_bsp/ps7_cortexa9_0/include -MMD -MP -MF"src/helloworld.d" -MT"src/helloworld.o" -o "src/helloworld.o" "../src/helloworld.c"
../src/helloworld.c: In function 'main':
../src/helloworld.c:25:15: error: incompatible types when assigning to type 'XGpioPs_Config' {aka 'struct <anonymous>'} from type 'XGpioPs_Config *' {aka 'struct <anonymous> *'}
  My_Led_Config=XGpioPs_LookupConfig(XPAR_PS7_GPIO_0_DEVICE_ID);
               ^
../src/helloworld.c:26:68: error: invalid type argument of '->' (have 'XGpioPs_Config' {aka 'struct <anonymous>'})
  Status= XGpioPs_CfgInitialize(&my_Led,&My_Led_Config,My_Led_Config->BaseAddr);
                                                                    ^~
../src/helloworld.c:14:6: warning: variable 'Status' set but not used [-Wunused-but-set-variable]
  int Status;
      ^~~~~~
make: *** [src/subdir.mk:26: src/helloworld.o] Error 1
17:29:47 **** Auto Build of configuration Debug for project tiimerzybo ****
make pre-build main-build 
a9-linaro-pre-build-step
' '
'Building file: ../src/helloworld.c'
'Invoking: ARM v7 gcc compiler'
arm-none-eabi-gcc -Wall -O0 -g3 -c -fmessage-length=0 -MT"src/helloworld.o" -mcpu=cortex-a9 -mfpu=vfpv3 -mfloat-abi=hard -I../../tiimerzybo_bsp/ps7_cortexa9_0/include -MMD -MP -MF"src/helloworld.d" -MT"src/helloworld.o" -o "src/helloworld.o" "../src/helloworld.c"
../src/helloworld.c: In function 'main':
../src/helloworld.c:25:15: error: incompatible types when assigning to type 'XGpioPs_Config' {aka 'struct <anonymous>'} from type 'XGpioPs_Config *' {aka 'struct <anonymous> *'}
  My_Led_Config=XGpioPs_LookupConfig(XPAR_PS7_GPIO_0_DEVICE_ID);
               ^
../src/helloworld.c:26:40: error: invalid type argument of unary '*' (have 'XGpioPs_Config' {aka 'struct <anonymous>'})
  Status= XGpioPs_CfgInitialize(&my_Led,*My_Led_Config,My_Led_Config->BaseAddr);
                                        ^~~~~~~~~~~~~~
../src/helloworld.c:26:68: error: invalid type argument of '->' (have 'XGpioPs_Config' {aka 'struct <anonymous>'})
  Status= XGpioPs_CfgInitialize(&my_Led,*My_Led_Config,My_Led_Config->BaseAddr);
                                                                    ^~
../src/helloworld.c:14:6: warning: variable 'Status' set but not used [-Wunused-but-set-variable]
  int Status;
      ^~~~~~
make: *** [src/subdir.mk:26: src/helloworld.o] Error 1
17:30:13 **** Auto Build of configuration Debug for project tiimerzybo ****
make pre-build main-build 
a9-linaro-pre-build-step
' '
'Building file: ../src/helloworld.c'
'Invoking: ARM v7 gcc compiler'
arm-none-eabi-gcc -Wall -O0 -g3 -c -fmessage-length=0 -MT"src/helloworld.o" -mcpu=cortex-a9 -mfpu=vfpv3 -mfloat-abi=hard -I../../tiimerzybo_bsp/ps7_cortexa9_0/include -MMD -MP -MF"src/helloworld.d" -MT"src/helloworld.o" -o "src/helloworld.o" "../src/helloworld.c"
../src/helloworld.c: In function 'main':
../src/helloworld.c:25:15: error: incompatible types when assigning to type 'XGpioPs_Config' {aka 'struct <anonymous>'} from type 'XGpioPs_Config *' {aka 'struct <anonymous> *'}
  My_Led_Config=XGpioPs_LookupConfig(XPAR_PS7_GPIO_0_DEVICE_ID);
               ^
../src/helloworld.c:26:40: error: expected expression before 'const'
  Status= XGpioPs_CfgInitialize(&my_Led,const * My_Led_Config,My_Led_Config->BaseAddr);
                                        ^~~~~
../src/helloworld.c:26:10: error: too few arguments to function 'XGpioPs_CfgInitialize'
  Status= XGpioPs_CfgInitialize(&my_Led,const * My_Led_Config,My_Led_Config->BaseAddr);
          ^~~~~~~~~~~~~~~~~~~~~
In file included from ../src/helloworld.c:4:
../../tiimerzybo_bsp/ps7_cortexa9_0/include/xgpiops.h:224:5: note: declared here
 s32 XGpioPs_CfgInitialize(XGpioPs *InstancePtr, const XGpioPs_Config *ConfigPtr,
     ^~~~~~~~~~~~~~~~~~~~~
../src/helloworld.c:23:17: warning: variable 'My_Led_Config' set but not used [-Wunused-but-set-variable]
  XGpioPs_Config My_Led_Config;
                 ^~~~~~~~~~~~~
../src/helloworld.c:14:6: warning: variable 'Status' set but not used [-Wunused-but-set-variable]
  int Status;
      ^~~~~~
make: *** [src/subdir.mk:26: src/helloworld.o] Error 1
17:30:18 **** Auto Build of configuration Debug for project tiimerzybo ****
make pre-build main-build 
a9-linaro-pre-build-step
' '
'Building file: ../src/helloworld.c'
'Invoking: ARM v7 gcc compiler'
arm-none-eabi-gcc -Wall -O0 -g3 -c -fmessage-length=0 -MT"src/helloworld.o" -mcpu=cortex-a9 -mfpu=vfpv3 -mfloat-abi=hard -I../../tiimerzybo_bsp/ps7_cortexa9_0/include -MMD -MP -MF"src/helloworld.d" -MT"src/helloworld.o" -o "src/helloworld.o" "../src/helloworld.c"
../src/helloworld.c: In function 'main':
../src/helloworld.c:25:15: error: incompatible types when assigning to type 'XGpioPs_Config' {aka 'struct <anonymous>'} from type 'XGpioPs_Config *' {aka 'struct <anonymous> *'}
  My_Led_Config=XGpioPs_LookupConfig(XPAR_PS7_GPIO_0_DEVICE_ID);
               ^
../src/helloworld.c:26:40: error: expected expression before 'const'
  Status= XGpioPs_CfgInitialize(&my_Led,const &My_Led_Config,My_Led_Config->BaseAddr);
                                        ^~~~~
../src/helloworld.c:26:10: error: too few arguments to function 'XGpioPs_CfgInitialize'
  Status= XGpioPs_CfgInitialize(&my_Led,const &My_Led_Config,My_Led_Config->BaseAddr);
          ^~~~~~~~~~~~~~~~~~~~~
In file included from ../src/helloworld.c:4:
../../tiimerzybo_bsp/ps7_cortexa9_0/include/xgpiops.h:224:5: note: declared here
 s32 XGpioPs_CfgInitialize(XGpioPs *InstancePtr, const XGpioPs_Config *ConfigPtr,
     ^~~~~~~~~~~~~~~~~~~~~
../src/helloworld.c:23:17: warning: variable 'My_Led_Config' set but not used [-Wunused-but-set-variable]
  XGpioPs_Config My_Led_Config;
                 ^~~~~~~~~~~~~
../src/helloworld.c:14:6: warning: variable 'Status' set but not used [-Wunused-but-set-variable]
  int Status;
      ^~~~~~
make: *** [src/subdir.mk:26: src/helloworld.o] Error 1
17:30:24 **** Auto Build of configuration Debug for project tiimerzybo ****
make pre-build main-build 
a9-linaro-pre-build-step
' '
'Building file: ../src/helloworld.c'
'Invoking: ARM v7 gcc compiler'
arm-none-eabi-gcc -Wall -O0 -g3 -c -fmessage-length=0 -MT"src/helloworld.o" -mcpu=cortex-a9 -mfpu=vfpv3 -mfloat-abi=hard -I../../tiimerzybo_bsp/ps7_cortexa9_0/include -MMD -MP -MF"src/helloworld.d" -MT"src/helloworld.o" -o "src/helloworld.o" "../src/helloworld.c"
../src/helloworld.c: In function 'main':
../src/helloworld.c:25:15: error: incompatible types when assigning to type 'XGpioPs_Config' {aka 'struct <anonymous>'} from type 'XGpioPs_Config *' {aka 'struct <anonymous> *'}
  My_Led_Config=XGpioPs_LookupConfig(XPAR_PS7_GPIO_0_DEVICE_ID);
               ^
../src/helloworld.c:26:68: error: invalid type argument of '->' (have 'XGpioPs_Config' {aka 'struct <anonymous>'})
  Status= XGpioPs_CfgInitialize(&my_Led,&My_Led_Config,My_Led_Config->BaseAddr);
                                                                    ^~
../src/helloworld.c:14:6: warning: variable 'Status' set but not used [-Wunused-but-set-variable]
  int Status;
      ^~~~~~
make: *** [src/subdir.mk:26: src/helloworld.o] Error 1
17:30:41 **** Auto Build of configuration Debug for project tiimerzybo ****
make pre-build main-build 
a9-linaro-pre-build-step
' '
'Building file: ../src/helloworld.c'
'Invoking: ARM v7 gcc compiler'
arm-none-eabi-gcc -Wall -O0 -g3 -c -fmessage-length=0 -MT"src/helloworld.o" -mcpu=cortex-a9 -mfpu=vfpv3 -mfloat-abi=hard -I../../tiimerzybo_bsp/ps7_cortexa9_0/include -MMD -MP -MF"src/helloworld.d" -MT"src/helloworld.o" -o "src/helloworld.o" "../src/helloworld.c"
../src/helloworld.c: In function 'main':
../src/helloworld.c:25:2: error: invalid type argument of unary '*' (have 'XGpioPs_Config' {aka 'struct <anonymous>'})
  *My_Led_Config=XGpioPs_LookupConfig(XPAR_PS7_GPIO_0_DEVICE_ID);
  ^~~~~~~~~~~~~~
../src/helloworld.c:26:68: error: invalid type argument of '->' (have 'XGpioPs_Config' {aka 'struct <anonymous>'})
  Status= XGpioPs_CfgInitialize(&my_Led,&My_Led_Config,My_Led_Config->BaseAddr);
                                                                    ^~
../src/helloworld.c:14:6: warning: variable 'Status' set but not used [-Wunused-but-set-variable]
  int Status;
      ^~~~~~
make: *** [src/subdir.mk:26: src/helloworld.o] Error 1
17:30:56 **** Auto Build of configuration Debug for project tiimerzybo ****
make pre-build main-build 
a9-linaro-pre-build-step
' '
'Building file: ../src/helloworld.c'
'Invoking: ARM v7 gcc compiler'
arm-none-eabi-gcc -Wall -O0 -g3 -c -fmessage-length=0 -MT"src/helloworld.o" -mcpu=cortex-a9 -mfpu=vfpv3 -mfloat-abi=hard -I../../tiimerzybo_bsp/ps7_cortexa9_0/include -MMD -MP -MF"src/helloworld.d" -MT"src/helloworld.o" -o "src/helloworld.o" "../src/helloworld.c"
../src/helloworld.c: In function 'main':
../src/helloworld.c:14:6: warning: variable 'Status' set but not used [-Wunused-but-set-variable]
  int Status;
      ^~~~~~
'Finished building: ../src/helloworld.c'
' '
'Building target: tiimerzybo.elf'
'Invoking: ARM v7 gcc linker'
arm-none-eabi-gcc -mcpu=cortex-a9 -mfpu=vfpv3 -mfloat-abi=hard -Wl,-build-id=none -specs=Xilinx.spec -Wl,-T -Wl,../src/lscript.ld -L../../tiimerzybo_bsp/ps7_cortexa9_0/lib -o "tiimerzybo.elf"  ./src/helloworld.o ./src/platform.o   -Wl,--start-group,-lxil,-lgcc,-lc,--end-group
'Finished building target: tiimerzybo.elf'
' '
'Invoking: ARM v7 Print Size'
arm-none-eabi-size tiimerzybo.elf  |tee "tiimerzybo.elf.size"
   text	   data	    bss	    dec	    hex	filename
  64568	   2600	  23328	  90496	  16180	tiimerzybo.elf
'Finished building: tiimerzybo.elf.size'
' '
17:34:27 **** Auto Build of configuration Debug for project tiimerzybo ****
make pre-build main-build 
a9-linaro-pre-build-step
' '
'Building file: ../src/helloworld.c'
'Invoking: ARM v7 gcc compiler'
arm-none-eabi-gcc -Wall -O0 -g3 -c -fmessage-length=0 -MT"src/helloworld.o" -mcpu=cortex-a9 -mfpu=vfpv3 -mfloat-abi=hard -I../../tiimerzybo_bsp/ps7_cortexa9_0/include -MMD -MP -MF"src/helloworld.d" -MT"src/helloworld.o" -o "src/helloworld.o" "../src/helloworld.c"
../src/helloworld.c: In function 'main':
../src/helloworld.c:44:24: error: 'Gpio' undeclared (first use in this function)
      XGpioPs_WritePin(&Gpio, PS_LED_1, 0 ); // 0 to turn off LED
                        ^~~~
../src/helloworld.c:44:24: note: each undeclared identifier is reported only once for each function it appears in
../src/helloworld.c:44:30: error: 'PS_LED_1' undeclared (first use in this function)
      XGpioPs_WritePin(&Gpio, PS_LED_1, 0 ); // 0 to turn off LED
                              ^~~~~~~~
../src/helloworld.c:51:28: error: 'PS_LED_0' undeclared (first use in this function)
    XGpioPs_WritePin(&Gpio, PS_LED_0, 1 ) ;  // 1 to turn on LED
                            ^~~~~~~~
../src/helloworld.c:14:6: warning: variable 'Status' set but not used [-Wunused-but-set-variable]
  int Status;
      ^~~~~~
make: *** [src/subdir.mk:26: src/helloworld.o] Error 1
17:34:56 **** Auto Build of configuration Debug for project tiimerzybo ****
make pre-build main-build 
a9-linaro-pre-build-step
' '
'Building file: ../src/helloworld.c'
'Invoking: ARM v7 gcc compiler'
arm-none-eabi-gcc -Wall -O0 -g3 -c -fmessage-length=0 -MT"src/helloworld.o" -mcpu=cortex-a9 -mfpu=vfpv3 -mfloat-abi=hard -I../../tiimerzybo_bsp/ps7_cortexa9_0/include -MMD -MP -MF"src/helloworld.d" -MT"src/helloworld.o" -o "src/helloworld.o" "../src/helloworld.c"
../src/helloworld.c: In function 'main':
../src/helloworld.c:14:6: warning: variable 'Status' set but not used [-Wunused-but-set-variable]
  int Status;
      ^~~~~~
'Finished building: ../src/helloworld.c'
' '
'Building target: tiimerzybo.elf'
'Invoking: ARM v7 gcc linker'
arm-none-eabi-gcc -mcpu=cortex-a9 -mfpu=vfpv3 -mfloat-abi=hard -Wl,-build-id=none -specs=Xilinx.spec -Wl,-T -Wl,../src/lscript.ld -L../../tiimerzybo_bsp/ps7_cortexa9_0/lib -o "tiimerzybo.elf"  ./src/helloworld.o ./src/platform.o   -Wl,--start-group,-lxil,-lgcc,-lc,--end-group
'Finished building target: tiimerzybo.elf'
' '
'Invoking: ARM v7 Print Size'
arm-none-eabi-size tiimerzybo.elf  |tee "tiimerzybo.elf.size"
   text	   data	    bss	    dec	    hex	filename
  64568	   2600	  23328	  90496	  16180	tiimerzybo.elf
'Finished building: tiimerzybo.elf.size'
' '
17:35:12 **** Incremental Build of configuration Debug for project tiimerzybo ****
make pre-build main-build 
a9-linaro-pre-build-step
' '
make: Nothing to be done for 'main-build'.
17:47:22 **** Auto Build of configuration Debug for project tiimerzybo ****
make pre-build main-build 
a9-linaro-pre-build-step
' '
'Building file: ../src/helloworld.c'
'Invoking: ARM v7 gcc compiler'
arm-none-eabi-gcc -Wall -O0 -g3 -c -fmessage-length=0 -MT"src/helloworld.o" -mcpu=cortex-a9 -mfpu=vfpv3 -mfloat-abi=hard -I../../tiimerzybo_bsp/ps7_cortexa9_0/include -MMD -MP -MF"src/helloworld.d" -MT"src/helloworld.o" -o "src/helloworld.o" "../src/helloworld.c"
../src/helloworld.c: In function 'main':
../src/helloworld.c:14:6: warning: variable 'Status' set but not used [-Wunused-but-set-variable]
  int Status;
      ^~~~~~
'Finished building: ../src/helloworld.c'
' '
'Building target: tiimerzybo.elf'
'Invoking: ARM v7 gcc linker'
arm-none-eabi-gcc -mcpu=cortex-a9 -mfpu=vfpv3 -mfloat-abi=hard -Wl,-build-id=none -specs=Xilinx.spec -Wl,-T -Wl,../src/lscript.ld -L../../tiimerzybo_bsp/ps7_cortexa9_0/lib -o "tiimerzybo.elf"  ./src/helloworld.o ./src/platform.o   -Wl,--start-group,-lxil,-lgcc,-lc,--end-group
'Finished building target: tiimerzybo.elf'
' '
'Invoking: ARM v7 Print Size'
arm-none-eabi-size tiimerzybo.elf  |tee "tiimerzybo.elf.size"
   text	   data	    bss	    dec	    hex	filename
  64632	   2600	  23328	  90560	  161c0	tiimerzybo.elf
'Finished building: tiimerzybo.elf.size'
' '
17:48:07 **** Incremental Build of configuration Debug for project tiimerzybo ****
make pre-build main-build 
a9-linaro-pre-build-step
' '
'Building file: ../src/helloworld.c'
'Invoking: ARM v7 gcc compiler'
arm-none-eabi-gcc -Wall -O0 -g3 -c -fmessage-length=0 -MT"src/helloworld.o" -mcpu=cortex-a9 -mfpu=vfpv3 -mfloat-abi=hard -I../../tiimerzybo_bsp/ps7_cortexa9_0/include -MMD -MP -MF"src/helloworld.d" -MT"src/helloworld.o" -o "src/helloworld.o" "../src/helloworld.c"
../src/helloworld.c: In function 'main':
../src/helloworld.c:14:6: warning: variable 'Status' set but not used [-Wunused-but-set-variable]
  int Status;
      ^~~~~~
'Finished building: ../src/helloworld.c'
' '
'Building target: tiimerzybo.elf'
'Invoking: ARM v7 gcc linker'
arm-none-eabi-gcc -mcpu=cortex-a9 -mfpu=vfpv3 -mfloat-abi=hard -Wl,-build-id=none -specs=Xilinx.spec -Wl,-T -Wl,../src/lscript.ld -L../../tiimerzybo_bsp/ps7_cortexa9_0/lib -o "tiimerzybo.elf"  ./src/helloworld.o ./src/platform.o   -Wl,--start-group,-lxil,-lgcc,-lc,--end-group
'Finished building target: tiimerzybo.elf'
' '
'Invoking: ARM v7 Print Size'
arm-none-eabi-size tiimerzybo.elf  |tee "tiimerzybo.elf.size"
   text	   data	    bss	    dec	    hex	filename
  64632	   2600	  23328	  90560	  161c0	tiimerzybo.elf
'Finished building: tiimerzybo.elf.size'
' '
17:50:19 **** Incremental Build of configuration Debug for project tiimerzybo ****
make pre-build main-build 
a9-linaro-pre-build-step
' '
make: Nothing to be done for 'main-build'.
17:50:21 **** Auto Build of configuration Debug for project tiimerzybo ****
make pre-build main-build 
a9-linaro-pre-build-step
' '
'Building file: ../src/helloworld.c'
'Invoking: ARM v7 gcc compiler'
arm-none-eabi-gcc -Wall -O0 -g3 -c -fmessage-length=0 -MT"src/helloworld.o" -mcpu=cortex-a9 -mfpu=vfpv3 -mfloat-abi=hard -I../../tiimerzybo_bsp/ps7_cortexa9_0/include -MMD -MP -MF"src/helloworld.d" -MT"src/helloworld.o" -o "src/helloworld.o" "../src/helloworld.c"
'Finished building: ../src/helloworld.c'
' '
'Building target: tiimerzybo.elf'
'Invoking: ARM v7 gcc linker'
arm-none-eabi-gcc -mcpu=cortex-a9 -mfpu=vfpv3 -mfloat-abi=hard -Wl,-build-id=none -specs=Xilinx.spec -Wl,-T -Wl,../src/lscript.ld -L../../tiimerzybo_bsp/ps7_cortexa9_0/lib -o "tiimerzybo.elf"  ./src/helloworld.o ./src/platform.o   -Wl,--start-group,-lxil,-lgcc,-lc,--end-group
'Finished building target: tiimerzybo.elf'
' '
'Invoking: ARM v7 Print Size'
arm-none-eabi-size tiimerzybo.elf  |tee "tiimerzybo.elf.size"
   text	   data	    bss	    dec	    hex	filename
  64744	   2600	  23328	  90672	  16230	tiimerzybo.elf
'Finished building: tiimerzybo.elf.size'
' '
17:50:45 **** Incremental Build of configuration Debug for project tiimerzybo ****
make pre-build main-build 
a9-linaro-pre-build-step
' '
make: Nothing to be done for 'main-build'.
17:51:12 **** Auto Build of configuration Debug for project tiimerzybo ****
make pre-build main-build 
a9-linaro-pre-build-step
' '
'Building file: ../src/helloworld.c'
'Invoking: ARM v7 gcc compiler'
arm-none-eabi-gcc -Wall -O0 -g3 -c -fmessage-length=0 -MT"src/helloworld.o" -mcpu=cortex-a9 -mfpu=vfpv3 -mfloat-abi=hard -I../../tiimerzybo_bsp/ps7_cortexa9_0/include -MMD -MP -MF"src/helloworld.d" -MT"src/helloworld.o" -o "src/helloworld.o" "../src/helloworld.c"
../src/helloworld.c: In function 'main':
../src/helloworld.c:14:6: warning: variable 'Status' set but not used [-Wunused-but-set-variable]
  int Status;
      ^~~~~~
'Finished building: ../src/helloworld.c'
' '
'Building target: tiimerzybo.elf'
'Invoking: ARM v7 gcc linker'
arm-none-eabi-gcc -mcpu=cortex-a9 -mfpu=vfpv3 -mfloat-abi=hard -Wl,-build-id=none -specs=Xilinx.spec -Wl,-T -Wl,../src/lscript.ld -L../../tiimerzybo_bsp/ps7_cortexa9_0/lib -o "tiimerzybo.elf"  ./src/helloworld.o ./src/platform.o   -Wl,--start-group,-lxil,-lgcc,-lc,--end-group
'Finished building target: tiimerzybo.elf'
' '
'Invoking: ARM v7 Print Size'
arm-none-eabi-size tiimerzybo.elf  |tee "tiimerzybo.elf.size"
   text	   data	    bss	    dec	    hex	filename
  64632	   2600	  23328	  90560	  161c0	tiimerzybo.elf
'Finished building: tiimerzybo.elf.size'
' '
17:51:17 **** Incremental Build of configuration Debug for project tiimerzybo ****
make pre-build main-build 
a9-linaro-pre-build-step
' '
make: Nothing to be done for 'main-build'.
17:51:44 **** Auto Build of configuration Debug for project tiimerzybo ****
make pre-build main-build 
a9-linaro-pre-build-step
' '
'Building file: ../src/helloworld.c'
'Invoking: ARM v7 gcc compiler'
arm-none-eabi-gcc -Wall -O0 -g3 -c -fmessage-length=0 -MT"src/helloworld.o" -mcpu=cortex-a9 -mfpu=vfpv3 -mfloat-abi=hard -I../../tiimerzybo_bsp/ps7_cortexa9_0/include -MMD -MP -MF"src/helloworld.d" -MT"src/helloworld.o" -o "src/helloworld.o" "../src/helloworld.c"
../src/helloworld.c: In function 'main':
../src/helloworld.c:14:6: warning: variable 'Status' set but not used [-Wunused-but-set-variable]
  int Status;
      ^~~~~~
'Finished building: ../src/helloworld.c'
' '
'Building target: tiimerzybo.elf'
'Invoking: ARM v7 gcc linker'
arm-none-eabi-gcc -mcpu=cortex-a9 -mfpu=vfpv3 -mfloat-abi=hard -Wl,-build-id=none -specs=Xilinx.spec -Wl,-T -Wl,../src/lscript.ld -L../../tiimerzybo_bsp/ps7_cortexa9_0/lib -o "tiimerzybo.elf"  ./src/helloworld.o ./src/platform.o   -Wl,--start-group,-lxil,-lgcc,-lc,--end-group
'Finished building target: tiimerzybo.elf'
' '
'Invoking: ARM v7 Print Size'
arm-none-eabi-size tiimerzybo.elf  |tee "tiimerzybo.elf.size"
   text	   data	    bss	    dec	    hex	filename
  64632	   2600	  23328	  90560	  161c0	tiimerzybo.elf
'Finished building: tiimerzybo.elf.size'
' '
17:51:49 **** Incremental Build of configuration Debug for project tiimerzybo ****
make pre-build main-build 
a9-linaro-pre-build-step
' '
make: Nothing to be done for 'main-build'.
17:52:10 **** Auto Build of configuration Debug for project tiimerzybo ****
make pre-build main-build 
a9-linaro-pre-build-step
' '
'Building file: ../src/helloworld.c'
'Invoking: ARM v7 gcc compiler'
arm-none-eabi-gcc -Wall -O0 -g3 -c -fmessage-length=0 -MT"src/helloworld.o" -mcpu=cortex-a9 -mfpu=vfpv3 -mfloat-abi=hard -I../../tiimerzybo_bsp/ps7_cortexa9_0/include -MMD -MP -MF"src/helloworld.d" -MT"src/helloworld.o" -o "src/helloworld.o" "../src/helloworld.c"
../src/helloworld.c: In function 'main':
../src/helloworld.c:14:6: warning: variable 'Status' set but not used [-Wunused-but-set-variable]
  int Status;
      ^~~~~~
'Finished building: ../src/helloworld.c'
' '
'Building target: tiimerzybo.elf'
'Invoking: ARM v7 gcc linker'
arm-none-eabi-gcc -mcpu=cortex-a9 -mfpu=vfpv3 -mfloat-abi=hard -Wl,-build-id=none -specs=Xilinx.spec -Wl,-T -Wl,../src/lscript.ld -L../../tiimerzybo_bsp/ps7_cortexa9_0/lib -o "tiimerzybo.elf"  ./src/helloworld.o ./src/platform.o   -Wl,--start-group,-lxil,-lgcc,-lc,--end-group
'Finished building target: tiimerzybo.elf'
' '
'Invoking: ARM v7 Print Size'
arm-none-eabi-size tiimerzybo.elf  |tee "tiimerzybo.elf.size"
   text	   data	    bss	    dec	    hex	filename
  64632	   2600	  23328	  90560	  161c0	tiimerzybo.elf
'Finished building: tiimerzybo.elf.size'
' '
17:52:14 **** Incremental Build of configuration Debug for project tiimerzybo ****
make pre-build main-build 
a9-linaro-pre-build-step
' '
make: Nothing to be done for 'main-build'.
17:52:36 **** Auto Build of configuration Debug for project tiimerzybo ****
make pre-build main-build 
a9-linaro-pre-build-step
' '
'Building file: ../src/helloworld.c'
'Invoking: ARM v7 gcc compiler'
arm-none-eabi-gcc -Wall -O0 -g3 -c -fmessage-length=0 -MT"src/helloworld.o" -mcpu=cortex-a9 -mfpu=vfpv3 -mfloat-abi=hard -I../../tiimerzybo_bsp/ps7_cortexa9_0/include -MMD -MP -MF"src/helloworld.d" -MT"src/helloworld.o" -o "src/helloworld.o" "../src/helloworld.c"
../src/helloworld.c: In function 'main':
../src/helloworld.c:14:6: warning: variable 'Status' set but not used [-Wunused-but-set-variable]
  int Status;
      ^~~~~~
'Finished building: ../src/helloworld.c'
' '
'Building target: tiimerzybo.elf'
'Invoking: ARM v7 gcc linker'
arm-none-eabi-gcc -mcpu=cortex-a9 -mfpu=vfpv3 -mfloat-abi=hard -Wl,-build-id=none -specs=Xilinx.spec -Wl,-T -Wl,../src/lscript.ld -L../../tiimerzybo_bsp/ps7_cortexa9_0/lib -o "tiimerzybo.elf"  ./src/helloworld.o ./src/platform.o   -Wl,--start-group,-lxil,-lgcc,-lc,--end-group
'Finished building target: tiimerzybo.elf'
' '
'Invoking: ARM v7 Print Size'
arm-none-eabi-size tiimerzybo.elf  |tee "tiimerzybo.elf.size"
   text	   data	    bss	    dec	    hex	filename
  64632	   2600	  23328	  90560	  161c0	tiimerzybo.elf
'Finished building: tiimerzybo.elf.size'
' '
17:52:39 **** Incremental Build of configuration Debug for project tiimerzybo ****
make pre-build main-build 
a9-linaro-pre-build-step
' '
make: Nothing to be done for 'main-build'.
17:53:16 **** Auto Build of configuration Debug for project tiimerzybo ****
make pre-build main-build 
a9-linaro-pre-build-step
' '
'Building file: ../src/helloworld.c'
'Invoking: ARM v7 gcc compiler'
arm-none-eabi-gcc -Wall -O0 -g3 -c -fmessage-length=0 -MT"src/helloworld.o" -mcpu=cortex-a9 -mfpu=vfpv3 -mfloat-abi=hard -I../../tiimerzybo_bsp/ps7_cortexa9_0/include -MMD -MP -MF"src/helloworld.d" -MT"src/helloworld.o" -o "src/helloworld.o" "../src/helloworld.c"
../src/helloworld.c: In function 'main':
../src/helloworld.c:14:6: warning: variable 'Status' set but not used [-Wunused-but-set-variable]
  int Status;
      ^~~~~~
'Finished building: ../src/helloworld.c'
' '
'Building target: tiimerzybo.elf'
'Invoking: ARM v7 gcc linker'
arm-none-eabi-gcc -mcpu=cortex-a9 -mfpu=vfpv3 -mfloat-abi=hard -Wl,-build-id=none -specs=Xilinx.spec -Wl,-T -Wl,../src/lscript.ld -L../../tiimerzybo_bsp/ps7_cortexa9_0/lib -o "tiimerzybo.elf"  ./src/helloworld.o ./src/platform.o   -Wl,--start-group,-lxil,-lgcc,-lc,--end-group
'Finished building target: tiimerzybo.elf'
' '
'Invoking: ARM v7 Print Size'
arm-none-eabi-size tiimerzybo.elf  |tee "tiimerzybo.elf.size"
   text	   data	    bss	    dec	    hex	filename
  64632	   2600	  23328	  90560	  161c0	tiimerzybo.elf
'Finished building: tiimerzybo.elf.size'
' '
17:53:20 **** Incremental Build of configuration Debug for project tiimerzybo ****
make pre-build main-build 
a9-linaro-pre-build-step
' '
make: Nothing to be done for 'main-build'.
17:53:54 **** Auto Build of configuration Debug for project tiimerzybo ****
make pre-build main-build 
a9-linaro-pre-build-step
' '
'Building file: ../src/helloworld.c'
'Invoking: ARM v7 gcc compiler'
arm-none-eabi-gcc -Wall -O0 -g3 -c -fmessage-length=0 -MT"src/helloworld.o" -mcpu=cortex-a9 -mfpu=vfpv3 -mfloat-abi=hard -I../../tiimerzybo_bsp/ps7_cortexa9_0/include -MMD -MP -MF"src/helloworld.d" -MT"src/helloworld.o" -o "src/helloworld.o" "../src/helloworld.c"
../src/helloworld.c: In function 'main':
../src/helloworld.c:14:6: warning: variable 'Status' set but not used [-Wunused-but-set-variable]
  int Status;
      ^~~~~~
'Finished building: ../src/helloworld.c'
' '
'Building target: tiimerzybo.elf'
'Invoking: ARM v7 gcc linker'
arm-none-eabi-gcc -mcpu=cortex-a9 -mfpu=vfpv3 -mfloat-abi=hard -Wl,-build-id=none -specs=Xilinx.spec -Wl,-T -Wl,../src/lscript.ld -L../../tiimerzybo_bsp/ps7_cortexa9_0/lib -o "tiimerzybo.elf"  ./src/helloworld.o ./src/platform.o   -Wl,--start-group,-lxil,-lgcc,-lc,--end-group
'Finished building target: tiimerzybo.elf'
' '
'Invoking: ARM v7 Print Size'
arm-none-eabi-size tiimerzybo.elf  |tee "tiimerzybo.elf.size"
   text	   data	    bss	    dec	    hex	filename
  64632	   2600	  23328	  90560	  161c0	tiimerzybo.elf
'Finished building: tiimerzybo.elf.size'
' '
17:54:01 **** Incremental Build of configuration Debug for project tiimerzybo ****
make pre-build main-build 
a9-linaro-pre-build-step
' '
make: Nothing to be done for 'main-build'.
17:54:15 **** Auto Build of configuration Debug for project tiimerzybo ****
make pre-build main-build 
a9-linaro-pre-build-step
' '
'Building file: ../src/helloworld.c'
'Invoking: ARM v7 gcc compiler'
arm-none-eabi-gcc -Wall -O0 -g3 -c -fmessage-length=0 -MT"src/helloworld.o" -mcpu=cortex-a9 -mfpu=vfpv3 -mfloat-abi=hard -I../../tiimerzybo_bsp/ps7_cortexa9_0/include -MMD -MP -MF"src/helloworld.d" -MT"src/helloworld.o" -o "src/helloworld.o" "../src/helloworld.c"
In file included from ../../tiimerzybo_bsp/ps7_cortexa9_0/include/xscutimer.h:113,
                 from ../src/helloworld.c:3:
../src/helloworld.c: In function 'main':
../src/helloworld.c:35:68: warning: integer overflow in expression of type 'int' results in '-1923267722' [-Woverflow]
  XScuTimer_LoadTimer(&my_Timer, XPAR_PS7_CORTEXA9_0_CPU_CLK_FREQ_HZ*10);
                                                                    ^
../../tiimerzybo_bsp/ps7_cortexa9_0/include/xscutimer_hw.h:272:39: note: in definition of macro 'XScuTimer_WriteReg'
  Xil_Out32((BaseAddr) + (RegOffset), (Data))
                                       ^~~~
../src/helloworld.c:35:2: note: in expansion of macro 'XScuTimer_LoadTimer'
  XScuTimer_LoadTimer(&my_Timer, XPAR_PS7_CORTEXA9_0_CPU_CLK_FREQ_HZ*10);
  ^~~~~~~~~~~~~~~~~~~
../src/helloworld.c:14:6: warning: variable 'Status' set but not used [-Wunused-but-set-variable]
  int Status;
      ^~~~~~
'Finished building: ../src/helloworld.c'
' '
'Building target: tiimerzybo.elf'
'Invoking: ARM v7 gcc linker'
arm-none-eabi-gcc -mcpu=cortex-a9 -mfpu=vfpv3 -mfloat-abi=hard -Wl,-build-id=none -specs=Xilinx.spec -Wl,-T -Wl,../src/lscript.ld -L../../tiimerzybo_bsp/ps7_cortexa9_0/lib -o "tiimerzybo.elf"  ./src/helloworld.o ./src/platform.o   -Wl,--start-group,-lxil,-lgcc,-lc,--end-group
'Finished building target: tiimerzybo.elf'
' '
'Invoking: ARM v7 Print Size'
arm-none-eabi-size tiimerzybo.elf  |tee "tiimerzybo.elf.size"
   text	   data	    bss	    dec	    hex	filename
  64632	   2600	  23328	  90560	  161c0	tiimerzybo.elf
'Finished building: tiimerzybo.elf.size'
' '
17:54:19 **** Incremental Build of configuration Debug for project tiimerzybo ****
make pre-build main-build 
a9-linaro-pre-build-step
' '
make: Nothing to be done for 'main-build'.
17:55:00 **** Auto Build of configuration Debug for project tiimerzybo ****
make pre-build main-build 
a9-linaro-pre-build-step
' '
'Building file: ../src/helloworld.c'
'Invoking: ARM v7 gcc compiler'
arm-none-eabi-gcc -Wall -O0 -g3 -c -fmessage-length=0 -MT"src/helloworld.o" -mcpu=cortex-a9 -mfpu=vfpv3 -mfloat-abi=hard -I../../tiimerzybo_bsp/ps7_cortexa9_0/include -MMD -MP -MF"src/helloworld.d" -MT"src/helloworld.o" -o "src/helloworld.o" "../src/helloworld.c"
In file included from ../../tiimerzybo_bsp/ps7_cortexa9_0/include/xscutimer.h:113,
                 from ../src/helloworld.c:3:
../src/helloworld.c: In function 'main':
../src/helloworld.c:35:68: warning: integer overflow in expression of type 'int' results in '-1923267722' [-Woverflow]
  XScuTimer_LoadTimer(&my_Timer, XPAR_PS7_CORTEXA9_0_CPU_CLK_FREQ_HZ*10);
                                                                    ^
../../tiimerzybo_bsp/ps7_cortexa9_0/include/xscutimer_hw.h:272:39: note: in definition of macro 'XScuTimer_WriteReg'
  Xil_Out32((BaseAddr) + (RegOffset), (Data))
                                       ^~~~
../src/helloworld.c:35:2: note: in expansion of macro 'XScuTimer_LoadTimer'
  XScuTimer_LoadTimer(&my_Timer, XPAR_PS7_CORTEXA9_0_CPU_CLK_FREQ_HZ*10);
  ^~~~~~~~~~~~~~~~~~~
../src/helloworld.c:48:57: warning: integer overflow in expression of type 'int' results in '-961633861' [-Woverflow]
   if (timer_value == XPAR_PS7_CORTEXA9_0_CPU_CLK_FREQ_HZ*5)
                                                         ^
../src/helloworld.c:14:6: warning: variable 'Status' set but not used [-Wunused-but-set-variable]
  int Status;
      ^~~~~~
'Finished building: ../src/helloworld.c'
' '
'Building target: tiimerzybo.elf'
'Invoking: ARM v7 gcc linker'
arm-none-eabi-gcc -mcpu=cortex-a9 -mfpu=vfpv3 -mfloat-abi=hard -Wl,-build-id=none -specs=Xilinx.spec -Wl,-T -Wl,../src/lscript.ld -L../../tiimerzybo_bsp/ps7_cortexa9_0/lib -o "tiimerzybo.elf"  ./src/helloworld.o ./src/platform.o   -Wl,--start-group,-lxil,-lgcc,-lc,--end-group
'Finished building target: tiimerzybo.elf'
' '
'Invoking: ARM v7 Print Size'
arm-none-eabi-size tiimerzybo.elf  |tee "tiimerzybo.elf.size"
   text	   data	    bss	    dec	    hex	filename
  64632	   2600	  23328	  90560	  161c0	tiimerzybo.elf
'Finished building: tiimerzybo.elf.size'
' '
17:55:11 **** Incremental Build of configuration Debug for project tiimerzybo ****
make pre-build main-build 
a9-linaro-pre-build-step
' '
make: Nothing to be done for 'main-build'.
17:55:39 **** Auto Build of configuration Debug for project tiimerzybo ****
make pre-build main-build 
a9-linaro-pre-build-step
' '
'Building file: ../src/helloworld.c'
'Invoking: ARM v7 gcc compiler'
arm-none-eabi-gcc -Wall -O0 -g3 -c -fmessage-length=0 -MT"src/helloworld.o" -mcpu=cortex-a9 -mfpu=vfpv3 -mfloat-abi=hard -I../../tiimerzybo_bsp/ps7_cortexa9_0/include -MMD -MP -MF"src/helloworld.d" -MT"src/helloworld.o" -o "src/helloworld.o" "../src/helloworld.c"
In file included from ../../tiimerzybo_bsp/ps7_cortexa9_0/include/xscutimer.h:113,
                 from ../src/helloworld.c:3:
../src/helloworld.c: In function 'main':
../src/helloworld.c:35:68: warning: integer overflow in expression of type 'int' results in '-961633861' [-Woverflow]
  XScuTimer_LoadTimer(&my_Timer, XPAR_PS7_CORTEXA9_0_CPU_CLK_FREQ_HZ*5);
                                                                    ^
../../tiimerzybo_bsp/ps7_cortexa9_0/include/xscutimer_hw.h:272:39: note: in definition of macro 'XScuTimer_WriteReg'
  Xil_Out32((BaseAddr) + (RegOffset), (Data))
                                       ^~~~
../src/helloworld.c:35:2: note: in expansion of macro 'XScuTimer_LoadTimer'
  XScuTimer_LoadTimer(&my_Timer, XPAR_PS7_CORTEXA9_0_CPU_CLK_FREQ_HZ*5);
  ^~~~~~~~~~~~~~~~~~~
../src/helloworld.c:14:6: warning: variable 'Status' set but not used [-Wunused-but-set-variable]
  int Status;
      ^~~~~~
'Finished building: ../src/helloworld.c'
' '
'Building target: tiimerzybo.elf'
'Invoking: ARM v7 gcc linker'
arm-none-eabi-gcc -mcpu=cortex-a9 -mfpu=vfpv3 -mfloat-abi=hard -Wl,-build-id=none -specs=Xilinx.spec -Wl,-T -Wl,../src/lscript.ld -L../../tiimerzybo_bsp/ps7_cortexa9_0/lib -o "tiimerzybo.elf"  ./src/helloworld.o ./src/platform.o   -Wl,--start-group,-lxil,-lgcc,-lc,--end-group
'Finished building target: tiimerzybo.elf'
' '
'Invoking: ARM v7 Print Size'
arm-none-eabi-size tiimerzybo.elf  |tee "tiimerzybo.elf.size"
   text	   data	    bss	    dec	    hex	filename
  64632	   2600	  23328	  90560	  161c0	tiimerzybo.elf
'Finished building: tiimerzybo.elf.size'
' '
17:55:42 **** Incremental Build of configuration Debug for project tiimerzybo ****
make pre-build main-build 
a9-linaro-pre-build-step
' '
make: Nothing to be done for 'main-build'.
17:56:25 **** Auto Build of configuration Debug for project tiimerzybo ****
make pre-build main-build 
a9-linaro-pre-build-step
' '
'Building file: ../src/helloworld.c'
'Invoking: ARM v7 gcc compiler'
arm-none-eabi-gcc -Wall -O0 -g3 -c -fmessage-length=0 -MT"src/helloworld.o" -mcpu=cortex-a9 -mfpu=vfpv3 -mfloat-abi=hard -I../../tiimerzybo_bsp/ps7_cortexa9_0/include -MMD -MP -MF"src/helloworld.d" -MT"src/helloworld.o" -o "src/helloworld.o" "../src/helloworld.c"
../src/helloworld.c: In function 'main':
../src/helloworld.c:14:6: warning: variable 'Status' set but not used [-Wunused-but-set-variable]
  int Status;
      ^~~~~~
'Finished building: ../src/helloworld.c'
' '
'Building target: tiimerzybo.elf'
'Invoking: ARM v7 gcc linker'
arm-none-eabi-gcc -mcpu=cortex-a9 -mfpu=vfpv3 -mfloat-abi=hard -Wl,-build-id=none -specs=Xilinx.spec -Wl,-T -Wl,../src/lscript.ld -L../../tiimerzybo_bsp/ps7_cortexa9_0/lib -o "tiimerzybo.elf"  ./src/helloworld.o ./src/platform.o   -Wl,--start-group,-lxil,-lgcc,-lc,--end-group
'Finished building target: tiimerzybo.elf'
' '
'Invoking: ARM v7 Print Size'
arm-none-eabi-size tiimerzybo.elf  |tee "tiimerzybo.elf.size"
   text	   data	    bss	    dec	    hex	filename
  64632	   2600	  23328	  90560	  161c0	tiimerzybo.elf
'Finished building: tiimerzybo.elf.size'
' '
17:56:30 **** Incremental Build of configuration Debug for project tiimerzybo ****
make pre-build main-build 
a9-linaro-pre-build-step
' '
make: Nothing to be done for 'main-build'.
17:57:22 **** Incremental Build of configuration Debug for project tiimerzybo ****
make pre-build main-build 
a9-linaro-pre-build-step
' '
make: Nothing to be done for 'main-build'.
17:57:43 **** Incremental Build of configuration Debug for project tiimerzybo ****
make pre-build main-build 
a9-linaro-pre-build-step
' '
make: Nothing to be done for 'main-build'.
17:58:14 **** Auto Build of configuration Debug for project tiimerzybo ****
make pre-build main-build 
a9-linaro-pre-build-step
' '
'Building file: ../src/helloworld.c'
'Invoking: ARM v7 gcc compiler'
arm-none-eabi-gcc -Wall -O0 -g3 -c -fmessage-length=0 -MT"src/helloworld.o" -mcpu=cortex-a9 -mfpu=vfpv3 -mfloat-abi=hard -I../../tiimerzybo_bsp/ps7_cortexa9_0/include -MMD -MP -MF"src/helloworld.d" -MT"src/helloworld.o" -o "src/helloworld.o" "../src/helloworld.c"
../src/helloworld.c: In function 'main':
../src/helloworld.c:46:13: warning: too many arguments for format [-Wformat-extra-args]
      printf("Timer \n\r", timer_value);
             ^~~~~~~~~~~~
../src/helloworld.c:14:6: warning: variable 'Status' set but not used [-Wunused-but-set-variable]
  int Status;
      ^~~~~~
'Finished building: ../src/helloworld.c'
' '
'Building target: tiimerzybo.elf'
'Invoking: ARM v7 gcc linker'
arm-none-eabi-gcc -mcpu=cortex-a9 -mfpu=vfpv3 -mfloat-abi=hard -Wl,-build-id=none -specs=Xilinx.spec -Wl,-T -Wl,../src/lscript.ld -L../../tiimerzybo_bsp/ps7_cortexa9_0/lib -o "tiimerzybo.elf"  ./src/helloworld.o ./src/platform.o   -Wl,--start-group,-lxil,-lgcc,-lc,--end-group
'Finished building target: tiimerzybo.elf'
' '
'Invoking: ARM v7 Print Size'
arm-none-eabi-size tiimerzybo.elf  |tee "tiimerzybo.elf.size"
   text	   data	    bss	    dec	    hex	filename
  64648	   2600	  23328	  90576	  161d0	tiimerzybo.elf
'Finished building: tiimerzybo.elf.size'
' '
17:58:32 **** Auto Build of configuration Debug for project tiimerzybo ****
make pre-build main-build 
a9-linaro-pre-build-step
' '
'Building file: ../src/helloworld.c'
'Invoking: ARM v7 gcc compiler'
arm-none-eabi-gcc -Wall -O0 -g3 -c -fmessage-length=0 -MT"src/helloworld.o" -mcpu=cortex-a9 -mfpu=vfpv3 -mfloat-abi=hard -I../../tiimerzybo_bsp/ps7_cortexa9_0/include -MMD -MP -MF"src/helloworld.d" -MT"src/helloworld.o" -o "src/helloworld.o" "../src/helloworld.c"
../src/helloworld.c: In function 'main':
../src/helloworld.c:14:6: warning: variable 'Status' set but not used [-Wunused-but-set-variable]
  int Status;
      ^~~~~~
'Finished building: ../src/helloworld.c'
' '
'Building target: tiimerzybo.elf'
'Invoking: ARM v7 gcc linker'
arm-none-eabi-gcc -mcpu=cortex-a9 -mfpu=vfpv3 -mfloat-abi=hard -Wl,-build-id=none -specs=Xilinx.spec -Wl,-T -Wl,../src/lscript.ld -L../../tiimerzybo_bsp/ps7_cortexa9_0/lib -o "tiimerzybo.elf"  ./src/helloworld.o ./src/platform.o   -Wl,--start-group,-lxil,-lgcc,-lc,--end-group
'Finished building target: tiimerzybo.elf'
' '
'Invoking: ARM v7 Print Size'
arm-none-eabi-size tiimerzybo.elf  |tee "tiimerzybo.elf.size"
   text	   data	    bss	    dec	    hex	filename
  64648	   2600	  23328	  90576	  161d0	tiimerzybo.elf
'Finished building: tiimerzybo.elf.size'
' '
17:58:38 **** Incremental Build of configuration Debug for project tiimerzybo ****
make pre-build main-build 
a9-linaro-pre-build-step
' '
make: Nothing to be done for 'main-build'.
18:01:53 **** Auto Build of configuration Debug for project tiimerzybo ****
make pre-build main-build 
a9-linaro-pre-build-step
' '
'Building file: ../src/helloworld.c'
'Invoking: ARM v7 gcc compiler'
arm-none-eabi-gcc -Wall -O0 -g3 -c -fmessage-length=0 -MT"src/helloworld.o" -mcpu=cortex-a9 -mfpu=vfpv3 -mfloat-abi=hard -I../../tiimerzybo_bsp/ps7_cortexa9_0/include -MMD -MP -MF"src/helloworld.d" -MT"src/helloworld.o" -o "src/helloworld.o" "../src/helloworld.c"
../src/helloworld.c: In function 'main':
../src/helloworld.c:14:6: warning: variable 'Status' set but not used [-Wunused-but-set-variable]
  int Status;
      ^~~~~~
'Finished building: ../src/helloworld.c'
' '
'Building target: tiimerzybo.elf'
'Invoking: ARM v7 gcc linker'
arm-none-eabi-gcc -mcpu=cortex-a9 -mfpu=vfpv3 -mfloat-abi=hard -Wl,-build-id=none -specs=Xilinx.spec -Wl,-T -Wl,../src/lscript.ld -L../../tiimerzybo_bsp/ps7_cortexa9_0/lib -o "tiimerzybo.elf"  ./src/helloworld.o ./src/platform.o   -Wl,--start-group,-lxil,-lgcc,-lc,--end-group
'Finished building target: tiimerzybo.elf'
' '
'Invoking: ARM v7 Print Size'
arm-none-eabi-size tiimerzybo.elf  |tee "tiimerzybo.elf.size"
   text	   data	    bss	    dec	    hex	filename
  64648	   2600	  23328	  90576	  161d0	tiimerzybo.elf
'Finished building: tiimerzybo.elf.size'
' '
18:02:02 **** Incremental Build of configuration Debug for project tiimerzybo ****
make pre-build main-build 
a9-linaro-pre-build-step
' '
make: Nothing to be done for 'main-build'.
18:02:24 **** Auto Build of configuration Debug for project tiimerzybo ****
make pre-build main-build 
a9-linaro-pre-build-step
' '
'Building file: ../src/helloworld.c'
'Invoking: ARM v7 gcc compiler'
arm-none-eabi-gcc -Wall -O0 -g3 -c -fmessage-length=0 -MT"src/helloworld.o" -mcpu=cortex-a9 -mfpu=vfpv3 -mfloat-abi=hard -I../../tiimerzybo_bsp/ps7_cortexa9_0/include -MMD -MP -MF"src/helloworld.d" -MT"src/helloworld.o" -o "src/helloworld.o" "../src/helloworld.c"
../src/helloworld.c: In function 'main':
../src/helloworld.c:14:6: warning: variable 'Status' set but not used [-Wunused-but-set-variable]
  int Status;
      ^~~~~~
'Finished building: ../src/helloworld.c'
' '
'Building target: tiimerzybo.elf'
'Invoking: ARM v7 gcc linker'
arm-none-eabi-gcc -mcpu=cortex-a9 -mfpu=vfpv3 -mfloat-abi=hard -Wl,-build-id=none -specs=Xilinx.spec -Wl,-T -Wl,../src/lscript.ld -L../../tiimerzybo_bsp/ps7_cortexa9_0/lib -o "tiimerzybo.elf"  ./src/helloworld.o ./src/platform.o   -Wl,--start-group,-lxil,-lgcc,-lc,--end-group
'Finished building target: tiimerzybo.elf'
' '
'Invoking: ARM v7 Print Size'
arm-none-eabi-size tiimerzybo.elf  |tee "tiimerzybo.elf.size"
   text	   data	    bss	    dec	    hex	filename
  64648	   2600	  23328	  90576	  161d0	tiimerzybo.elf
'Finished building: tiimerzybo.elf.size'
' '
18:03:00 **** Auto Build of configuration Debug for project tiimerzybo ****
make pre-build main-build 
a9-linaro-pre-build-step
' '
'Building file: ../src/helloworld.c'
'Invoking: ARM v7 gcc compiler'
arm-none-eabi-gcc -Wall -O0 -g3 -c -fmessage-length=0 -MT"src/helloworld.o" -mcpu=cortex-a9 -mfpu=vfpv3 -mfloat-abi=hard -I../../tiimerzybo_bsp/ps7_cortexa9_0/include -MMD -MP -MF"src/helloworld.d" -MT"src/helloworld.o" -o "src/helloworld.o" "../src/helloworld.c"
../src/helloworld.c: In function 'main':
../src/helloworld.c:14:6: warning: variable 'Status' set but not used [-Wunused-but-set-variable]
  int Status;
      ^~~~~~
'Finished building: ../src/helloworld.c'
' '
'Building target: tiimerzybo.elf'
'Invoking: ARM v7 gcc linker'
arm-none-eabi-gcc -mcpu=cortex-a9 -mfpu=vfpv3 -mfloat-abi=hard -Wl,-build-id=none -specs=Xilinx.spec -Wl,-T -Wl,../src/lscript.ld -L../../tiimerzybo_bsp/ps7_cortexa9_0/lib -o "tiimerzybo.elf"  ./src/helloworld.o ./src/platform.o   -Wl,--start-group,-lxil,-lgcc,-lc,--end-group
'Finished building target: tiimerzybo.elf'
' '
'Invoking: ARM v7 Print Size'
arm-none-eabi-size tiimerzybo.elf  |tee "tiimerzybo.elf.size"
   text	   data	    bss	    dec	    hex	filename
  64648	   2600	  23328	  90576	  161d0	tiimerzybo.elf
'Finished building: tiimerzybo.elf.size'
' '
18:03:07 **** Incremental Build of configuration Debug for project tiimerzybo ****
make pre-build main-build 
a9-linaro-pre-build-step
' '
make: Nothing to be done for 'main-build'.
18:34:05 **** Auto Build of configuration Debug for project tiimerzybo ****
make pre-build main-build 
a9-linaro-pre-build-step
' '
'Building file: ../src/helloworld.c'
'Invoking: ARM v7 gcc compiler'
arm-none-eabi-gcc -Wall -O0 -g3 -c -fmessage-length=0 -MT"src/helloworld.o" -mcpu=cortex-a9 -mfpu=vfpv3 -mfloat-abi=hard -I../../tiimerzybo_bsp/ps7_cortexa9_0/include -MMD -MP -MF"src/helloworld.d" -MT"src/helloworld.o" -o "src/helloworld.o" "../src/helloworld.c"
../src/helloworld.c: In function 'main':
../src/helloworld.c:14:6: warning: variable 'Status' set but not used [-Wunused-but-set-variable]
  int Status;
      ^~~~~~
'Finished building: ../src/helloworld.c'
' '
'Building target: tiimerzybo.elf'
'Invoking: ARM v7 gcc linker'
arm-none-eabi-gcc -mcpu=cortex-a9 -mfpu=vfpv3 -mfloat-abi=hard -Wl,-build-id=none -specs=Xilinx.spec -Wl,-T -Wl,../src/lscript.ld -L../../tiimerzybo_bsp/ps7_cortexa9_0/lib -o "tiimerzybo.elf"  ./src/helloworld.o ./src/platform.o   -Wl,--start-group,-lxil,-lgcc,-lc,--end-group
'Finished building target: tiimerzybo.elf'
' '
'Invoking: ARM v7 Print Size'
arm-none-eabi-size tiimerzybo.elf  |tee "tiimerzybo.elf.size"
   text	   data	    bss	    dec	    hex	filename
  64648	   2600	  23328	  90576	  161d0	tiimerzybo.elf
'Finished building: tiimerzybo.elf.size'
' '
18:34:16 **** Auto Build of configuration Debug for project tiimerzybo ****
make pre-build main-build 
a9-linaro-pre-build-step
' '
'Building file: ../src/helloworld.c'
'Invoking: ARM v7 gcc compiler'
arm-none-eabi-gcc -Wall -O0 -g3 -c -fmessage-length=0 -MT"src/helloworld.o" -mcpu=cortex-a9 -mfpu=vfpv3 -mfloat-abi=hard -I../../tiimerzybo_bsp/ps7_cortexa9_0/include -MMD -MP -MF"src/helloworld.d" -MT"src/helloworld.o" -o "src/helloworld.o" "../src/helloworld.c"
../src/helloworld.c: In function 'main':
../src/helloworld.c:14:6: warning: variable 'Status' set but not used [-Wunused-but-set-variable]
  int Status;
      ^~~~~~
'Finished building: ../src/helloworld.c'
' '
'Building target: tiimerzybo.elf'
'Invoking: ARM v7 gcc linker'
arm-none-eabi-gcc -mcpu=cortex-a9 -mfpu=vfpv3 -mfloat-abi=hard -Wl,-build-id=none -specs=Xilinx.spec -Wl,-T -Wl,../src/lscript.ld -L../../tiimerzybo_bsp/ps7_cortexa9_0/lib -o "tiimerzybo.elf"  ./src/helloworld.o ./src/platform.o   -Wl,--start-group,-lxil,-lgcc,-lc,--end-group
'Finished building target: tiimerzybo.elf'
' '
'Invoking: ARM v7 Print Size'
arm-none-eabi-size tiimerzybo.elf  |tee "tiimerzybo.elf.size"
   text	   data	    bss	    dec	    hex	filename
  64648	   2600	  23328	  90576	  161d0	tiimerzybo.elf
'Finished building: tiimerzybo.elf.size'
' '
18:34:23 **** Incremental Build of configuration Debug for project tiimerzybo ****
make pre-build main-build 
a9-linaro-pre-build-step
' '
make: Nothing to be done for 'main-build'.
18:36:26 **** Auto Build of configuration Debug for project tiimerzybo ****
make pre-build main-build 
a9-linaro-pre-build-step
' '
'Building file: ../src/helloworld.c'
'Invoking: ARM v7 gcc compiler'
arm-none-eabi-gcc -Wall -O0 -g3 -c -fmessage-length=0 -MT"src/helloworld.o" -mcpu=cortex-a9 -mfpu=vfpv3 -mfloat-abi=hard -I../../tiimerzybo_bsp/ps7_cortexa9_0/include -MMD -MP -MF"src/helloworld.d" -MT"src/helloworld.o" -o "src/helloworld.o" "../src/helloworld.c"
../src/helloworld.c: In function 'main':
../src/helloworld.c:14:6: warning: variable 'Status' set but not used [-Wunused-but-set-variable]
  int Status;
      ^~~~~~
'Finished building: ../src/helloworld.c'
' '
'Building target: tiimerzybo.elf'
'Invoking: ARM v7 gcc linker'
arm-none-eabi-gcc -mcpu=cortex-a9 -mfpu=vfpv3 -mfloat-abi=hard -Wl,-build-id=none -specs=Xilinx.spec -Wl,-T -Wl,../src/lscript.ld -L../../tiimerzybo_bsp/ps7_cortexa9_0/lib -o "tiimerzybo.elf"  ./src/helloworld.o ./src/platform.o   -Wl,--start-group,-lxil,-lgcc,-lc,--end-group
'Finished building target: tiimerzybo.elf'
' '
'Invoking: ARM v7 Print Size'
arm-none-eabi-size tiimerzybo.elf  |tee "tiimerzybo.elf.size"
   text	   data	    bss	    dec	    hex	filename
  64648	   2600	  23328	  90576	  161d0	tiimerzybo.elf
'Finished building: tiimerzybo.elf.size'
' '
18:36:37 **** Incremental Build of configuration Debug for project tiimerzybo ****
make pre-build main-build 
a9-linaro-pre-build-step
' '
make: Nothing to be done for 'main-build'.
18:41:15 **** Auto Build of configuration Debug for project tiimerzybo ****
make pre-build main-build 
../src/helloworld.c: In function 'main':
a9-linaro-pre-build-step
../src/helloworld.c:14:6: warning: variable 'Status' set but not used [-Wunused-but-set-variable]
' '
  int Status;
'Building file: ../src/helloworld.c'
      ^~~~~~
'Invoking: ARM v7 gcc compiler'
arm-none-eabi-gcc -Wall -O0 -g3 -c -fmessage-length=0 -MT"src/helloworld.o" -mcpu=cortex-a9 -mfpu=vfpv3 -mfloat-abi=hard -I../../tiimerzybo_bsp/ps7_cortexa9_0/include -MMD -MP -MF"src/helloworld.d" -MT"src/helloworld.o" -o "src/helloworld.o" "../src/helloworld.c"
'Finished building: ../src/helloworld.c'
' '
'Building target: tiimerzybo.elf'
'Invoking: ARM v7 gcc linker'
arm-none-eabi-gcc -mcpu=cortex-a9 -mfpu=vfpv3 -mfloat-abi=hard -Wl,-build-id=none -specs=Xilinx.spec -Wl,-T -Wl,../src/lscript.ld -L../../tiimerzybo_bsp/ps7_cortexa9_0/lib -o "tiimerzybo.elf"  ./src/helloworld.o ./src/platform.o   -Wl,--start-group,-lxil,-lgcc,-lc,--end-group
'Finished building target: tiimerzybo.elf'
' '
'Invoking: ARM v7 Print Size'
arm-none-eabi-size tiimerzybo.elf  |tee "tiimerzybo.elf.size"
   text	   data	    bss	    dec	    hex	filename
  64648	   2600	  23328	  90576	  161d0	tiimerzybo.elf
'Finished building: tiimerzybo.elf.size'
' '
18:41:28 **** Incremental Build of configuration Debug for project tiimerzybo ****
make pre-build main-build 
a9-linaro-pre-build-step
' '
make: Nothing to be done for 'main-build'.
18:43:29 **** Auto Build of configuration Debug for project tiimerzybo ****
make pre-build main-build 
a9-linaro-pre-build-step
' '
'Building file: ../src/helloworld.c'
'Invoking: ARM v7 gcc compiler'
arm-none-eabi-gcc -Wall -O0 -g3 -c -fmessage-length=0 -MT"src/helloworld.o" -mcpu=cortex-a9 -mfpu=vfpv3 -mfloat-abi=hard -I../../tiimerzybo_bsp/ps7_cortexa9_0/include -MMD -MP -MF"src/helloworld.d" -MT"src/helloworld.o" -o "src/helloworld.o" "../src/helloworld.c"
../src/helloworld.c: In function 'main':
../src/helloworld.c:14:6: warning: variable 'Status' set but not used [-Wunused-but-set-variable]
  int Status;
      ^~~~~~
'Finished building: ../src/helloworld.c'
' '
'Building target: tiimerzybo.elf'
'Invoking: ARM v7 gcc linker'
arm-none-eabi-gcc -mcpu=cortex-a9 -mfpu=vfpv3 -mfloat-abi=hard -Wl,-build-id=none -specs=Xilinx.spec -Wl,-T -Wl,../src/lscript.ld -L../../tiimerzybo_bsp/ps7_cortexa9_0/lib -o "tiimerzybo.elf"  ./src/helloworld.o ./src/platform.o   -Wl,--start-group,-lxil,-lgcc,-lc,--end-group
'Finished building target: tiimerzybo.elf'
' '
'Invoking: ARM v7 Print Size'
arm-none-eabi-size tiimerzybo.elf  |tee "tiimerzybo.elf.size"
   text	   data	    bss	    dec	    hex	filename
  64648	   2600	  23328	  90576	  161d0	tiimerzybo.elf
'Finished building: tiimerzybo.elf.size'
' '
18:43:33 **** Incremental Build of configuration Debug for project tiimerzybo ****
make pre-build main-build 
a9-linaro-pre-build-step
' '
make: Nothing to be done for 'main-build'.
18:44:14 **** Auto Build of configuration Debug for project tiimerzybo ****
make pre-build main-build 
a9-linaro-pre-build-step
' '
'Building file: ../src/helloworld.c'
'Invoking: ARM v7 gcc compiler'
arm-none-eabi-gcc -Wall -O0 -g3 -c -fmessage-length=0 -MT"src/helloworld.o" -mcpu=cortex-a9 -mfpu=vfpv3 -mfloat-abi=hard -I../../tiimerzybo_bsp/ps7_cortexa9_0/include -MMD -MP -MF"src/helloworld.d" -MT"src/helloworld.o" -o "src/helloworld.o" "../src/helloworld.c"
../src/helloworld.c: In function 'main':
../src/helloworld.c:14:6: warning: variable 'Status' set but not used [-Wunused-but-set-variable]
  int Status;
      ^~~~~~
'Finished building: ../src/helloworld.c'
' '
'Building target: tiimerzybo.elf'
'Invoking: ARM v7 gcc linker'
arm-none-eabi-gcc -mcpu=cortex-a9 -mfpu=vfpv3 -mfloat-abi=hard -Wl,-build-id=none -specs=Xilinx.spec -Wl,-T -Wl,../src/lscript.ld -L../../tiimerzybo_bsp/ps7_cortexa9_0/lib -o "tiimerzybo.elf"  ./src/helloworld.o ./src/platform.o   -Wl,--start-group,-lxil,-lgcc,-lc,--end-group
'Finished building target: tiimerzybo.elf'
' '
'Invoking: ARM v7 Print Size'
arm-none-eabi-size tiimerzybo.elf  |tee "tiimerzybo.elf.size"
   text	   data	    bss	    dec	    hex	filename
  64648	   2600	  23328	  90576	  161d0	tiimerzybo.elf
'Finished building: tiimerzybo.elf.size'
' '
18:44:17 **** Incremental Build of configuration Debug for project tiimerzybo ****
make pre-build main-build 
a9-linaro-pre-build-step
' '
make: Nothing to be done for 'main-build'.
18:44:48 **** Incremental Build of configuration Debug for project tiimerzybo ****
make pre-build main-build 
a9-linaro-pre-build-step
' '
make: Nothing to be done for 'main-build'.
18:46:02 **** Incremental Build of configuration Debug for project tiimerzybo ****
make pre-build main-build 
a9-linaro-pre-build-step
' '
make: Nothing to be done for 'main-build'.
18:46:46 **** Incremental Build of configuration Debug for project tiimerzybo ****
make pre-build main-build 
a9-linaro-pre-build-step
' '
make: Nothing to be done for 'main-build'.
