13:48:07 **** Auto Build of configuration Debug for project tiimerzybo ****
make pre-build main-build 
a9-linaro-pre-build-step
' '
'Building file: ../src/ledblinktimer.c'
'Invoking: ARM v7 gcc compiler'
arm-none-eabi-gcc -Wall -O0 -g3 -c -fmessage-length=0 -MT"src/ledblinktimer.o" -mcpu=cortex-a9 -mfpu=vfpv3 -mfloat-abi=hard -I../../tiimerzybo_bsp/ps7_cortexa9_0/include -MMD -MP -MF"src/ledblinktimer.d" -MT"src/ledblinktimer.o" -o "src/ledblinktimer.o" "../src/ledblinktimer.c"
../src/ledblinktimer.c: In function 'main':
../src/ledblinktimer.c:14:6: warning: variable 'Status' set but not used [-Wunused-but-set-variable]
  int Status;
      ^~~~~~
'Finished building: ../src/ledblinktimer.c'
' '
'Building target: tiimerzybo.elf'
'Invoking: ARM v7 gcc linker'
arm-none-eabi-gcc -mcpu=cortex-a9 -mfpu=vfpv3 -mfloat-abi=hard -Wl,-build-id=none -specs=Xilinx.spec -Wl,-T -Wl,../src/lscript.ld -L../../tiimerzybo_bsp/ps7_cortexa9_0/lib -o "tiimerzybo.elf"  ./src/ledblinktimer.o ./src/platform.o   -Wl,--start-group,-lxil,-lgcc,-lc,--end-group
'Finished building target: tiimerzybo.elf'
' '
'Invoking: ARM v7 Print Size'
arm-none-eabi-size tiimerzybo.elf  |tee "tiimerzybo.elf.size"
   text	   data	    bss	    dec	    hex	filename
  64688	   2600	  23328	  90616	  161f8	tiimerzybo.elf
'Finished building: tiimerzybo.elf.size'
' '

13:48:07 Build Finished (took 716ms)

