16:51:37 **** Build of project psledblink_bsp ****
make -k all 
"Running Make include in ps7_cortexa9_0/libsrc/coresightps_dcc_v1_5/src"
make -C ps7_cortexa9_0/libsrc/coresightps_dcc_v1_5/src -s include  "SHELL=CMD" "COMPILER=arm-none-eabi-gcc" "ARCHIVER=arm-none-eabi-ar" "COMPILER_FLAGS=  -O2 -c" "EXTRA_COMPILER_FLAGS=-mcpu=cortex-a9 -mfpu=vfpv3 -mfloat-abi=hard -nostartfiles -g -Wall -Wextra"
"Running Make include in ps7_cortexa9_0/libsrc/cpu_cortexa9_v2_7/src"
make -C ps7_cortexa9_0/libsrc/cpu_cortexa9_v2_7/src -s include  "SHELL=CMD" "COMPILER=arm-none-eabi-gcc" "ARCHIVER=arm-none-eabi-ar" "COMPILER_FLAGS=  -O2 -c" "EXTRA_COMPILER_FLAGS=-mcpu=cortex-a9 -mfpu=vfpv3 -mfloat-abi=hard -nostartfiles -g -Wall -Wextra"
"Running Make include in ps7_cortexa9_0/libsrc/ddrps_v1_0/src"
make -C ps7_cortexa9_0/libsrc/ddrps_v1_0/src -s include  "SHELL=CMD" "COMPILER=arm-none-eabi-gcc" "ARCHIVER=arm-none-eabi-ar" "COMPILER_FLAGS=  -O2 -c" "EXTRA_COMPILER_FLAGS=-mcpu=cortex-a9 -mfpu=vfpv3 -mfloat-abi=hard -nostartfiles -g -Wall -Wextra"
"Running Make include in ps7_cortexa9_0/libsrc/devcfg_v3_5/src"
make -C ps7_cortexa9_0/libsrc/devcfg_v3_5/src -s include  "SHELL=CMD" "COMPILER=arm-none-eabi-gcc" "ARCHIVER=arm-none-eabi-ar" "COMPILER_FLAGS=  -O2 -c" "EXTRA_COMPILER_FLAGS=-mcpu=cortex-a9 -mfpu=vfpv3 -mfloat-abi=hard -nostartfiles -g -Wall -Wextra"
"Running Make include in ps7_cortexa9_0/libsrc/dmaps_v2_4/src"
make -C ps7_cortexa9_0/libsrc/dmaps_v2_4/src -s include  "SHELL=CMD" "COMPILER=arm-none-eabi-gcc" "ARCHIVER=arm-none-eabi-ar" "COMPILER_FLAGS=  -O2 -c" "EXTRA_COMPILER_FLAGS=-mcpu=cortex-a9 -mfpu=vfpv3 -mfloat-abi=hard -nostartfiles -g -Wall -Wextra"
"Running Make include in ps7_cortexa9_0/libsrc/gpiops_v3_5/src"
make -C ps7_cortexa9_0/libsrc/gpiops_v3_5/src -s include  "SHELL=CMD" "COMPILER=arm-none-eabi-gcc" "ARCHIVER=arm-none-eabi-ar" "COMPILER_FLAGS=  -O2 -c" "EXTRA_COMPILER_FLAGS=-mcpu=cortex-a9 -mfpu=vfpv3 -mfloat-abi=hard -nostartfiles -g -Wall -Wextra"
"Running Make include in ps7_cortexa9_0/libsrc/iicps_v3_9/src"
make -C ps7_cortexa9_0/libsrc/iicps_v3_9/src -s include  "SHELL=CMD" "COMPILER=arm-none-eabi-gcc" "ARCHIVER=arm-none-eabi-ar" "COMPILER_FLAGS=  -O2 -c" "EXTRA_COMPILER_FLAGS=-mcpu=cortex-a9 -mfpu=vfpv3 -mfloat-abi=hard -nostartfiles -g -Wall -Wextra"
"Running Make include in ps7_cortexa9_0/libsrc/qspips_v3_6/src"
make -C ps7_cortexa9_0/libsrc/qspips_v3_6/src -s include  "SHELL=CMD" "COMPILER=arm-none-eabi-gcc" "ARCHIVER=arm-none-eabi-ar" "COMPILER_FLAGS=  -O2 -c" "EXTRA_COMPILER_FLAGS=-mcpu=cortex-a9 -mfpu=vfpv3 -mfloat-abi=hard -nostartfiles -g -Wall -Wextra"
"Running Make include in ps7_cortexa9_0/libsrc/scugic_v4_0/src"
make -C ps7_cortexa9_0/libsrc/scugic_v4_0/src -s include  "SHELL=CMD" "COMPILER=arm-none-eabi-gcc" "ARCHIVER=arm-none-eabi-ar" "COMPILER_FLAGS=  -O2 -c" "EXTRA_COMPILER_FLAGS=-mcpu=cortex-a9 -mfpu=vfpv3 -mfloat-abi=hard -nostartfiles -g -Wall -Wextra"
"Running Make include in ps7_cortexa9_0/libsrc/scutimer_v2_1/src"
make -C ps7_cortexa9_0/libsrc/scutimer_v2_1/src -s include  "SHELL=CMD" "COMPILER=arm-none-eabi-gcc" "ARCHIVER=arm-none-eabi-ar" "COMPILER_FLAGS=  -O2 -c" "EXTRA_COMPILER_FLAGS=-mcpu=cortex-a9 -mfpu=vfpv3 -mfloat-abi=hard -nostartfiles -g -Wall -Wextra"
"Running Make include in ps7_cortexa9_0/libsrc/scuwdt_v2_1/src"
make -C ps7_cortexa9_0/libsrc/scuwdt_v2_1/src -s include  "SHELL=CMD" "COMPILER=arm-none-eabi-gcc" "ARCHIVER=arm-none-eabi-ar" "COMPILER_FLAGS=  -O2 -c" "EXTRA_COMPILER_FLAGS=-mcpu=cortex-a9 -mfpu=vfpv3 -mfloat-abi=hard -nostartfiles -g -Wall -Wextra"
"Running Make include in ps7_cortexa9_0/libsrc/sdps_v3_7/src"
make -C ps7_cortexa9_0/libsrc/sdps_v3_7/src -s include  "SHELL=CMD" "COMPILER=arm-none-eabi-gcc" "ARCHIVER=arm-none-eabi-ar" "COMPILER_FLAGS=  -O2 -c" "EXTRA_COMPILER_FLAGS=-mcpu=cortex-a9 -mfpu=vfpv3 -mfloat-abi=hard -nostartfiles -g -Wall -Wextra"
"Running Make include in ps7_cortexa9_0/libsrc/standalone_v7_0/src"
make -C ps7_cortexa9_0/libsrc/standalone_v7_0/src -s include  "SHELL=CMD" "COMPILER=arm-none-eabi-gcc" "ARCHIVER=arm-none-eabi-ar" "COMPILER_FLAGS=  -O2 -c" "EXTRA_COMPILER_FLAGS=-mcpu=cortex-a9 -mfpu=vfpv3 -mfloat-abi=hard -nostartfiles -g -Wall -Wextra"
"Running Make include in ps7_cortexa9_0/libsrc/uartps_v3_7/src"
make -C ps7_cortexa9_0/libsrc/uartps_v3_7/src -s include  "SHELL=CMD" "COMPILER=arm-none-eabi-gcc" "ARCHIVER=arm-none-eabi-ar" "COMPILER_FLAGS=  -O2 -c" "EXTRA_COMPILER_FLAGS=-mcpu=cortex-a9 -mfpu=vfpv3 -mfloat-abi=hard -nostartfiles -g -Wall -Wextra"
"Running Make include in ps7_cortexa9_0/libsrc/usbps_v2_4/src"
make -C ps7_cortexa9_0/libsrc/usbps_v2_4/src -s include  "SHELL=CMD" "COMPILER=arm-none-eabi-gcc" "ARCHIVER=arm-none-eabi-ar" "COMPILER_FLAGS=  -O2 -c" "EXTRA_COMPILER_FLAGS=-mcpu=cortex-a9 -mfpu=vfpv3 -mfloat-abi=hard -nostartfiles -g -Wall -Wextra"
"Running Make include in ps7_cortexa9_0/libsrc/xadcps_v2_3/src"
make -C ps7_cortexa9_0/libsrc/xadcps_v2_3/src -s include  "SHELL=CMD" "COMPILER=arm-none-eabi-gcc" "ARCHIVER=arm-none-eabi-ar" "COMPILER_FLAGS=  -O2 -c" "EXTRA_COMPILER_FLAGS=-mcpu=cortex-a9 -mfpu=vfpv3 -mfloat-abi=hard -nostartfiles -g -Wall -Wextra"
"Running Make libs in ps7_cortexa9_0/libsrc/coresightps_dcc_v1_5/src"
make -C ps7_cortexa9_0/libsrc/coresightps_dcc_v1_5/src -s libs  "SHELL=CMD" "COMPILER=arm-none-eabi-gcc" "ARCHIVER=arm-none-eabi-ar" "COMPILER_FLAGS=  -O2 -c" "EXTRA_COMPILER_FLAGS=-mcpu=cortex-a9 -mfpu=vfpv3 -mfloat-abi=hard -nostartfiles -g -Wall -Wextra"
"Compiling coresightps_dcc"
arm-none-eabi-ar: creating ../../../lib/libxil.a
"Running Make libs in ps7_cortexa9_0/libsrc/cpu_cortexa9_v2_7/src"
make -C ps7_cortexa9_0/libsrc/cpu_cortexa9_v2_7/src -s libs  "SHELL=CMD" "COMPILER=arm-none-eabi-gcc" "ARCHIVER=arm-none-eabi-ar" "COMPILER_FLAGS=  -O2 -c" "EXTRA_COMPILER_FLAGS=-mcpu=cortex-a9 -mfpu=vfpv3 -mfloat-abi=hard -nostartfiles -g -Wall -Wextra"
"Compiling cpu_cortexa9"
"Running Make libs in ps7_cortexa9_0/libsrc/ddrps_v1_0/src"
make -C ps7_cortexa9_0/libsrc/ddrps_v1_0/src -s libs  "SHELL=CMD" "COMPILER=arm-none-eabi-gcc" "ARCHIVER=arm-none-eabi-ar" "COMPILER_FLAGS=  -O2 -c" "EXTRA_COMPILER_FLAGS=-mcpu=cortex-a9 -mfpu=vfpv3 -mfloat-abi=hard -nostartfiles -g -Wall -Wextra"
"Compiling ddrps"
"Running Make libs in ps7_cortexa9_0/libsrc/devcfg_v3_5/src"
make -C ps7_cortexa9_0/libsrc/devcfg_v3_5/src -s libs  "SHELL=CMD" "COMPILER=arm-none-eabi-gcc" "ARCHIVER=arm-none-eabi-ar" "COMPILER_FLAGS=  -O2 -c" "EXTRA_COMPILER_FLAGS=-mcpu=cortex-a9 -mfpu=vfpv3 -mfloat-abi=hard -nostartfiles -g -Wall -Wextra"
"Compiling devcfg"
"Running Make libs in ps7_cortexa9_0/libsrc/dmaps_v2_4/src"
make -C ps7_cortexa9_0/libsrc/dmaps_v2_4/src -s libs  "SHELL=CMD" "COMPILER=arm-none-eabi-gcc" "ARCHIVER=arm-none-eabi-ar" "COMPILER_FLAGS=  -O2 -c" "EXTRA_COMPILER_FLAGS=-mcpu=cortex-a9 -mfpu=vfpv3 -mfloat-abi=hard -nostartfiles -g -Wall -Wextra"
"Compiling dmaps"
"Running Make libs in ps7_cortexa9_0/libsrc/gpiops_v3_5/src"
make -C ps7_cortexa9_0/libsrc/gpiops_v3_5/src -s libs  "SHELL=CMD" "COMPILER=arm-none-eabi-gcc" "ARCHIVER=arm-none-eabi-ar" "COMPILER_FLAGS=  -O2 -c" "EXTRA_COMPILER_FLAGS=-mcpu=cortex-a9 -mfpu=vfpv3 -mfloat-abi=hard -nostartfiles -g -Wall -Wextra"
"Compiling gpiops"
"Running Make libs in ps7_cortexa9_0/libsrc/iicps_v3_9/src"
make -C ps7_cortexa9_0/libsrc/iicps_v3_9/src -s libs  "SHELL=CMD" "COMPILER=arm-none-eabi-gcc" "ARCHIVER=arm-none-eabi-ar" "COMPILER_FLAGS=  -O2 -c" "EXTRA_COMPILER_FLAGS=-mcpu=cortex-a9 -mfpu=vfpv3 -mfloat-abi=hard -nostartfiles -g -Wall -Wextra"
"Compiling iicps"
"Running Make libs in ps7_cortexa9_0/libsrc/qspips_v3_6/src"
make -C ps7_cortexa9_0/libsrc/qspips_v3_6/src -s libs  "SHELL=CMD" "COMPILER=arm-none-eabi-gcc" "ARCHIVER=arm-none-eabi-ar" "COMPILER_FLAGS=  -O2 -c" "EXTRA_COMPILER_FLAGS=-mcpu=cortex-a9 -mfpu=vfpv3 -mfloat-abi=hard -nostartfiles -g -Wall -Wextra"
"Compiling qspips"
"Running Make libs in ps7_cortexa9_0/libsrc/scugic_v4_0/src"
make -C ps7_cortexa9_0/libsrc/scugic_v4_0/src -s libs  "SHELL=CMD" "COMPILER=arm-none-eabi-gcc" "ARCHIVER=arm-none-eabi-ar" "COMPILER_FLAGS=  -O2 -c" "EXTRA_COMPILER_FLAGS=-mcpu=cortex-a9 -mfpu=vfpv3 -mfloat-abi=hard -nostartfiles -g -Wall -Wextra"
"Compiling scugic"
"Running Make libs in ps7_cortexa9_0/libsrc/scutimer_v2_1/src"
make -C ps7_cortexa9_0/libsrc/scutimer_v2_1/src -s libs  "SHELL=CMD" "COMPILER=arm-none-eabi-gcc" "ARCHIVER=arm-none-eabi-ar" "COMPILER_FLAGS=  -O2 -c" "EXTRA_COMPILER_FLAGS=-mcpu=cortex-a9 -mfpu=vfpv3 -mfloat-abi=hard -nostartfiles -g -Wall -Wextra"
"Compiling scutimer"
"Running Make libs in ps7_cortexa9_0/libsrc/scuwdt_v2_1/src"
make -C ps7_cortexa9_0/libsrc/scuwdt_v2_1/src -s libs  "SHELL=CMD" "COMPILER=arm-none-eabi-gcc" "ARCHIVER=arm-none-eabi-ar" "COMPILER_FLAGS=  -O2 -c" "EXTRA_COMPILER_FLAGS=-mcpu=cortex-a9 -mfpu=vfpv3 -mfloat-abi=hard -nostartfiles -g -Wall -Wextra"
"Compiling scuwdt"
"Running Make libs in ps7_cortexa9_0/libsrc/sdps_v3_7/src"
make -C ps7_cortexa9_0/libsrc/sdps_v3_7/src -s libs  "SHELL=CMD" "COMPILER=arm-none-eabi-gcc" "ARCHIVER=arm-none-eabi-ar" "COMPILER_FLAGS=  -O2 -c" "EXTRA_COMPILER_FLAGS=-mcpu=cortex-a9 -mfpu=vfpv3 -mfloat-abi=hard -nostartfiles -g -Wall -Wextra"
"Compiling sdps"
"Running Make libs in ps7_cortexa9_0/libsrc/standalone_v7_0/src"
make -C ps7_cortexa9_0/libsrc/standalone_v7_0/src -s libs  "SHELL=CMD" "COMPILER=arm-none-eabi-gcc" "ARCHIVER=arm-none-eabi-ar" "COMPILER_FLAGS=  -O2 -c" "EXTRA_COMPILER_FLAGS=-mcpu=cortex-a9 -mfpu=vfpv3 -mfloat-abi=hard -nostartfiles -g -Wall -Wextra"
"Compiling standalone"
In file included from usleep.c:56:
xtime_l.h:87:9: note: #pragma message: For the sleep routines, Global timer is being used
 #pragma message ("For the sleep routines, Global timer is being used")
         ^~~~~~~
In file included from xil_sleeptimer.c:51:
xtime_l.h:87:9: note: #pragma message: For the sleep routines, Global timer is being used
 #pragma message ("For the sleep routines, Global timer is being used")
         ^~~~~~~
In file included from xtime_l.c:49:
xtime_l.h:87:9: note: #pragma message: For the sleep routines, Global timer is being used
 #pragma message ("For the sleep routines, Global timer is being used")
         ^~~~~~~
In file included from sleep.c:53:
xtime_l.h:87:9: note: #pragma message: For the sleep routines, Global timer is being used
 #pragma message ("For the sleep routines, Global timer is being used")
         ^~~~~~~
"Running Make libs in ps7_cortexa9_0/libsrc/uartps_v3_7/src"
make -C ps7_cortexa9_0/libsrc/uartps_v3_7/src -s libs  "SHELL=CMD" "COMPILER=arm-none-eabi-gcc" "ARCHIVER=arm-none-eabi-ar" "COMPILER_FLAGS=  -O2 -c" "EXTRA_COMPILER_FLAGS=-mcpu=cortex-a9 -mfpu=vfpv3 -mfloat-abi=hard -nostartfiles -g -Wall -Wextra"
"Compiling uartps"
"Running Make libs in ps7_cortexa9_0/libsrc/usbps_v2_4/src"
make -C ps7_cortexa9_0/libsrc/usbps_v2_4/src -s libs  "SHELL=CMD" "COMPILER=arm-none-eabi-gcc" "ARCHIVER=arm-none-eabi-ar" "COMPILER_FLAGS=  -O2 -c" "EXTRA_COMPILER_FLAGS=-mcpu=cortex-a9 -mfpu=vfpv3 -mfloat-abi=hard -nostartfiles -g -Wall -Wextra"
"Compiling usbps"
"Running Make libs in ps7_cortexa9_0/libsrc/xadcps_v2_3/src"
make -C ps7_cortexa9_0/libsrc/xadcps_v2_3/src -s libs  "SHELL=CMD" "COMPILER=arm-none-eabi-gcc" "ARCHIVER=arm-none-eabi-ar" "COMPILER_FLAGS=  -O2 -c" "EXTRA_COMPILER_FLAGS=-mcpu=cortex-a9 -mfpu=vfpv3 -mfloat-abi=hard -nostartfiles -g -Wall -Wextra"
"Compiling xadcps"
'Finished building libraries'
16:51:58 **** Build of configuration Debug for project psledblink ****
make pre-build main-build 
a9-linaro-pre-build-step
' '
'Building file: ../src/helloworld.c'
'Invoking: ARM v7 gcc compiler'
arm-none-eabi-gcc -Wall -O0 -g3 -c -fmessage-length=0 -MT"src/helloworld.o" -mcpu=cortex-a9 -mfpu=vfpv3 -mfloat-abi=hard -I../../psledblink_bsp/ps7_cortexa9_0/include -MMD -MP -MF"src/helloworld.d" -MT"src/helloworld.o" -o "src/helloworld.o" "../src/helloworld.c"
'Finished building: ../src/helloworld.c'
' '
'Building file: ../src/platform.c'
'Invoking: ARM v7 gcc compiler'
arm-none-eabi-gcc -Wall -O0 -g3 -c -fmessage-length=0 -MT"src/platform.o" -mcpu=cortex-a9 -mfpu=vfpv3 -mfloat-abi=hard -I../../psledblink_bsp/ps7_cortexa9_0/include -MMD -MP -MF"src/platform.d" -MT"src/platform.o" -o "src/platform.o" "../src/platform.c"
'Finished building: ../src/platform.c'
' '
'Building target: psledblink.elf'
'Invoking: ARM v7 gcc linker'
arm-none-eabi-gcc -mcpu=cortex-a9 -mfpu=vfpv3 -mfloat-abi=hard -Wl,-build-id=none -specs=Xilinx.spec -Wl,-T -Wl,../src/lscript.ld -L../../psledblink_bsp/ps7_cortexa9_0/lib -o "psledblink.elf"  ./src/helloworld.o ./src/platform.o   -Wl,--start-group,-lxil,-lgcc,-lc,--end-group
'Finished building target: psledblink.elf'
' '
'Invoking: ARM v7 Print Size'
arm-none-eabi-size psledblink.elf  |tee "psledblink.elf.size"
   text	   data	    bss	    dec	    hex	filename
  19060	   1144	  22568	  42772	   a714	psledblink.elf
'Finished building: psledblink.elf.size'
' '
16:58:45 **** Auto Build of configuration Debug for project psledblink ****
make pre-build main-build 
a9-linaro-pre-build-step
' '
'Building file: ../src/helloworld.c'
'Invoking: ARM v7 gcc compiler'
arm-none-eabi-gcc -Wall -O0 -g3 -c -fmessage-length=0 -MT"src/helloworld.o" -mcpu=cortex-a9 -mfpu=vfpv3 -mfloat-abi=hard -I../../psledblink_bsp/ps7_cortexa9_0/include -MMD -MP -MF"src/helloworld.d" -MT"src/helloworld.o" -o "src/helloworld.o" "../src/helloworld.c"
../src/helloworld.c:3:10: fatal error: xgpio.h: No such file or directory
 #include "xgpio.h"
          ^~~~~~~~~
compilation terminated.
make: *** [src/subdir.mk:26: src/helloworld.o] Error 1
16:59:08 **** Auto Build of configuration Debug for project psledblink ****
make pre-build main-build 
a9-linaro-pre-build-step
' '
'Building file: ../src/helloworld.c'
'Invoking: ARM v7 gcc compiler'
arm-none-eabi-gcc -Wall -O0 -g3 -c -fmessage-length=0 -MT"src/helloworld.o" -mcpu=cortex-a9 -mfpu=vfpv3 -mfloat-abi=hard -I../../psledblink_bsp/ps7_cortexa9_0/include -MMD -MP -MF"src/helloworld.d" -MT"src/helloworld.o" -o "src/helloworld.o" "../src/helloworld.c"
../src/helloworld.c: In function 'main':
../src/helloworld.c:15:2: error: unknown type name 'XGpio_Config'; did you mean 'XGpioPs_Config'?
  XGpio_Config *cfg_ptr;
  ^~~~~~~~~~~~
  XGpioPs_Config
../src/helloworld.c:16:2: error: unknown type name 'XGpio'; did you mean 'XGpioPs'?
  XGpio led_device, btn_device;
  ^~~~~
  XGpioPs
../src/helloworld.c:22:12: warning: implicit declaration of function 'XGpio_LookupConfig'; did you mean 'XGpioPs_LookupConfig'? [-Wimplicit-function-declaration]
  cfg_ptr = XGpio_LookupConfig(LED_ID);
            ^~~~~~~~~~~~~~~~~~
            XGpioPs_LookupConfig
../src/helloworld.c:8:16: error: 'XPAR_AXI_GPIO_LED_DEVICE_ID' undeclared (first use in this function); did you mean 'XPAR_PS7_GPIO_0_DEVICE_ID'?
 #define LED_ID XPAR_AXI_GPIO_LED_DEVICE_ID
                ^~~~~~~~~~~~~~~~~~~~~~~~~~~
../src/helloworld.c:22:31: note: in expansion of macro 'LED_ID'
  cfg_ptr = XGpio_LookupConfig(LED_ID);
                               ^~~~~~
../src/helloworld.c:8:16: note: each undeclared identifier is reported only once for each function it appears in
 #define LED_ID XPAR_AXI_GPIO_LED_DEVICE_ID
                ^~~~~~~~~~~~~~~~~~~~~~~~~~~
../src/helloworld.c:22:31: note: in expansion of macro 'LED_ID'
  cfg_ptr = XGpio_LookupConfig(LED_ID);
                               ^~~~~~
../src/helloworld.c:23:2: warning: implicit declaration of function 'XGpio_CfgInitialize'; did you mean 'XGpioPs_CfgInitialize'? [-Wimplicit-function-declaration]
  XGpio_CfgInitialize(&led_device, cfg_ptr, cfg_ptr->BaseAddress);
  ^~~~~~~~~~~~~~~~~~~
  XGpioPs_CfgInitialize
../src/helloworld.c:23:51: error: request for member 'BaseAddress' in something not a structure or union
  XGpio_CfgInitialize(&led_device, cfg_ptr, cfg_ptr->BaseAddress);
                                                   ^~
../src/helloworld.c:7:16: error: 'XPAR_AXI_GPIO_BUTTONS_DEVICE_ID' undeclared (first use in this function); did you mean 'XPAR_PS7_GPIO_0_DEVICE_ID'?
 #define BTN_ID XPAR_AXI_GPIO_BUTTONS_DEVICE_ID
                ^~~~~~~~~~~~~~~~~~~~~~~~~~~~~~~
../src/helloworld.c:26:31: note: in expansion of macro 'BTN_ID'
  cfg_ptr = XGpio_LookupConfig(BTN_ID);
                               ^~~~~~
../src/helloworld.c:27:51: error: request for member 'BaseAddress' in something not a structure or union
  XGpio_CfgInitialize(&btn_device, cfg_ptr, cfg_ptr->BaseAddress);
                                                   ^~
../src/helloworld.c:30:2: warning: implicit declaration of function 'XGpio_SetDataDirection'; did you mean 'XGpioPs_SetDirection'? [-Wimplicit-function-declaration]
  XGpio_SetDataDirection(&btn_device, BTN_CHANNEL, BTN_MASK);
  ^~~~~~~~~~~~~~~~~~~~~~
  XGpioPs_SetDirection
../src/helloworld.c:36:10: warning: implicit declaration of function 'XGpio_DiscreteRead'; did you mean 'XGpioPs_Read'? [-Wimplicit-function-declaration]
   data = XGpio_DiscreteRead(&btn_device, BTN_CHANNEL);
          ^~~~~~~~~~~~~~~~~~
          XGpioPs_Read
../src/helloworld.c:43:3: warning: implicit declaration of function 'XGpio_DiscreteWrite'; did you mean 'XGpioPs_Write'? [-Wimplicit-function-declaration]
   XGpio_DiscreteWrite(&led_device, LED_CHANNEL, data);
   ^~~~~~~~~~~~~~~~~~~
   XGpioPs_Write
make: *** [src/subdir.mk:26: src/helloworld.o] Error 1
16:59:44 **** Auto Build of configuration Debug for project psledblink ****
make pre-build main-build 
a9-linaro-pre-build-step
' '
'Building file: ../src/helloworld.c'
'Invoking: ARM v7 gcc compiler'
arm-none-eabi-gcc -Wall -O0 -g3 -c -fmessage-length=0 -MT"src/helloworld.o" -mcpu=cortex-a9 -mfpu=vfpv3 -mfloat-abi=hard -I../../psledblink_bsp/ps7_cortexa9_0/include -MMD -MP -MF"src/helloworld.d" -MT"src/helloworld.o" -o "src/helloworld.o" "../src/helloworld.c"
../src/helloworld.c: In function 'main':
../src/helloworld.c:14:2: error: unknown type name 'XGpio_Config'; did you mean 'XGpioPs_Config'?
  XGpio_Config *cfg_ptr;
  ^~~~~~~~~~~~
  XGpioPs_Config
../src/helloworld.c:15:2: error: unknown type name 'XGpio'; did you mean 'XGpioPs'?
  XGpio led_device, btn_device;
  ^~~~~
  XGpioPs
../src/helloworld.c:21:12: warning: implicit declaration of function 'XGpio_LookupConfig'; did you mean 'XGpioPs_LookupConfig'? [-Wimplicit-function-declaration]
  cfg_ptr = XGpio_LookupConfig(LED_ID);
            ^~~~~~~~~~~~~~~~~~
            XGpioPs_LookupConfig
../src/helloworld.c:21:31: error: 'LED_ID' undeclared (first use in this function); did you mean 'LED_MASK'?
  cfg_ptr = XGpio_LookupConfig(LED_ID);
                               ^~~~~~
                               LED_MASK
../src/helloworld.c:21:31: note: each undeclared identifier is reported only once for each function it appears in
../src/helloworld.c:22:2: warning: implicit declaration of function 'XGpio_CfgInitialize'; did you mean 'XGpioPs_CfgInitialize'? [-Wimplicit-function-declaration]
  XGpio_CfgInitialize(&led_device, cfg_ptr, cfg_ptr->BaseAddress);
  ^~~~~~~~~~~~~~~~~~~
  XGpioPs_CfgInitialize
../src/helloworld.c:22:51: error: request for member 'BaseAddress' in something not a structure or union
  XGpio_CfgInitialize(&led_device, cfg_ptr, cfg_ptr->BaseAddress);
                                                   ^~
../src/helloworld.c:25:31: error: 'BTN_ID' undeclared (first use in this function); did you mean 'BTN_MASK'?
  cfg_ptr = XGpio_LookupConfig(BTN_ID);
                               ^~~~~~
                               BTN_MASK
../src/helloworld.c:26:51: error: request for member 'BaseAddress' in something not a structure or union
  XGpio_CfgInitialize(&btn_device, cfg_ptr, cfg_ptr->BaseAddress);
                                                   ^~
../src/helloworld.c:29:2: warning: implicit declaration of function 'XGpio_SetDataDirection'; did you mean 'XGpioPs_SetDirection'? [-Wimplicit-function-declaration]
  XGpio_SetDataDirection(&btn_device, BTN_CHANNEL, BTN_MASK);
  ^~~~~~~~~~~~~~~~~~~~~~
  XGpioPs_SetDirection
../src/helloworld.c:35:10: warning: implicit declaration of function 'XGpio_DiscreteRead'; did you mean 'XGpioPs_Read'? [-Wimplicit-function-declaration]
   data = XGpio_DiscreteRead(&btn_device, BTN_CHANNEL);
          ^~~~~~~~~~~~~~~~~~
          XGpioPs_Read
../src/helloworld.c:42:3: warning: implicit declaration of function 'XGpio_DiscreteWrite'; did you mean 'XGpioPs_Write'? [-Wimplicit-function-declaration]
   XGpio_DiscreteWrite(&led_device, LED_CHANNEL, data);
   ^~~~~~~~~~~~~~~~~~~
   XGpioPs_Write
make: *** [src/subdir.mk:26: src/helloworld.o] Error 1
17:09:41 **** Auto Build of configuration Debug for project psledblink ****
make pre-build main-build 
a9-linaro-pre-build-step
' '
'Building file: ../src/helloworld.c'
'Invoking: ARM v7 gcc compiler'
arm-none-eabi-gcc -Wall -O0 -g3 -c -fmessage-length=0 -MT"src/helloworld.o" -mcpu=cortex-a9 -mfpu=vfpv3 -mfloat-abi=hard -I../../psledblink_bsp/ps7_cortexa9_0/include -MMD -MP -MF"src/helloworld.d" -MT"src/helloworld.o" -o "src/helloworld.o" "../src/helloworld.c"
'Finished building: ../src/helloworld.c'
' '
'Building target: psledblink.elf'
'Invoking: ARM v7 gcc linker'
arm-none-eabi-gcc -mcpu=cortex-a9 -mfpu=vfpv3 -mfloat-abi=hard -Wl,-build-id=none -specs=Xilinx.spec -Wl,-T -Wl,../src/lscript.ld -L../../psledblink_bsp/ps7_cortexa9_0/lib -o "psledblink.elf"  ./src/helloworld.o ./src/platform.o   -Wl,--start-group,-lxil,-lgcc,-lc,--end-group
'Finished building target: psledblink.elf'
' '
'Invoking: ARM v7 Print Size'
arm-none-eabi-size psledblink.elf  |tee "psledblink.elf.size"
   text	   data	    bss	    dec	    hex	filename
  26744	   1144	  22584	  50472	   c528	psledblink.elf
'Finished building: psledblink.elf.size'
' '
17:09:51 **** Incremental Build of configuration Debug for project psledblink ****
make pre-build main-build 
a9-linaro-pre-build-step
' '
make: Nothing to be done for 'main-build'.
17:10:46 **** Auto Build of configuration Debug for project psledblink ****
make pre-build main-build 
a9-linaro-pre-build-step
' '
'Building file: ../src/helloworld.c'
'Invoking: ARM v7 gcc compiler'
arm-none-eabi-gcc -Wall -O0 -g3 -c -fmessage-length=0 -MT"src/helloworld.o" -mcpu=cortex-a9 -mfpu=vfpv3 -mfloat-abi=hard -I../../psledblink_bsp/ps7_cortexa9_0/include -MMD -MP -MF"src/helloworld.d" -MT"src/helloworld.o" -o "src/helloworld.o" "../src/helloworld.c"
'Finished building: ../src/helloworld.c'
' '
'Building target: psledblink.elf'
'Invoking: ARM v7 gcc linker'
arm-none-eabi-gcc -mcpu=cortex-a9 -mfpu=vfpv3 -mfloat-abi=hard -Wl,-build-id=none -specs=Xilinx.spec -Wl,-T -Wl,../src/lscript.ld -L../../psledblink_bsp/ps7_cortexa9_0/lib -o "psledblink.elf"  ./src/helloworld.o ./src/platform.o   -Wl,--start-group,-lxil,-lgcc,-lc,--end-group
'Finished building target: psledblink.elf'
' '
'Invoking: ARM v7 Print Size'
arm-none-eabi-size psledblink.elf  |tee "psledblink.elf.size"
   text	   data	    bss	    dec	    hex	filename
  26744	   1144	  22584	  50472	   c528	psledblink.elf
'Finished building: psledblink.elf.size'
' '
17:10:58 **** Auto Build of configuration Debug for project psledblink ****
make pre-build main-build 
a9-linaro-pre-build-step
' '
'Building file: ../src/helloworld.c'
'Invoking: ARM v7 gcc compiler'
arm-none-eabi-gcc -Wall -O0 -g3 -c -fmessage-length=0 -MT"src/helloworld.o" -mcpu=cortex-a9 -mfpu=vfpv3 -mfloat-abi=hard -I../../psledblink_bsp/ps7_cortexa9_0/include -MMD -MP -MF"src/helloworld.d" -MT"src/helloworld.o" -o "src/helloworld.o" "../src/helloworld.c"
'Finished building: ../src/helloworld.c'
' '
'Building target: psledblink.elf'
'Invoking: ARM v7 gcc linker'
arm-none-eabi-gcc -mcpu=cortex-a9 -mfpu=vfpv3 -mfloat-abi=hard -Wl,-build-id=none -specs=Xilinx.spec -Wl,-T -Wl,../src/lscript.ld -L../../psledblink_bsp/ps7_cortexa9_0/lib -o "psledblink.elf"  ./src/helloworld.o ./src/platform.o   -Wl,--start-group,-lxil,-lgcc,-lc,--end-group
'Finished building target: psledblink.elf'
' '
'Invoking: ARM v7 Print Size'
arm-none-eabi-size psledblink.elf  |tee "psledblink.elf.size"
   text	   data	    bss	    dec	    hex	filename
  26744	   1144	  22584	  50472	   c528	psledblink.elf
'Finished building: psledblink.elf.size'
' '
17:11:05 **** Incremental Build of configuration Debug for project psledblink ****
make pre-build main-build 
a9-linaro-pre-build-step
' '
make: Nothing to be done for 'main-build'.
17:13:19 **** Auto Build of configuration Debug for project psledblink ****
make pre-build main-build 
a9-linaro-pre-build-step
' '
'Building file: ../src/helloworld.c'
'Invoking: ARM v7 gcc compiler'
arm-none-eabi-gcc -Wall -O0 -g3 -c -fmessage-length=0 -MT"src/helloworld.o" -mcpu=cortex-a9 -mfpu=vfpv3 -mfloat-abi=hard -I../../psledblink_bsp/ps7_cortexa9_0/include -MMD -MP -MF"src/helloworld.d" -MT"src/helloworld.o" -o "src/helloworld.o" "../src/helloworld.c"
'Finished building: ../src/helloworld.c'
' '
'Building target: psledblink.elf'
'Invoking: ARM v7 gcc linker'
arm-none-eabi-gcc -mcpu=cortex-a9 -mfpu=vfpv3 -mfloat-abi=hard -Wl,-build-id=none -specs=Xilinx.spec -Wl,-T -Wl,../src/lscript.ld -L../../psledblink_bsp/ps7_cortexa9_0/lib -o "psledblink.elf"  ./src/helloworld.o ./src/platform.o   -Wl,--start-group,-lxil,-lgcc,-lc,--end-group
'Finished building target: psledblink.elf'
' '
'Invoking: ARM v7 Print Size'
arm-none-eabi-size psledblink.elf  |tee "psledblink.elf.size"
   text	   data	    bss	    dec	    hex	filename
  26808	   1152	  22584	  50544	   c570	psledblink.elf
'Finished building: psledblink.elf.size'
' '
17:13:26 **** Incremental Build of configuration Debug for project psledblink ****
make pre-build main-build 
a9-linaro-pre-build-step
' '
make: Nothing to be done for 'main-build'.
17:13:39 **** Auto Build of configuration Debug for project psledblink ****
make pre-build main-build 
a9-linaro-pre-build-step
' '
'Building file: ../src/helloworld.c'
'Invoking: ARM v7 gcc compiler'
arm-none-eabi-gcc -Wall -O0 -g3 -c -fmessage-length=0 -MT"src/helloworld.o" -mcpu=cortex-a9 -mfpu=vfpv3 -mfloat-abi=hard -I../../psledblink_bsp/ps7_cortexa9_0/include -MMD -MP -MF"src/helloworld.d" -MT"src/helloworld.o" -o "src/helloworld.o" "../src/helloworld.c"
'Finished building: ../src/helloworld.c'
' '
'Building target: psledblink.elf'
'Invoking: ARM v7 gcc linker'
arm-none-eabi-gcc -mcpu=cortex-a9 -mfpu=vfpv3 -mfloat-abi=hard -Wl,-build-id=none -specs=Xilinx.spec -Wl,-T -Wl,../src/lscript.ld -L../../psledblink_bsp/ps7_cortexa9_0/lib -o "psledblink.elf"  ./src/helloworld.o ./src/platform.o   -Wl,--start-group,-lxil,-lgcc,-lc,--end-group
'Finished building target: psledblink.elf'
' '
'Invoking: ARM v7 Print Size'
arm-none-eabi-size psledblink.elf  |tee "psledblink.elf.size"
   text	   data	    bss	    dec	    hex	filename
  26808	   1152	  22584	  50544	   c570	psledblink.elf
'Finished building: psledblink.elf.size'
' '
17:13:44 **** Incremental Build of configuration Debug for project psledblink ****
make pre-build main-build 
a9-linaro-pre-build-step
' '
make: Nothing to be done for 'main-build'.
17:14:06 **** Auto Build of configuration Debug for project psledblink ****
make pre-build main-build 
a9-linaro-pre-build-step
' '
'Building file: ../src/helloworld.c'
'Invoking: ARM v7 gcc compiler'
arm-none-eabi-gcc -Wall -O0 -g3 -c -fmessage-length=0 -MT"src/helloworld.o" -mcpu=cortex-a9 -mfpu=vfpv3 -mfloat-abi=hard -I../../psledblink_bsp/ps7_cortexa9_0/include -MMD -MP -MF"src/helloworld.d" -MT"src/helloworld.o" -o "src/helloworld.o" "../src/helloworld.c"
'Finished building: ../src/helloworld.c'
' '
'Building target: psledblink.elf'
'Invoking: ARM v7 gcc linker'
arm-none-eabi-gcc -mcpu=cortex-a9 -mfpu=vfpv3 -mfloat-abi=hard -Wl,-build-id=none -specs=Xilinx.spec -Wl,-T -Wl,../src/lscript.ld -L../../psledblink_bsp/ps7_cortexa9_0/lib -o "psledblink.elf"  ./src/helloworld.o ./src/platform.o   -Wl,--start-group,-lxil,-lgcc,-lc,--end-group
'Finished building target: psledblink.elf'
' '
'Invoking: ARM v7 Print Size'
arm-none-eabi-size psledblink.elf  |tee "psledblink.elf.size"
   text	   data	    bss	    dec	    hex	filename
  26808	   1152	  22584	  50544	   c570	psledblink.elf
'Finished building: psledblink.elf.size'
' '
17:14:10 **** Incremental Build of configuration Debug for project psledblink ****
make pre-build main-build 
a9-linaro-pre-build-step
' '
make: Nothing to be done for 'main-build'.
17:14:48 **** Auto Build of configuration Debug for project psledblink ****
make pre-build main-build 
a9-linaro-pre-build-step
' '
'Building file: ../src/helloworld.c'
'Invoking: ARM v7 gcc compiler'
arm-none-eabi-gcc -Wall -O0 -g3 -c -fmessage-length=0 -MT"src/helloworld.o" -mcpu=cortex-a9 -mfpu=vfpv3 -mfloat-abi=hard -I../../psledblink_bsp/ps7_cortexa9_0/include -MMD -MP -MF"src/helloworld.d" -MT"src/helloworld.o" -o "src/helloworld.o" "../src/helloworld.c"
'Finished building: ../src/helloworld.c'
' '
'Building target: psledblink.elf'
'Invoking: ARM v7 gcc linker'
arm-none-eabi-gcc -mcpu=cortex-a9 -mfpu=vfpv3 -mfloat-abi=hard -Wl,-build-id=none -specs=Xilinx.spec -Wl,-T -Wl,../src/lscript.ld -L../../psledblink_bsp/ps7_cortexa9_0/lib -o "psledblink.elf"  ./src/helloworld.o ./src/platform.o   -Wl,--start-group,-lxil,-lgcc,-lc,--end-group
'Finished building target: psledblink.elf'
' '
'Invoking: ARM v7 Print Size'
arm-none-eabi-size psledblink.elf  |tee "psledblink.elf.size"
   text	   data	    bss	    dec	    hex	filename
  26808	   1152	  22584	  50544	   c570	psledblink.elf
'Finished building: psledblink.elf.size'
' '
17:14:51 **** Incremental Build of configuration Debug for project psledblink ****
make pre-build main-build 
a9-linaro-pre-build-step
' '
make: Nothing to be done for 'main-build'.
20:50:15 **** Auto Build of configuration Debug for project psledblink ****
make pre-build main-build 
a9-linaro-pre-build-step
' '
'Building file: ../src/helloworld.c'
'Invoking: ARM v7 gcc compiler'
arm-none-eabi-gcc -Wall -O0 -g3 -c -fmessage-length=0 -MT"src/helloworld.o" -mcpu=cortex-a9 -mfpu=vfpv3 -mfloat-abi=hard -I../../psledblink_bsp/ps7_cortexa9_0/include -MMD -MP -MF"src/helloworld.d" -MT"src/helloworld.o" -o "src/helloworld.o" "../src/helloworld.c"
../src/helloworld.c: In function 'main':
../src/helloworld.c:23:7: warning: implicit declaration of function 'printf' [-Wimplicit-function-declaration]
       printf("Finish!\n\r");
       ^~~~~~
../src/helloworld.c:23:7: warning: incompatible implicit declaration of built-in function 'printf'
../src/helloworld.c:23:7: note: include '<stdio.h>' or provide a declaration of 'printf'
../src/helloworld.c:4:1:
+#include <stdio.h>
 #define REG(address) *(volatile unsigned int*)(address) //Register writing function
../src/helloworld.c:23:7:
       printf("Finish!\n\r");
       ^~~~~~
'Finished building: ../src/helloworld.c'
' '
'Building target: psledblink.elf'
'Invoking: ARM v7 gcc linker'
arm-none-eabi-gcc -mcpu=cortex-a9 -mfpu=vfpv3 -mfloat-abi=hard -Wl,-build-id=none -specs=Xilinx.spec -Wl,-T -Wl,../src/lscript.ld -L../../psledblink_bsp/ps7_cortexa9_0/lib -o "psledblink.elf"  ./src/helloworld.o ./src/platform.o   -Wl,--start-group,-lxil,-lgcc,-lc,--end-group
'Finished building target: psledblink.elf'
' '
'Invoking: ARM v7 Print Size'
arm-none-eabi-size psledblink.elf  |tee "psledblink.elf.size"
   text	   data	    bss	    dec	    hex	filename
  56748	   2584	  23328	  82660	  142e4	psledblink.elf
'Finished building: psledblink.elf.size'
' '
20:51:13 **** Auto Build of configuration Debug for project psledblink ****
make pre-build main-build 
a9-linaro-pre-build-step
' '
'Building file: ../src/helloworld.c'
'Invoking: ARM v7 gcc compiler'
arm-none-eabi-gcc -Wall -O0 -g3 -c -fmessage-length=0 -MT"src/helloworld.o" -mcpu=cortex-a9 -mfpu=vfpv3 -mfloat-abi=hard -I../../psledblink_bsp/ps7_cortexa9_0/include -MMD -MP -MF"src/helloworld.d" -MT"src/helloworld.o" -o "src/helloworld.o" "../src/helloworld.c"
'Finished building: ../src/helloworld.c'
' '
'Building target: psledblink.elf'
'Invoking: ARM v7 gcc linker'
arm-none-eabi-gcc -mcpu=cortex-a9 -mfpu=vfpv3 -mfloat-abi=hard -Wl,-build-id=none -specs=Xilinx.spec -Wl,-T -Wl,../src/lscript.ld -L../../psledblink_bsp/ps7_cortexa9_0/lib -o "psledblink.elf"  ./src/helloworld.o ./src/platform.o   -Wl,--start-group,-lxil,-lgcc,-lc,--end-group
'Finished building target: psledblink.elf'
' '
'Invoking: ARM v7 Print Size'
arm-none-eabi-size psledblink.elf  |tee "psledblink.elf.size"
   text	   data	    bss	    dec	    hex	filename
  19104	   1144	  22568	  42816	   a740	psledblink.elf
'Finished building: psledblink.elf.size'
' '
20:51:27 **** Incremental Build of configuration Debug for project psledblink ****
make pre-build main-build 
a9-linaro-pre-build-step
' '
make: Nothing to be done for 'main-build'.
20:54:05 **** Clean-only build of configuration Debug for project psledblink ****
make clean 
rm -rf  ./src/helloworld.o ./src/platform.o  ./src/helloworld.d ./src/platform.d  psledblink.elf.size  psledblink.elf
' '
20:54:06 **** Auto Build of configuration Debug for project psledblink ****
make pre-build main-build 
a9-linaro-pre-build-step
' '
'Building file: ../src/platform.c'
'Invoking: ARM v7 gcc compiler'
arm-none-eabi-gcc -Wall -O0 -g3 -c -fmessage-length=0 -MT"src/platform.o" -mcpu=cortex-a9 -mfpu=vfpv3 -mfloat-abi=hard -I../../psledblink_bsp/ps7_cortexa9_0/include -MMD -MP -MF"src/platform.d" -MT"src/platform.o" -o "src/platform.o" "../src/platform.c"
'Finished building: ../src/platform.c'
' '
'Building file: ../src/psledblink.c'
'Invoking: ARM v7 gcc compiler'
arm-none-eabi-gcc -Wall -O0 -g3 -c -fmessage-length=0 -MT"src/psledblink.o" -mcpu=cortex-a9 -mfpu=vfpv3 -mfloat-abi=hard -I../../psledblink_bsp/ps7_cortexa9_0/include -MMD -MP -MF"src/psledblink.d" -MT"src/psledblink.o" -o "src/psledblink.o" "../src/psledblink.c"
'Finished building: ../src/psledblink.c'
' '
'Building target: psledblink.elf'
'Invoking: ARM v7 gcc linker'
arm-none-eabi-gcc -mcpu=cortex-a9 -mfpu=vfpv3 -mfloat-abi=hard -Wl,-build-id=none -specs=Xilinx.spec -Wl,-T -Wl,../src/lscript.ld -L../../psledblink_bsp/ps7_cortexa9_0/lib -o "psledblink.elf"  ./src/platform.o ./src/psledblink.o   -Wl,--start-group,-lxil,-lgcc,-lc,--end-group
'Finished building target: psledblink.elf'
' '
'Invoking: ARM v7 Print Size'
arm-none-eabi-size psledblink.elf  |tee "psledblink.elf.size"
   text	   data	    bss	    dec	    hex	filename
  19104	   1144	  22568	  42816	   a740	psledblink.elf
'Finished building: psledblink.elf.size'
' '
21:05:09 **** Auto Build of configuration Debug for project psledblink ****
make pre-build main-build 
a9-linaro-pre-build-step
' '
'Building file: ../src/psledblink.c'
'Invoking: ARM v7 gcc compiler'
arm-none-eabi-gcc -Wall -O0 -g3 -c -fmessage-length=0 -MT"src/psledblink.o" -mcpu=cortex-a9 -mfpu=vfpv3 -mfloat-abi=hard -I../../psledblink_bsp/ps7_cortexa9_0/include -MMD -MP -MF"src/psledblink.d" -MT"src/psledblink.o" -o "src/psledblink.o" "../src/psledblink.c"
../src/psledblink.c: In function 'main':
../src/psledblink.c:18:11: error: 'GPIOPS_DATA_0' undeclared (first use in this function); did you mean 'XGPIOPS_BANK0'?
       REG(GPIOPS_DATA_0) |= 1 << 7;
           ^~~~~~~~~~~~~
../src/psledblink.c:4:48: note: in definition of macro 'REG'
 #define REG(address) *(volatile unsigned int*)(address) //Register writing function
                                                ^~~~~~~
../src/psledblink.c:18:11: note: each undeclared identifier is reported only once for each function it appears in
       REG(GPIOPS_DATA_0) |= 1 << 7;
           ^~~~~~~~~~~~~
../src/psledblink.c:4:48: note: in definition of macro 'REG'
 #define REG(address) *(volatile unsigned int*)(address) //Register writing function
                                                ^~~~~~~
make: *** [src/subdir.mk:26: src/psledblink.o] Error 1
21:05:17 **** Auto Build of configuration Debug for project psledblink ****
make pre-build main-build 
a9-linaro-pre-build-step
' '
'Building file: ../src/psledblink.c'
'Invoking: ARM v7 gcc compiler'
arm-none-eabi-gcc -Wall -O0 -g3 -c -fmessage-length=0 -MT"src/psledblink.o" -mcpu=cortex-a9 -mfpu=vfpv3 -mfloat-abi=hard -I../../psledblink_bsp/ps7_cortexa9_0/include -MMD -MP -MF"src/psledblink.d" -MT"src/psledblink.o" -o "src/psledblink.o" "../src/psledblink.c"
'Finished building: ../src/psledblink.c'
' '
'Building target: psledblink.elf'
'Invoking: ARM v7 gcc linker'
arm-none-eabi-gcc -mcpu=cortex-a9 -mfpu=vfpv3 -mfloat-abi=hard -Wl,-build-id=none -specs=Xilinx.spec -Wl,-T -Wl,../src/lscript.ld -L../../psledblink_bsp/ps7_cortexa9_0/lib -o "psledblink.elf"  ./src/platform.o ./src/psledblink.o   -Wl,--start-group,-lxil,-lgcc,-lc,--end-group
'Finished building target: psledblink.elf'
' '
'Invoking: ARM v7 Print Size'
arm-none-eabi-size psledblink.elf  |tee "psledblink.elf.size"
   text	   data	    bss	    dec	    hex	filename
  19104	   1144	  22568	  42816	   a740	psledblink.elf
'Finished building: psledblink.elf.size'
' '
21:05:23 **** Incremental Build of configuration Debug for project psledblink ****
make pre-build main-build 
a9-linaro-pre-build-step
' '
make: Nothing to be done for 'main-build'.
21:05:57 **** Auto Build of configuration Debug for project psledblink ****
make pre-build main-build 
a9-linaro-pre-build-step
' '
'Building file: ../src/psledblink.c'
'Invoking: ARM v7 gcc compiler'
arm-none-eabi-gcc -Wall -O0 -g3 -c -fmessage-length=0 -MT"src/psledblink.o" -mcpu=cortex-a9 -mfpu=vfpv3 -mfloat-abi=hard -I../../psledblink_bsp/ps7_cortexa9_0/include -MMD -MP -MF"src/psledblink.d" -MT"src/psledblink.o" -o "src/psledblink.o" "../src/psledblink.c"
'Finished building: ../src/psledblink.c'
' '
'Building target: psledblink.elf'
'Invoking: ARM v7 gcc linker'
arm-none-eabi-gcc -mcpu=cortex-a9 -mfpu=vfpv3 -mfloat-abi=hard -Wl,-build-id=none -specs=Xilinx.spec -Wl,-T -Wl,../src/lscript.ld -L../../psledblink_bsp/ps7_cortexa9_0/lib -o "psledblink.elf"  ./src/platform.o ./src/psledblink.o   -Wl,--start-group,-lxil,-lgcc,-lc,--end-group
'Finished building target: psledblink.elf'
' '
'Invoking: ARM v7 Print Size'
arm-none-eabi-size psledblink.elf  |tee "psledblink.elf.size"
   text	   data	    bss	    dec	    hex	filename
  19080	   1144	  22568	  42792	   a728	psledblink.elf
'Finished building: psledblink.elf.size'
' '
21:06:02 **** Incremental Build of configuration Debug for project psledblink ****
make pre-build main-build 
a9-linaro-pre-build-step
' '
make: Nothing to be done for 'main-build'.
21:06:22 **** Auto Build of configuration Debug for project psledblink ****
make pre-build main-build 
a9-linaro-pre-build-step
' '
'Building file: ../src/psledblink.c'
'Invoking: ARM v7 gcc compiler'
arm-none-eabi-gcc -Wall -O0 -g3 -c -fmessage-length=0 -MT"src/psledblink.o" -mcpu=cortex-a9 -mfpu=vfpv3 -mfloat-abi=hard -I../../psledblink_bsp/ps7_cortexa9_0/include -MMD -MP -MF"src/psledblink.d" -MT"src/psledblink.o" -o "src/psledblink.o" "../src/psledblink.c"
'Finished building: ../src/psledblink.c'
' '
'Building target: psledblink.elf'
'Invoking: ARM v7 gcc linker'
arm-none-eabi-gcc -mcpu=cortex-a9 -mfpu=vfpv3 -mfloat-abi=hard -Wl,-build-id=none -specs=Xilinx.spec -Wl,-T -Wl,../src/lscript.ld -L../../psledblink_bsp/ps7_cortexa9_0/lib -o "psledblink.elf"  ./src/platform.o ./src/psledblink.o   -Wl,--start-group,-lxil,-lgcc,-lc,--end-group
'Finished building target: psledblink.elf'
' '
'Invoking: ARM v7 Print Size'
arm-none-eabi-size psledblink.elf  |tee "psledblink.elf.size"
   text	   data	    bss	    dec	    hex	filename
  19104	   1144	  22568	  42816	   a740	psledblink.elf
'Finished building: psledblink.elf.size'
' '
21:06:27 **** Incremental Build of configuration Debug for project psledblink ****
make pre-build main-build 
a9-linaro-pre-build-step
' '
make: Nothing to be done for 'main-build'.
21:06:48 **** Auto Build of configuration Debug for project psledblink ****
make pre-build main-build 
a9-linaro-pre-build-step
' '
'Building file: ../src/psledblink.c'
'Invoking: ARM v7 gcc compiler'
arm-none-eabi-gcc -Wall -O0 -g3 -c -fmessage-length=0 -MT"src/psledblink.o" -mcpu=cortex-a9 -mfpu=vfpv3 -mfloat-abi=hard -I../../psledblink_bsp/ps7_cortexa9_0/include -MMD -MP -MF"src/psledblink.d" -MT"src/psledblink.o" -o "src/psledblink.o" "../src/psledblink.c"
'Finished building: ../src/psledblink.c'
' '
'Building target: psledblink.elf'
'Invoking: ARM v7 gcc linker'
arm-none-eabi-gcc -mcpu=cortex-a9 -mfpu=vfpv3 -mfloat-abi=hard -Wl,-build-id=none -specs=Xilinx.spec -Wl,-T -Wl,../src/lscript.ld -L../../psledblink_bsp/ps7_cortexa9_0/lib -o "psledblink.elf"  ./src/platform.o ./src/psledblink.o   -Wl,--start-group,-lxil,-lgcc,-lc,--end-group
'Finished building target: psledblink.elf'
' '
'Invoking: ARM v7 Print Size'
arm-none-eabi-size psledblink.elf  |tee "psledblink.elf.size"
   text	   data	    bss	    dec	    hex	filename
  19104	   1144	  22568	  42816	   a740	psledblink.elf
'Finished building: psledblink.elf.size'
' '
21:06:54 **** Incremental Build of configuration Debug for project psledblink ****
make pre-build main-build 
a9-linaro-pre-build-step
' '
make: Nothing to be done for 'main-build'.
21:07:16 **** Incremental Build of configuration Debug for project psledblink ****
make pre-build main-build 
a9-linaro-pre-build-step
' '
'Building file: ../src/psledblink.c'
'Invoking: ARM v7 gcc compiler'
arm-none-eabi-gcc -Wall -O0 -g3 -c -fmessage-length=0 -MT"src/psledblink.o" -mcpu=cortex-a9 -mfpu=vfpv3 -mfloat-abi=hard -I../../psledblink_bsp/ps7_cortexa9_0/include -MMD -MP -MF"src/psledblink.d" -MT"src/psledblink.o" -o "src/psledblink.o" "../src/psledblink.c"
../src/psledblink.c: In function 'main':
../src/psledblink.c:13:33: error: invalid suffix "b" on integer constant
      REG(GPIOPS_DIRM_0FFSET) |= 0000001b; // Set MIO7 as output GPIO
                                 ^~~~~~~~
make: *** [src/subdir.mk:26: src/psledblink.o] Error 1
21:07:24 **** Auto Build of configuration Debug for project psledblink ****
make pre-build main-build 
a9-linaro-pre-build-step
' '
'Building file: ../src/psledblink.c'
'Invoking: ARM v7 gcc compiler'
arm-none-eabi-gcc -Wall -O0 -g3 -c -fmessage-length=0 -MT"src/psledblink.o" -mcpu=cortex-a9 -mfpu=vfpv3 -mfloat-abi=hard -I../../psledblink_bsp/ps7_cortexa9_0/include -MMD -MP -MF"src/psledblink.d" -MT"src/psledblink.o" -o "src/psledblink.o" "../src/psledblink.c"
../src/psledblink.c: In function 'main':
../src/psledblink.c:13:33: error: invalid suffix "b" on integer constant
      REG(GPIOPS_DIRM_0FFSET) |= 0000001b; // Set MIO7 as output GPIO
                                 ^~~~~~~~
../src/psledblink.c:14:32: error: invalid suffix "b" on integer constant
      REG(GPIO_OUTEN_0FFSET) |= 0000001b; // Set MIO7 output enable
                                ^~~~~~~~
make: *** [src/subdir.mk:26: src/psledblink.o] Error 1
21:07:32 **** Auto Build of configuration Debug for project psledblink ****
make pre-build main-build 
a9-linaro-pre-build-step
' '
'Building file: ../src/psledblink.c'
'Invoking: ARM v7 gcc compiler'
arm-none-eabi-gcc -Wall -O0 -g3 -c -fmessage-length=0 -MT"src/psledblink.o" -mcpu=cortex-a9 -mfpu=vfpv3 -mfloat-abi=hard -I../../psledblink_bsp/ps7_cortexa9_0/include -MMD -MP -MF"src/psledblink.d" -MT"src/psledblink.o" -o "src/psledblink.o" "../src/psledblink.c"
../src/psledblink.c: In function 'main':
../src/psledblink.c:13:32: error: invalid suffix "b" on integer constant
      REG(GPIOPS_DIRM_0FFSET) = 0000001b; // Set MIO7 as output GPIO
                                ^~~~~~~~
../src/psledblink.c:14:31: error: invalid suffix "b" on integer constant
      REG(GPIO_OUTEN_0FFSET) = 0000001b; // Set MIO7 output enable
                               ^~~~~~~~
make: *** [src/subdir.mk:26: src/psledblink.o] Error 1
21:07:46 **** Auto Build of configuration Debug for project psledblink ****
make pre-build main-build 
a9-linaro-pre-build-step
' '
'Building file: ../src/psledblink.c'
'Invoking: ARM v7 gcc compiler'
arm-none-eabi-gcc -Wall -O0 -g3 -c -fmessage-length=0 -MT"src/psledblink.o" -mcpu=cortex-a9 -mfpu=vfpv3 -mfloat-abi=hard -I../../psledblink_bsp/ps7_cortexa9_0/include -MMD -MP -MF"src/psledblink.d" -MT"src/psledblink.o" -o "src/psledblink.o" "../src/psledblink.c"
'Finished building: ../src/psledblink.c'
' '
'Building target: psledblink.elf'
'Invoking: ARM v7 gcc linker'
arm-none-eabi-gcc -mcpu=cortex-a9 -mfpu=vfpv3 -mfloat-abi=hard -Wl,-build-id=none -specs=Xilinx.spec -Wl,-T -Wl,../src/lscript.ld -L../../psledblink_bsp/ps7_cortexa9_0/lib -o "psledblink.elf"  ./src/platform.o ./src/psledblink.o   -Wl,--start-group,-lxil,-lgcc,-lc,--end-group
'Finished building target: psledblink.elf'
' '
'Invoking: ARM v7 Print Size'
arm-none-eabi-size psledblink.elf  |tee "psledblink.elf.size"
   text	   data	    bss	    dec	    hex	filename
  19104	   1144	  22568	  42816	   a740	psledblink.elf
'Finished building: psledblink.elf.size'
' '
21:11:13 **** Auto Build of configuration Debug for project psledblink ****
make pre-build main-build 
a9-linaro-pre-build-step
' '
'Building file: ../src/psledblink.c'
'Invoking: ARM v7 gcc compiler'
arm-none-eabi-gcc -Wall -O0 -g3 -c -fmessage-length=0 -MT"src/psledblink.o" -mcpu=cortex-a9 -mfpu=vfpv3 -mfloat-abi=hard -I../../psledblink_bsp/ps7_cortexa9_0/include -MMD -MP -MF"src/psledblink.d" -MT"src/psledblink.o" -o "src/psledblink.o" "../src/psledblink.c"
../src/psledblink.c: In function 'main':
../src/psledblink.c:13:33: error: invalid suffix "b" on integer constant
      REG(GPIOPS_DIRM_0FFSET) |= 1000000b; // Set MIO7 as output GPIO
                                 ^~~~~~~~
make: *** [src/subdir.mk:26: src/psledblink.o] Error 1
21:15:53 **** Auto Build of configuration Debug for project psledblink ****
make pre-build main-build 
a9-linaro-pre-build-step
' '
'Building file: ../src/psledblink.c'
'Invoking: ARM v7 gcc compiler'
arm-none-eabi-gcc -Wall -O0 -g3 -c -fmessage-length=0 -MT"src/psledblink.o" -mcpu=cortex-a9 -mfpu=vfpv3 -mfloat-abi=hard -I../../psledblink_bsp/ps7_cortexa9_0/include -MMD -MP -MF"src/psledblink.d" -MT"src/psledblink.o" -o "src/psledblink.o" "../src/psledblink.c"
../src/psledblink.c: In function 'main':
../src/psledblink.c:13:34: warning: missing terminating ' character
      REG(GPIOPS_DIRM_0FFSET) |= b'1000000; // Set MIO7 as output GPIO
                                  ^
../src/psledblink.c:13:34: error: missing terminating ' character
      REG(GPIOPS_DIRM_0FFSET) |= b'1000000; // Set MIO7 as output GPIO
                                  ^~~~~~~~~~~~~~~~~~~~~~~~~~~~~~~~~~~~
../src/psledblink.c:13:33: error: 'b' undeclared (first use in this function)
      REG(GPIOPS_DIRM_0FFSET) |= b'1000000; // Set MIO7 as output GPIO
                                 ^
../src/psledblink.c:13:33: note: each undeclared identifier is reported only once for each function it appears in
make: *** [src/subdir.mk:26: src/psledblink.o] Error 1
21:20:58 **** Auto Build of configuration Debug for project psledblink ****
make pre-build main-build 
a9-linaro-pre-build-step
' '
'Building file: ../src/psledblink.c'
'Invoking: ARM v7 gcc compiler'
arm-none-eabi-gcc -Wall -O0 -g3 -c -fmessage-length=0 -MT"src/psledblink.o" -mcpu=cortex-a9 -mfpu=vfpv3 -mfloat-abi=hard -I../../psledblink_bsp/ps7_cortexa9_0/include -MMD -MP -MF"src/psledblink.d" -MT"src/psledblink.o" -o "src/psledblink.o" "../src/psledblink.c"
../src/psledblink.c: In function 'main':
../src/psledblink.c:13:33: error: invalid suffix "b1000000" on integer constant
      REG(GPIOPS_DIRM_0FFSET) |= 8b1000000; // Set MIO7 as output GPIO
                                 ^~~~~~~~~
make: *** [src/subdir.mk:26: src/psledblink.o] Error 1
21:21:02 **** Auto Build of configuration Debug for project psledblink ****
make pre-build main-build 
a9-linaro-pre-build-step
' '
'Building file: ../src/psledblink.c'
'Invoking: ARM v7 gcc compiler'
arm-none-eabi-gcc -Wall -O0 -g3 -c -fmessage-length=0 -MT"src/psledblink.o" -mcpu=cortex-a9 -mfpu=vfpv3 -mfloat-abi=hard -I../../psledblink_bsp/ps7_cortexa9_0/include -MMD -MP -MF"src/psledblink.d" -MT"src/psledblink.o" -o "src/psledblink.o" "../src/psledblink.c"
'Finished building: ../src/psledblink.c'
' '
'Building target: psledblink.elf'
'Invoking: ARM v7 gcc linker'
arm-none-eabi-gcc -mcpu=cortex-a9 -mfpu=vfpv3 -mfloat-abi=hard -Wl,-build-id=none -specs=Xilinx.spec -Wl,-T -Wl,../src/lscript.ld -L../../psledblink_bsp/ps7_cortexa9_0/lib -o "psledblink.elf"  ./src/platform.o ./src/psledblink.o   -Wl,--start-group,-lxil,-lgcc,-lc,--end-group
'Finished building target: psledblink.elf'
' '
'Invoking: ARM v7 Print Size'
arm-none-eabi-size psledblink.elf  |tee "psledblink.elf.size"
   text	   data	    bss	    dec	    hex	filename
  19104	   1144	  22568	  42816	   a740	psledblink.elf
'Finished building: psledblink.elf.size'
' '
21:21:20 **** Incremental Build of configuration Debug for project psledblink ****
make pre-build main-build 
a9-linaro-pre-build-step
' '
make: Nothing to be done for 'main-build'.
21:21:30 **** Auto Build of configuration Debug for project psledblink ****
make pre-build main-build 
a9-linaro-pre-build-step
' '
'Building file: ../src/psledblink.c'
'Invoking: ARM v7 gcc compiler'
arm-none-eabi-gcc -Wall -O0 -g3 -c -fmessage-length=0 -MT"src/psledblink.o" -mcpu=cortex-a9 -mfpu=vfpv3 -mfloat-abi=hard -I../../psledblink_bsp/ps7_cortexa9_0/include -MMD -MP -MF"src/psledblink.d" -MT"src/psledblink.o" -o "src/psledblink.o" "../src/psledblink.c"
'Finished building: ../src/psledblink.c'
' '
'Building target: psledblink.elf'
'Invoking: ARM v7 gcc linker'
arm-none-eabi-gcc -mcpu=cortex-a9 -mfpu=vfpv3 -mfloat-abi=hard -Wl,-build-id=none -specs=Xilinx.spec -Wl,-T -Wl,../src/lscript.ld -L../../psledblink_bsp/ps7_cortexa9_0/lib -o "psledblink.elf"  ./src/platform.o ./src/psledblink.o   -Wl,--start-group,-lxil,-lgcc,-lc,--end-group
'Finished building target: psledblink.elf'
' '
'Invoking: ARM v7 Print Size'
arm-none-eabi-size psledblink.elf  |tee "psledblink.elf.size"
   text	   data	    bss	    dec	    hex	filename
  19104	   1144	  22568	  42816	   a740	psledblink.elf
'Finished building: psledblink.elf.size'
' '
21:21:41 **** Incremental Build of configuration Debug for project psledblink ****
make pre-build main-build 
a9-linaro-pre-build-step
' '
make: Nothing to be done for 'main-build'.
21:21:58 **** Auto Build of configuration Debug for project psledblink ****
make pre-build main-build 
a9-linaro-pre-build-step
' '
'Building file: ../src/psledblink.c'
'Invoking: ARM v7 gcc compiler'
arm-none-eabi-gcc -Wall -O0 -g3 -c -fmessage-length=0 -MT"src/psledblink.o" -mcpu=cortex-a9 -mfpu=vfpv3 -mfloat-abi=hard -I../../psledblink_bsp/ps7_cortexa9_0/include -MMD -MP -MF"src/psledblink.d" -MT"src/psledblink.o" -o "src/psledblink.o" "../src/psledblink.c"
'Finished building: ../src/psledblink.c'
' '
'Building target: psledblink.elf'
'Invoking: ARM v7 gcc linker'
arm-none-eabi-gcc -mcpu=cortex-a9 -mfpu=vfpv3 -mfloat-abi=hard -Wl,-build-id=none -specs=Xilinx.spec -Wl,-T -Wl,../src/lscript.ld -L../../psledblink_bsp/ps7_cortexa9_0/lib -o "psledblink.elf"  ./src/platform.o ./src/psledblink.o   -Wl,--start-group,-lxil,-lgcc,-lc,--end-group
'Finished building target: psledblink.elf'
' '
'Invoking: ARM v7 Print Size'
arm-none-eabi-size psledblink.elf  |tee "psledblink.elf.size"
   text	   data	    bss	    dec	    hex	filename
  19104	   1144	  22568	  42816	   a740	psledblink.elf
'Finished building: psledblink.elf.size'
' '
21:22:04 **** Incremental Build of configuration Debug for project psledblink ****
make pre-build main-build 
a9-linaro-pre-build-step
' '
make: Nothing to be done for 'main-build'.
21:22:17 **** Auto Build of configuration Debug for project psledblink ****
make pre-build main-build 
a9-linaro-pre-build-step
' '
'Building file: ../src/psledblink.c'
'Invoking: ARM v7 gcc compiler'
arm-none-eabi-gcc -Wall -O0 -g3 -c -fmessage-length=0 -MT"src/psledblink.o" -mcpu=cortex-a9 -mfpu=vfpv3 -mfloat-abi=hard -I../../psledblink_bsp/ps7_cortexa9_0/include -MMD -MP -MF"src/psledblink.d" -MT"src/psledblink.o" -o "src/psledblink.o" "../src/psledblink.c"
'Finished building: ../src/psledblink.c'
' '
'Building target: psledblink.elf'
'Invoking: ARM v7 gcc linker'
arm-none-eabi-gcc -mcpu=cortex-a9 -mfpu=vfpv3 -mfloat-abi=hard -Wl,-build-id=none -specs=Xilinx.spec -Wl,-T -Wl,../src/lscript.ld -L../../psledblink_bsp/ps7_cortexa9_0/lib -o "psledblink.elf"  ./src/platform.o ./src/psledblink.o   -Wl,--start-group,-lxil,-lgcc,-lc,--end-group
'Finished building target: psledblink.elf'
' '
'Invoking: ARM v7 Print Size'
arm-none-eabi-size psledblink.elf  |tee "psledblink.elf.size"
   text	   data	    bss	    dec	    hex	filename
  19104	   1144	  22568	  42816	   a740	psledblink.elf
'Finished building: psledblink.elf.size'
' '
21:22:34 **** Auto Build of configuration Debug for project psledblink ****
make pre-build main-build 
a9-linaro-pre-build-step
' '
'Building file: ../src/psledblink.c'
'Invoking: ARM v7 gcc compiler'
arm-none-eabi-gcc -Wall -O0 -g3 -c -fmessage-length=0 -MT"src/psledblink.o" -mcpu=cortex-a9 -mfpu=vfpv3 -mfloat-abi=hard -I../../psledblink_bsp/ps7_cortexa9_0/include -MMD -MP -MF"src/psledblink.d" -MT"src/psledblink.o" -o "src/psledblink.o" "../src/psledblink.c"
'Finished building: ../src/psledblink.c'
' '
'Building target: psledblink.elf'
'Invoking: ARM v7 gcc linker'
arm-none-eabi-gcc -mcpu=cortex-a9 -mfpu=vfpv3 -mfloat-abi=hard -Wl,-build-id=none -specs=Xilinx.spec -Wl,-T -Wl,../src/lscript.ld -L../../psledblink_bsp/ps7_cortexa9_0/lib -o "psledblink.elf"  ./src/platform.o ./src/psledblink.o   -Wl,--start-group,-lxil,-lgcc,-lc,--end-group
'Finished building target: psledblink.elf'
' '
'Invoking: ARM v7 Print Size'
arm-none-eabi-size psledblink.elf  |tee "psledblink.elf.size"
   text	   data	    bss	    dec	    hex	filename
  19104	   1144	  22568	  42816	   a740	psledblink.elf
'Finished building: psledblink.elf.size'
' '
21:22:43 **** Incremental Build of configuration Debug for project psledblink ****
make pre-build main-build 
a9-linaro-pre-build-step
' '
make: Nothing to be done for 'main-build'.
21:26:09 **** Auto Build of configuration Debug for project psledblink ****
make pre-build main-build 
a9-linaro-pre-build-step
' '
'Building file: ../src/psledblink.c'
'Invoking: ARM v7 gcc compiler'
arm-none-eabi-gcc -Wall -O0 -g3 -c -fmessage-length=0 -MT"src/psledblink.o" -mcpu=cortex-a9 -mfpu=vfpv3 -mfloat-abi=hard -I../../psledblink_bsp/ps7_cortexa9_0/include -MMD -MP -MF"src/psledblink.d" -MT"src/psledblink.o" -o "src/psledblink.o" "../src/psledblink.c"
'Finished building: ../src/psledblink.c'
' '
'Building target: psledblink.elf'
'Invoking: ARM v7 gcc linker'
arm-none-eabi-gcc -mcpu=cortex-a9 -mfpu=vfpv3 -mfloat-abi=hard -Wl,-build-id=none -specs=Xilinx.spec -Wl,-T -Wl,../src/lscript.ld -L../../psledblink_bsp/ps7_cortexa9_0/lib -o "psledblink.elf"  ./src/platform.o ./src/psledblink.o   -Wl,--start-group,-lxil,-lgcc,-lc,--end-group
'Finished building target: psledblink.elf'
' '
'Invoking: ARM v7 Print Size'
arm-none-eabi-size psledblink.elf  |tee "psledblink.elf.size"
   text	   data	    bss	    dec	    hex	filename
  19104	   1144	  22568	  42816	   a740	psledblink.elf
'Finished building: psledblink.elf.size'
' '
21:26:13 **** Incremental Build of configuration Debug for project psledblink ****
make pre-build main-build 
a9-linaro-pre-build-step
' '
make: Nothing to be done for 'main-build'.
21:27:46 **** Auto Build of configuration Debug for project psledblink ****
make pre-build main-build 
a9-linaro-pre-build-step
' '
'Building file: ../src/psledblink.c'
'Invoking: ARM v7 gcc compiler'
arm-none-eabi-gcc -Wall -O0 -g3 -c -fmessage-length=0 -MT"src/psledblink.o" -mcpu=cortex-a9 -mfpu=vfpv3 -mfloat-abi=hard -I../../psledblink_bsp/ps7_cortexa9_0/include -MMD -MP -MF"src/psledblink.d" -MT"src/psledblink.o" -o "src/psledblink.o" "../src/psledblink.c"
'Finished building: ../src/psledblink.c'
' '
'Building target: psledblink.elf'
'Invoking: ARM v7 gcc linker'
arm-none-eabi-gcc -mcpu=cortex-a9 -mfpu=vfpv3 -mfloat-abi=hard -Wl,-build-id=none -specs=Xilinx.spec -Wl,-T -Wl,../src/lscript.ld -L../../psledblink_bsp/ps7_cortexa9_0/lib -o "psledblink.elf"  ./src/platform.o ./src/psledblink.o   -Wl,--start-group,-lxil,-lgcc,-lc,--end-group
'Finished building target: psledblink.elf'
' '
'Invoking: ARM v7 Print Size'
arm-none-eabi-size psledblink.elf  |tee "psledblink.elf.size"
   text	   data	    bss	    dec	    hex	filename
  19080	   1144	  22568	  42792	   a728	psledblink.elf
'Finished building: psledblink.elf.size'
' '
21:27:52 **** Incremental Build of configuration Debug for project psledblink ****
make pre-build main-build 
a9-linaro-pre-build-step
' '
make: Nothing to be done for 'main-build'.
21:28:24 **** Auto Build of configuration Debug for project psledblink ****
make pre-build main-build 
a9-linaro-pre-build-step
' '
'Building file: ../src/psledblink.c'
'Invoking: ARM v7 gcc compiler'
arm-none-eabi-gcc -Wall -O0 -g3 -c -fmessage-length=0 -MT"src/psledblink.o" -mcpu=cortex-a9 -mfpu=vfpv3 -mfloat-abi=hard -I../../psledblink_bsp/ps7_cortexa9_0/include -MMD -MP -MF"src/psledblink.d" -MT"src/psledblink.o" -o "src/psledblink.o" "../src/psledblink.c"
'Finished building: ../src/psledblink.c'
' '
'Building target: psledblink.elf'
'Invoking: ARM v7 gcc linker'
arm-none-eabi-gcc -mcpu=cortex-a9 -mfpu=vfpv3 -mfloat-abi=hard -Wl,-build-id=none -specs=Xilinx.spec -Wl,-T -Wl,../src/lscript.ld -L../../psledblink_bsp/ps7_cortexa9_0/lib -o "psledblink.elf"  ./src/platform.o ./src/psledblink.o   -Wl,--start-group,-lxil,-lgcc,-lc,--end-group
'Finished building target: psledblink.elf'
' '
'Invoking: ARM v7 Print Size'
arm-none-eabi-size psledblink.elf  |tee "psledblink.elf.size"
   text	   data	    bss	    dec	    hex	filename
  19068	   1144	  22568	  42780	   a71c	psledblink.elf
'Finished building: psledblink.elf.size'
' '
21:28:29 **** Incremental Build of configuration Debug for project psledblink ****
make pre-build main-build 
a9-linaro-pre-build-step
' '
make: Nothing to be done for 'main-build'.
21:30:27 **** Auto Build of configuration Debug for project psledblink ****
make pre-build main-build 
a9-linaro-pre-build-step
' '
'Building file: ../src/psledblink.c'
'Invoking: ARM v7 gcc compiler'
arm-none-eabi-gcc -Wall -O0 -g3 -c -fmessage-length=0 -MT"src/psledblink.o" -mcpu=cortex-a9 -mfpu=vfpv3 -mfloat-abi=hard -I../../psledblink_bsp/ps7_cortexa9_0/include -MMD -MP -MF"src/psledblink.d" -MT"src/psledblink.o" -o "src/psledblink.o" "../src/psledblink.c"
'Finished building: ../src/psledblink.c'
' '
'Building target: psledblink.elf'
'Invoking: ARM v7 gcc linker'
arm-none-eabi-gcc -mcpu=cortex-a9 -mfpu=vfpv3 -mfloat-abi=hard -Wl,-build-id=none -specs=Xilinx.spec -Wl,-T -Wl,../src/lscript.ld -L../../psledblink_bsp/ps7_cortexa9_0/lib -o "psledblink.elf"  ./src/platform.o ./src/psledblink.o   -Wl,--start-group,-lxil,-lgcc,-lc,--end-group
'Finished building target: psledblink.elf'
' '
'Invoking: ARM v7 Print Size'
arm-none-eabi-size psledblink.elf  |tee "psledblink.elf.size"
   text	   data	    bss	    dec	    hex	filename
  19068	   1144	  22568	  42780	   a71c	psledblink.elf
'Finished building: psledblink.elf.size'
' '
21:30:45 **** Incremental Build of configuration Debug for project psledblink ****
make pre-build main-build 
a9-linaro-pre-build-step
' '
make: Nothing to be done for 'main-build'.
21:31:29 **** Incremental Build of configuration Debug for project psledblink ****
make pre-build main-build 
a9-linaro-pre-build-step
' '
make: Nothing to be done for 'main-build'.
21:32:10 **** Incremental Build of configuration Debug for project psledblink ****
make pre-build main-build 
a9-linaro-pre-build-step
' '
make: Nothing to be done for 'main-build'.
21:33:29 **** Incremental Build of configuration Debug for project psledblink ****
make pre-build main-build 
a9-linaro-pre-build-step
' '
make: Nothing to be done for 'main-build'.
21:38:36 **** Incremental Build of configuration Debug for project psledblink ****
make pre-build main-build 
a9-linaro-pre-build-step
' '
make: Nothing to be done for 'main-build'.
