23:30:17 **** Auto Build of configuration Debug for project ledblink ****
make pre-build main-build 
a9-linaro-pre-build-step
' '
'Building file: ../src/ledblink.c'
'Invoking: ARM v7 gcc compiler'
arm-none-eabi-gcc -Wall -O0 -g3 -c -fmessage-length=0 -MT"src/ledblink.o" -mcpu=cortex-a9 -mfpu=vfpv3 -mfloat-abi=hard -I../../ledblink_bsp/ps7_cortexa9_0/include -MMD -MP -MF"src/ledblink.d" -MT"src/ledblink.o" -o "src/ledblink.o" "../src/ledblink.c"
'Finished building: ../src/ledblink.c'
' '
'Building target: ledblink.elf'
'Invoking: ARM v7 gcc linker'
arm-none-eabi-gcc -mcpu=cortex-a9 -mfpu=vfpv3 -mfloat-abi=hard -Wl,-build-id=none -specs=Xilinx.spec -Wl,-T -Wl,../src/lscript.ld -L../../ledblink_bsp/ps7_cortexa9_0/lib -o "ledblink.elf"  ./src/ledblink.o ./src/platform.o   -Wl,--start-group,-lxil,-lgcc,-lc,--end-group
'Finished building target: ledblink.elf'
' '
'Invoking: ARM v7 Print Size'
arm-none-eabi-size ledblink.elf  |tee "ledblink.elf.size"
   text	   data	    bss	    dec	    hex	filename
  19040	   1144	  22568	  42752	   a700	ledblink.elf
'Finished building: ledblink.elf.size'
' '

23:30:19 Build Finished (took 1s.999ms)

